Archive member included to satisfy reference by file (symbol)

c:/progra~2/gnuarm~1/102021~1.10/bin/../lib/gcc/arm-none-eabi/10.3.1/thumb/v7e-m+fp/hard\libgcc.a(_aeabi_uldivmod.o)
                              CMakeFiles/GD32F303.elf.dir/lvgl/lvgl/src/misc/lv_printf.c.obj (__aeabi_uldivmod)
c:/progra~2/gnuarm~1/102021~1.10/bin/../lib/gcc/arm-none-eabi/10.3.1/thumb/v7e-m+fp/hard\libgcc.a(_udivmoddi4.o)
                              c:/progra~2/gnuarm~1/102021~1.10/bin/../lib/gcc/arm-none-eabi/10.3.1/thumb/v7e-m+fp/hard\libgcc.a(_aeabi_uldivmod.o) (__udivmoddi4)
c:/progra~2/gnuarm~1/102021~1.10/bin/../lib/gcc/arm-none-eabi/10.3.1/thumb/v7e-m+fp/hard\libgcc.a(_dvmd_tls.o)
                              c:/progra~2/gnuarm~1/102021~1.10/bin/../lib/gcc/arm-none-eabi/10.3.1/thumb/v7e-m+fp/hard\libgcc.a(_aeabi_uldivmod.o) (__aeabi_ldiv0)
c:/progra~2/gnuarm~1/102021~1.10/bin/../lib/gcc/arm-none-eabi/10.3.1/../../../../arm-none-eabi/lib/thumb/v7e-m+fp/hard\libg.a(lib_a-exit.o)
                              c:/progra~2/gnuarm~1/102021~1.10/bin/../lib/gcc/arm-none-eabi/10.3.1/../../../../arm-none-eabi/lib/thumb/v7e-m+fp/hard/crt0.o (exit)
c:/progra~2/gnuarm~1/102021~1.10/bin/../lib/gcc/arm-none-eabi/10.3.1/../../../../arm-none-eabi/lib/thumb/v7e-m+fp/hard\libg.a(lib_a-impure.o)
                              c:/progra~2/gnuarm~1/102021~1.10/bin/../lib/gcc/arm-none-eabi/10.3.1/../../../../arm-none-eabi/lib/thumb/v7e-m+fp/hard\libg.a(lib_a-exit.o) (_global_impure_ptr)
c:/progra~2/gnuarm~1/102021~1.10/bin/../lib/gcc/arm-none-eabi/10.3.1/../../../../arm-none-eabi/lib/thumb/v7e-m+fp/hard\libg.a(lib_a-init.o)
                              c:/progra~2/gnuarm~1/102021~1.10/bin/../lib/gcc/arm-none-eabi/10.3.1/../../../../arm-none-eabi/lib/thumb/v7e-m+fp/hard/crt0.o (__libc_init_array)
c:/progra~2/gnuarm~1/102021~1.10/bin/../lib/gcc/arm-none-eabi/10.3.1/../../../../arm-none-eabi/lib/thumb/v7e-m+fp/hard\libg.a(lib_a-memcmp.o)
                              CMakeFiles/GD32F303.elf.dir/FatFS/ff.c.obj (memcmp)
c:/progra~2/gnuarm~1/102021~1.10/bin/../lib/gcc/arm-none-eabi/10.3.1/../../../../arm-none-eabi/lib/thumb/v7e-m+fp/hard\libg.a(lib_a-memcpy.o)
                              CMakeFiles/GD32F303.elf.dir/FatFS/ff.c.obj (memcpy)
c:/progra~2/gnuarm~1/102021~1.10/bin/../lib/gcc/arm-none-eabi/10.3.1/../../../../arm-none-eabi/lib/thumb/v7e-m+fp/hard\libg.a(lib_a-memmove.o)
                              CMakeFiles/GD32F303.elf.dir/Device_Drivers_Layer/si24r1/si24r1_master_drv.cpp.obj (memmove)
c:/progra~2/gnuarm~1/102021~1.10/bin/../lib/gcc/arm-none-eabi/10.3.1/../../../../arm-none-eabi/lib/thumb/v7e-m+fp/hard\libg.a(lib_a-memset.o)
                              c:/progra~2/gnuarm~1/102021~1.10/bin/../lib/gcc/arm-none-eabi/10.3.1/../../../../arm-none-eabi/lib/thumb/v7e-m+fp/hard/crt0.o (memset)
c:/progra~2/gnuarm~1/102021~1.10/bin/../lib/gcc/arm-none-eabi/10.3.1/../../../../arm-none-eabi/lib/thumb/v7e-m+fp/hard\libg.a(lib_a-strchr.o)
                              CMakeFiles/GD32F303.elf.dir/FatFS/ff.c.obj (strchr)
c:/progra~2/gnuarm~1/102021~1.10/bin/../lib/gcc/arm-none-eabi/10.3.1/../../../../arm-none-eabi/lib/thumb/v7e-m+fp/hard\libg.a(lib_a-strcmp.o)
                              CMakeFiles/GD32F303.elf.dir/USER/remote_control_gui.cpp.obj (strcmp)
c:/progra~2/gnuarm~1/102021~1.10/bin/../lib/gcc/arm-none-eabi/10.3.1/../../../../arm-none-eabi/lib/thumb/v7e-m+fp/hard\libg.a(lib_a-strcpy.o)
                              CMakeFiles/GD32F303.elf.dir/lvgl/lvgl/src/draw/lv_img_decoder.c.obj (strcpy)
c:/progra~2/gnuarm~1/102021~1.10/bin/../lib/gcc/arm-none-eabi/10.3.1/../../../../arm-none-eabi/lib/thumb/v7e-m+fp/hard\libg.a(lib_a-strlen.o)
                              CMakeFiles/GD32F303.elf.dir/lvgl/lvgl/src/draw/lv_img_decoder.c.obj (strlen)
c:/progra~2/gnuarm~1/102021~1.10/bin/../lib/gcc/arm-none-eabi/10.3.1/../../../../arm-none-eabi/lib/thumb/v7e-m+fp/hard\libg.a(lib_a-strncmp.o)
                              CMakeFiles/GD32F303.elf.dir/lvgl/lvgl/src/extra/libs/gif/gifdec.c.obj (strncmp)
c:/progra~2/gnuarm~1/102021~1.10/bin/../lib/gcc/arm-none-eabi/10.3.1/../../../../arm-none-eabi/lib/thumb/v7e-m+fp/hard\libg.a(lib_a-__call_atexit.o)
                              c:/progra~2/gnuarm~1/102021~1.10/bin/../lib/gcc/arm-none-eabi/10.3.1/../../../../arm-none-eabi/lib/thumb/v7e-m+fp/hard\libg.a(lib_a-exit.o) (__call_exitprocs)
c:/progra~2/gnuarm~1/102021~1.10/bin/../lib/gcc/arm-none-eabi/10.3.1/../../../../arm-none-eabi/lib/thumb/v7e-m+fp/hard\libg.a(lib_a-atexit.o)
                              c:/progra~2/gnuarm~1/102021~1.10/bin/../lib/gcc/arm-none-eabi/10.3.1/../../../../arm-none-eabi/lib/thumb/v7e-m+fp/hard\libg.a(lib_a-__call_atexit.o) (atexit)
c:/progra~2/gnuarm~1/102021~1.10/bin/../lib/gcc/arm-none-eabi/10.3.1/../../../../arm-none-eabi/lib/thumb/v7e-m+fp/hard\libg.a(lib_a-fini.o)
[...]
Memory Configuration

Name             Origin             Length             Attributes
FLASH            0x08000000         0x00040000         xr
RAM              0x20000000         0x00018000         xrw
CCMRAM           0x10000000         0x00002000         rw
*default*        0x00000000         0xffffffff

Linker script and memory map

LOAD c:/progra~2/gnuarm~1/102021~1.10/bin/../lib/gcc/arm-none-eabi/10.3.1/thumb/v7e-m+fp/hard/crti.o
LOAD c:/progra~2/gnuarm~1/102021~1.10/bin/../lib/gcc/arm-none-eabi/10.3.1/thumb/v7e-m+fp/hard/crtbegin.o
LOAD c:/progra~2/gnuarm~1/102021~1.10/bin/../lib/gcc/arm-none-eabi/10.3.1/../../../../arm-none-eabi/lib/thumb/v7e-m+fp/hard/crt0.o
LOAD CMakeFiles/GD32F303.elf.dir/Device_Drivers_Layer/Flash/W25Q.cpp.obj
LOAD CMakeFiles/GD32F303.elf.dir/Device_Drivers_Layer/Flash/flash_base.cpp.obj
LOAD CMakeFiles/GD32F303.elf.dir/Device_Drivers_Layer/battery_testing_drv.cpp.obj
LOAD CMakeFiles/GD32F303.elf.dir/Device_Drivers_Layer/button_drv.cpp.obj
LOAD CMakeFiles/GD32F303.elf.dir/Device_Drivers_Layer/remote_pole_dev.cpp.obj
LOAD CMakeFiles/GD32F303.elf.dir/Device_Drivers_Layer/si24r1/si24r1_drv.cpp.obj
LOAD CMakeFiles/GD32F303.elf.dir/Device_Drivers_Layer/si24r1/si24r1_master_drv.cpp.obj
LOAD CMakeFiles/GD32F303.elf.dir/Device_Drivers_Layer/si24r1/si24r1_slave_drv.cpp.obj
LOAD CMakeFiles/GD32F303.elf.dir/Device_Drivers_Layer/st7789_drv.cpp.obj
LOAD CMakeFiles/GD32F303.elf.dir/FatFS/diskio.c.obj
LOAD CMakeFiles/GD32F303.elf.dir/FatFS/ff.c.obj
LOAD CMakeFiles/GD32F303.elf.dir/FatFS/ffunicode.c.obj
LOAD CMakeFiles/GD32F303.elf.dir/FreeRTOS/Source/CMSIS_RTOS_V2/cmsis_os2.c.obj
LOAD CMakeFiles/GD32F303.elf.dir/FreeRTOS/Source/croutine.c.obj
LOAD CMakeFiles/GD32F303.elf.dir/FreeRTOS/Source/event_groups.c.obj
LOAD CMakeFiles/GD32F303.elf.dir/FreeRTOS/Source/list.c.obj
LOAD CMakeFiles/GD32F303.elf.dir/FreeRTOS/Source/portable/GCC/ARM_CM4F/port.c.obj
LOAD CMakeFiles/GD32F303.elf.dir/FreeRTOS/Source/portable/MemMang/heap_4.c.obj
LOAD CMakeFiles/GD32F303.elf.dir/FreeRTOS/Source/queue.c.obj
LOAD CMakeFiles/GD32F303.elf.dir/FreeRTOS/Source/stream_buffer.c.obj
LOAD CMakeFiles/GD32F303.elf.dir/FreeRTOS/Source/tasks.c.obj
LOAD CMakeFiles/GD32F303.elf.dir/FreeRTOS/Source/timers.c.obj
LOAD CMakeFiles/GD32F303.elf.dir/GD32F30x_standard_peripheral/Source/gd32f30x_adc.c.obj
LOAD CMakeFiles/GD32F303.elf.dir/GD32F30x_standard_peripheral/Source/gd32f30x_bkp.c.obj
LOAD CMakeFiles/GD32F303.elf.dir/GD32F30x_standard_peripheral/Source/gd32f30x_can.c.obj
LOAD CMakeFiles/GD32F303.elf.dir/GD32F30x_standard_peripheral/Source/gd32f30x_crc.c.obj
LOAD CMakeFiles/GD32F303.elf.dir/GD32F30x_standard_peripheral/Source/gd32f30x_ctc.c.obj
LOAD CMakeFiles/GD32F303.elf.dir/GD32F30x_standard_peripheral/Source/gd32f30x_dac.c.obj
LOAD CMakeFiles/GD32F303.elf.dir/GD32F30x_standard_peripheral/Source/gd32f30x_dbg.c.obj
LOAD CMakeFiles/GD32F303.elf.dir/GD32F30x_standard_peripheral/Source/gd32f30x_dma.c.obj
LOAD CMakeFiles/GD32F303.elf.dir/GD32F30x_standard_peripheral/Source/gd32f30x_enet.c.obj
LOAD CMakeFiles/GD32F303.elf.dir/GD32F30x_standard_peripheral/Source/gd32f30x_exmc.c.obj
LOAD CMakeFiles/GD32F303.elf.dir/GD32F30x_standard_peripheral/Source/gd32f30x_exti.c.obj
LOAD CMakeFiles/GD32F303.elf.dir/GD32F30x_standard_peripheral/Source/gd32f30x_fmc.c.obj
LOAD CMakeFiles/GD32F303.elf.dir/GD32F30x_standard_peripheral/Source/gd32f30x_fwdgt.c.obj
LOAD CMakeFiles/GD32F303.elf.dir/GD32F30x_standard_peripheral/Source/gd32f30x_gpio.c.obj
LOAD CMakeFiles/GD32F303.elf.dir/GD32F30x_standard_peripheral/Source/gd32f30x_i2c.c.obj
LOAD CMakeFiles/GD32F303.elf.dir/GD32F30x_standard_peripheral/Source/gd32f30x_misc.c.obj
LOAD CMakeFiles/GD32F303.elf.dir/GD32F30x_standard_peripheral/Source/gd32f30x_pmu.c.obj
LOAD CMakeFiles/GD32F303.elf.dir/GD32F30x_standard_peripheral/Source/gd32f30x_rcu.c.obj
LOAD CMakeFiles/GD32F303.elf.dir/GD32F30x_standard_peripheral/Source/gd32f30x_rtc.c.obj
LOAD CMakeFiles/GD32F303.elf.dir/GD32F30x_standard_peripheral/Source/gd32f30x_sdio.c.obj
LOAD CMakeFiles/GD32F303.elf.dir/GD32F30x_standard_peripheral/Source/gd32f30x_spi.c.obj
LOAD CMakeFiles/GD32F303.elf.dir/GD32F30x_standard_peripheral/Source/gd32f30x_timer.c.obj
LOAD CMakeFiles/GD32F303.elf.dir/GD32F30x_standard_peripheral/Source/gd32f30x_usart.c.obj
LOAD CMakeFiles/GD32F303.elf.dir/GD32F30x_standard_peripheral/Source/gd32f30x_wwdgt.c.obj
LOAD CMakeFiles/GD32F303.elf.dir/Hardware_Abstraction_Layer/adc_hal.cpp.obj
LOAD CMakeFiles/GD32F303.elf.dir/Hardware_Abstraction_Layer/dma_hal.cpp.obj
LOAD CMakeFiles/GD32F303.elf.dir/Hardware_Abstraction_Layer/exti_hal.cpp.obj
LOAD CMakeFiles/GD32F303.elf.dir/Hardware_Abstraction_Layer/gpio_hal.cpp.obj
LOAD CMakeFiles/GD32F303.elf.dir/Hardware_Abstraction_Layer/pwm_hal.cpp.obj
LOAD CMakeFiles/GD32F303.elf.dir/Hardware_Abstraction_Layer/spi_hal.cpp.obj
LOAD CMakeFiles/GD32F303.elf.dir/Hardware_Abstraction_Layer/timer_hal.cpp.obj
LOAD CMakeFiles/GD32F303.elf.dir/Hardware_Abstraction_Layer/usart_hal.cpp.obj
LOAD CMakeFiles/GD32F303.elf.dir/Software/Source/RingBuffer.cpp.obj
LOAD CMakeFiles/GD32F303.elf.dir/Software/Source/System_time.c.obj
LOAD CMakeFiles/GD32F303.elf.dir/Startup/gd32f30x_it.c.obj
LOAD CMakeFiles/GD32F303.elf.dir/Startup/system_gd32f30x.c.obj
LOAD CMakeFiles/GD32F303.elf.dir/USB/class/device/msc/Source/usbd_msc_bbb.c.obj
LOAD CMakeFiles/GD32F303.elf.dir/USB/class/device/msc/Source/usbd_msc_core.c.obj
LOAD CMakeFiles/GD32F303.elf.dir/USB/class/device/msc/Source/usbd_msc_scsi.c.obj
LOAD CMakeFiles/GD32F303.elf.dir/USB/device/Source/usbd_core.c.obj
LOAD CMakeFiles/GD32F303.elf.dir/USB/device/Source/usbd_enum.c.obj
LOAD CMakeFiles/GD32F303.elf.dir/USB/device/Source/usbd_pwr.c.obj
LOAD CMakeFiles/GD32F303.elf.dir/USB/device/Source/usbd_transc.c.obj
LOAD CMakeFiles/GD32F303.elf.dir/USB/msc_udisk/src/gd32f30x_usbd_hw.c.obj
LOAD CMakeFiles/GD32F303.elf.dir/USB/msc_udisk/src/internal_flash_if.c.obj
LOAD CMakeFiles/GD32F303.elf.dir/USB/msc_udisk/src/msc_mem.c.obj
LOAD CMakeFiles/GD32F303.elf.dir/USB/usbd/Source/usbd_lld_core.c.obj
LOAD CMakeFiles/GD32F303.elf.dir/USB/usbd/Source/usbd_lld_int.c.obj
LOAD CMakeFiles/GD32F303.elf.dir/USER/main.c.obj
LOAD CMakeFiles/GD32F303.elf.dir/USER/main.cpp.obj
LOAD CMakeFiles/GD32F303.elf.dir/USER/remote_control_gui.cpp.obj
LOAD CMakeFiles/GD32F303.elf.dir/lvgl/lvgl/porting/lv_port_disp.c.obj
LOAD CMakeFiles/GD32F303.elf.dir/lvgl/lvgl/porting/lv_port_fs.c.obj
LOAD CMakeFiles/GD32F303.elf.dir/lvgl/lvgl/porting/lv_port_indev.c.obj
LOAD CMakeFiles/GD32F303.elf.dir/lvgl/lvgl/src/core/lv_disp.c.obj
LOAD CMakeFiles/GD32F303.elf.dir/lvgl/lvgl/src/core/lv_event.c.obj
LOAD CMakeFiles/GD32F303.elf.dir/lvgl/lvgl/src/core/lv_group.c.obj
LOAD CMakeFiles/GD32F303.elf.dir/lvgl/lvgl/src/core/lv_indev.c.obj
LOAD CMakeFiles/GD32F303.elf.dir/lvgl/lvgl/src/core/lv_indev_scroll.c.obj
LOAD CMakeFiles/GD32F303.elf.dir/lvgl/lvgl/src/core/lv_obj.c.obj
LOAD CMakeFiles/GD32F303.elf.dir/lvgl/lvgl/src/core/lv_obj_class.c.obj
LOAD CMakeFiles/GD32F303.elf.dir/lvgl/lvgl/src/core/lv_obj_draw.c.obj
LOAD CMakeFiles/GD32F303.elf.dir/lvgl/lvgl/src/core/lv_obj_pos.c.obj
LOAD CMakeFiles/GD32F303.elf.dir/lvgl/lvgl/src/core/lv_obj_scroll.c.obj
LOAD CMakeFiles/GD32F303.elf.dir/lvgl/lvgl/src/core/lv_obj_style.c.obj
LOAD CMakeFiles/GD32F303.elf.dir/lvgl/lvgl/src/core/lv_obj_style_gen.c.obj
LOAD CMakeFiles/GD32F303.elf.dir/lvgl/lvgl/src/core/lv_obj_tree.c.obj
LOAD CMakeFiles/GD32F303.elf.dir/lvgl/lvgl/src/core/lv_refr.c.obj
LOAD CMakeFiles/GD32F303.elf.dir/lvgl/lvgl/src/core/lv_theme.c.obj
LOAD CMakeFiles/GD32F303.elf.dir/lvgl/lvgl/src/draw/lv_draw_arc.c.obj
LOAD CMakeFiles/GD32F303.elf.dir/lvgl/lvgl/src/draw/lv_draw_blend.c.obj
LOAD CMakeFiles/GD32F303.elf.dir/lvgl/lvgl/src/draw/lv_draw_img.c.obj
LOAD CMakeFiles/GD32F303.elf.dir/lvgl/lvgl/src/draw/lv_draw_label.c.obj
LOAD CMakeFiles/GD32F303.elf.dir/lvgl/lvgl/src/draw/lv_draw_line.c.obj
LOAD CMakeFiles/GD32F303.elf.dir/lvgl/lvgl/src/draw/lv_draw_mask.c.obj
LOAD CMakeFiles/GD32F303.elf.dir/lvgl/lvgl/src/draw/lv_draw_rect.c.obj
LOAD CMakeFiles/GD32F303.elf.dir/lvgl/lvgl/src/draw/lv_draw_triangle.c.obj
LOAD CMakeFiles/GD32F303.elf.dir/lvgl/lvgl/src/draw/lv_img_buf.c.obj
LOAD CMakeFiles/GD32F303.elf.dir/lvgl/lvgl/src/draw/lv_img_cache.c.obj
LOAD CMakeFiles/GD32F303.elf.dir/lvgl/lvgl/src/draw/lv_img_decoder.c.obj
LOAD CMakeFiles/GD32F303.elf.dir/lvgl/lvgl/src/extra/layouts/flex/lv_flex.c.obj
LOAD CMakeFiles/GD32F303.elf.dir/lvgl/lvgl/src/extra/layouts/grid/lv_grid.c.obj
LOAD CMakeFiles/GD32F303.elf.dir/lvgl/lvgl/src/extra/libs/gif/gifdec.c.obj
LOAD CMakeFiles/GD32F303.elf.dir/lvgl/lvgl/src/extra/libs/gif/lv_gif.c.obj
LOAD CMakeFiles/GD32F303.elf.dir/lvgl/lvgl/src/extra/lv_extra.c.obj
LOAD CMakeFiles/GD32F303.elf.dir/lvgl/lvgl/src/extra/themes/basic/lv_theme_basic.c.obj
LOAD CMakeFiles/GD32F303.elf.dir/lvgl/lvgl/src/extra/themes/default/lv_theme_default.c.obj
LOAD CMakeFiles/GD32F303.elf.dir/lvgl/lvgl/src/extra/themes/mono/lv_theme_mono.c.obj
LOAD CMakeFiles/GD32F303.elf.dir/lvgl/lvgl/src/extra/widgets/animimg/lv_animimg.c.obj
LOAD CMakeFiles/GD32F303.elf.dir/lvgl/lvgl/src/extra/widgets/calendar/lv_calendar.c.obj
LOAD CMakeFiles/GD32F303.elf.dir/lvgl/lvgl/src/extra/widgets/calendar/lv_calendar_header_arrow.c.obj
LOAD CMakeFiles/GD32F303.elf.dir/lvgl/lvgl/src/extra/widgets/calendar/lv_calendar_header_dropdown.c.obj
LOAD CMakeFiles/GD32F303.elf.dir/lvgl/lvgl/src/extra/widgets/chart/lv_chart.c.obj
LOAD CMakeFiles/GD32F303.elf.dir/lvgl/lvgl/src/extra/widgets/colorwheel/lv_colorwheel.c.obj
LOAD CMakeFiles/GD32F303.elf.dir/lvgl/lvgl/src/extra/widgets/imgbtn/lv_imgbtn.c.obj
LOAD CMakeFiles/GD32F303.elf.dir/lvgl/lvgl/src/extra/widgets/keyboard/lv_keyboard.c.obj
LOAD CMakeFiles/GD32F303.elf.dir/lvgl/lvgl/src/extra/widgets/led/lv_led.c.obj
LOAD CMakeFiles/GD32F303.elf.dir/lvgl/lvgl/src/extra/widgets/list/lv_list.c.obj
LOAD CMakeFiles/GD32F303.elf.dir/lvgl/lvgl/src/extra/widgets/meter/lv_meter.c.obj
LOAD CMakeFiles/GD32F303.elf.dir/lvgl/lvgl/src/extra/widgets/msgbox/lv_msgbox.c.obj
LOAD CMakeFiles/GD32F303.elf.dir/lvgl/lvgl/src/extra/widgets/span/lv_span.c.obj
LOAD CMakeFiles/GD32F303.elf.dir/lvgl/lvgl/src/extra/widgets/spinbox/lv_spinbox.c.obj
LOAD CMakeFiles/GD32F303.elf.dir/lvgl/lvgl/src/extra/widgets/spinner/lv_spinner.c.obj
LOAD CMakeFiles/GD32F303.elf.dir/lvgl/lvgl/src/extra/widgets/tabview/lv_tabview.c.obj
LOAD CMakeFiles/GD32F303.elf.dir/lvgl/lvgl/src/extra/widgets/tileview/lv_tileview.c.obj
LOAD CMakeFiles/GD32F303.elf.dir/lvgl/lvgl/src/extra/widgets/win/lv_win.c.obj
LOAD CMakeFiles/GD32F303.elf.dir/lvgl/lvgl/src/font/lv_font.c.obj
LOAD CMakeFiles/GD32F303.elf.dir/lvgl/lvgl/src/font/lv_font_dejavu_16_persian_hebrew.c.obj
LOAD CMakeFiles/GD32F303.elf.dir/lvgl/lvgl/src/font/lv_font_fmt_txt.c.obj
LOAD CMakeFiles/GD32F303.elf.dir/lvgl/lvgl/src/font/lv_font_loader.c.obj
LOAD CMakeFiles/GD32F303.elf.dir/lvgl/lvgl/src/font/lv_font_montserrat_10.c.obj
LOAD CMakeFiles/GD32F303.elf.dir/lvgl/lvgl/src/font/lv_font_montserrat_12.c.obj
LOAD CMakeFiles/GD32F303.elf.dir/lvgl/lvgl/src/font/lv_font_montserrat_12_subpx.c.obj
LOAD CMakeFiles/GD32F303.elf.dir/lvgl/lvgl/src/font/lv_font_montserrat_14.c.obj
LOAD CMakeFiles/GD32F303.elf.dir/lvgl/lvgl/src/font/lv_font_montserrat_16.c.obj
LOAD CMakeFiles/GD32F303.elf.dir/lvgl/lvgl/src/font/lv_font_montserrat_18.c.obj
LOAD CMakeFiles/GD32F303.elf.dir/lvgl/lvgl/src/font/lv_font_montserrat_20.c.obj
LOAD CMakeFiles/GD32F303.elf.dir/lvgl/lvgl/src/font/lv_font_montserrat_22.c.obj
LOAD CMakeFiles/GD32F303.elf.dir/lvgl/lvgl/src/font/lv_font_montserrat_24.c.obj
LOAD CMakeFiles/GD32F303.elf.dir/lvgl/lvgl/src/font/lv_font_montserrat_26.c.obj
LOAD CMakeFiles/GD32F303.elf.dir/lvgl/lvgl/src/font/lv_font_montserrat_28.c.obj
LOAD CMakeFiles/GD32F303.elf.dir/lvgl/lvgl/src/font/lv_font_montserrat_28_compressed.c.obj
LOAD CMakeFiles/GD32F303.elf.dir/lvgl/lvgl/src/font/lv_font_montserrat_30.c.obj
LOAD CMakeFiles/GD32F303.elf.dir/lvgl/lvgl/src/font/lv_font_montserrat_32.c.obj
LOAD CMakeFiles/GD32F303.elf.dir/lvgl/lvgl/src/font/lv_font_montserrat_34.c.obj
LOAD CMakeFiles/GD32F303.elf.dir/lvgl/lvgl/src/font/lv_font_montserrat_36.c.obj
LOAD CMakeFiles/GD32F303.elf.dir/lvgl/lvgl/src/font/lv_font_montserrat_38.c.obj
LOAD CMakeFiles/GD32F303.elf.dir/lvgl/lvgl/src/font/lv_font_montserrat_40.c.obj
LOAD CMakeFiles/GD32F303.elf.dir/lvgl/lvgl/src/font/lv_font_montserrat_42.c.obj
LOAD CMakeFiles/GD32F303.elf.dir/lvgl/lvgl/src/font/lv_font_montserrat_44.c.obj
LOAD CMakeFiles/GD32F303.elf.dir/lvgl/lvgl/src/font/lv_font_montserrat_46.c.obj
LOAD CMakeFiles/GD32F303.elf.dir/lvgl/lvgl/src/font/lv_font_montserrat_48.c.obj
LOAD CMakeFiles/GD32F303.elf.dir/lvgl/lvgl/src/font/lv_font_montserrat_8.c.obj
LOAD CMakeFiles/GD32F303.elf.dir/lvgl/lvgl/src/font/lv_font_simsun_16_cjk.c.obj
LOAD CMakeFiles/GD32F303.elf.dir/lvgl/lvgl/src/font/lv_font_unscii_16.c.obj
LOAD CMakeFiles/GD32F303.elf.dir/lvgl/lvgl/src/font/lv_font_unscii_8.c.obj
LOAD CMakeFiles/GD32F303.elf.dir/lvgl/lvgl/src/hal/lv_hal_disp.c.obj
LOAD CMakeFiles/GD32F303.elf.dir/lvgl/lvgl/src/hal/lv_hal_indev.c.obj
LOAD CMakeFiles/GD32F303.elf.dir/lvgl/lvgl/src/hal/lv_hal_tick.c.obj
LOAD CMakeFiles/GD32F303.elf.dir/lvgl/lvgl/src/misc/lv_anim.c.obj
LOAD CMakeFiles/GD32F303.elf.dir/lvgl/lvgl/src/misc/lv_area.c.obj
LOAD CMakeFiles/GD32F303.elf.dir/lvgl/lvgl/src/misc/lv_async.c.obj
LOAD CMakeFiles/GD32F303.elf.dir/lvgl/lvgl/src/misc/lv_bidi.c.obj
LOAD CMakeFiles/GD32F303.elf.dir/lvgl/lvgl/src/misc/lv_color.c.obj
LOAD CMakeFiles/GD32F303.elf.dir/lvgl/lvgl/src/misc/lv_fs.c.obj
LOAD CMakeFiles/GD32F303.elf.dir/lvgl/lvgl/src/misc/lv_gc.c.obj
LOAD CMakeFiles/GD32F303.elf.dir/lvgl/lvgl/src/misc/lv_ll.c.obj
LOAD CMakeFiles/GD32F303.elf.dir/lvgl/lvgl/src/misc/lv_log.c.obj
LOAD CMakeFiles/GD32F303.elf.dir/lvgl/lvgl/src/misc/lv_math.c.obj
LOAD CMakeFiles/GD32F303.elf.dir/lvgl/lvgl/src/misc/lv_mem.c.obj
LOAD CMakeFiles/GD32F303.elf.dir/lvgl/lvgl/src/misc/lv_printf.c.obj
LOAD CMakeFiles/GD32F303.elf.dir/lvgl/lvgl/src/misc/lv_style.c.obj
LOAD CMakeFiles/GD32F303.elf.dir/lvgl/lvgl/src/misc/lv_style_gen.c.obj
LOAD CMakeFiles/GD32F303.elf.dir/lvgl/lvgl/src/misc/lv_templ.c.obj
LOAD CMakeFiles/GD32F303.elf.dir/lvgl/lvgl/src/misc/lv_timer.c.obj
LOAD CMakeFiles/GD32F303.elf.dir/lvgl/lvgl/src/misc/lv_tlsf.c.obj
LOAD CMakeFiles/GD32F303.elf.dir/lvgl/lvgl/src/misc/lv_txt.c.obj
LOAD CMakeFiles/GD32F303.elf.dir/lvgl/lvgl/src/misc/lv_txt_ap.c.obj
LOAD CMakeFiles/GD32F303.elf.dir/lvgl/lvgl/src/misc/lv_utils.c.obj
LOAD CMakeFiles/GD32F303.elf.dir/lvgl/lvgl/src/widgets/lv_arc.c.obj
LOAD CMakeFiles/GD32F303.elf.dir/lvgl/lvgl/src/widgets/lv_bar.c.obj
LOAD CMakeFiles/GD32F303.elf.dir/lvgl/lvgl/src/widgets/lv_btn.c.obj
LOAD CMakeFiles/GD32F303.elf.dir/lvgl/lvgl/src/widgets/lv_btnmatrix.c.obj
LOAD CMakeFiles/GD32F303.elf.dir/lvgl/lvgl/src/widgets/lv_canvas.c.obj
LOAD CMakeFiles/GD32F303.elf.dir/lvgl/lvgl/src/widgets/lv_checkbox.c.obj
LOAD CMakeFiles/GD32F303.elf.dir/lvgl/lvgl/src/widgets/lv_dropdown.c.obj
LOAD CMakeFiles/GD32F303.elf.dir/lvgl/lvgl/src/widgets/lv_img.c.obj
LOAD CMakeFiles/GD32F303.elf.dir/lvgl/lvgl/src/widgets/lv_label.c.obj
LOAD CMakeFiles/GD32F303.elf.dir/lvgl/lvgl/src/widgets/lv_line.c.obj
LOAD CMakeFiles/GD32F303.elf.dir/lvgl/lvgl/src/widgets/lv_objx_templ.c.obj
LOAD CMakeFiles/GD32F303.elf.dir/lvgl/lvgl/src/widgets/lv_roller.c.obj
LOAD CMakeFiles/GD32F303.elf.dir/lvgl/lvgl/src/widgets/lv_slider.c.obj
LOAD CMakeFiles/GD32F303.elf.dir/lvgl/lvgl/src/widgets/lv_switch.c.obj
LOAD CMakeFiles/GD32F303.elf.dir/lvgl/lvgl/src/widgets/lv_table.c.obj
LOAD CMakeFiles/GD32F303.elf.dir/lvgl/lvgl/src/widgets/lv_textarea.c.obj
LOAD CMakeFiles/GD32F303.elf.dir/startup_gd32f30x_hd.s.obj
LOAD c:/progra~2/gnuarm~1/102021~1.10/bin/../lib/gcc/arm-none-eabi/10.3.1/../../../../arm-none-eabi/lib/thumb/v7e-m+fp/hard\libstdc++.a
LOAD c:/progra~2/gnuarm~1/102021~1.10/bin/../lib/gcc/arm-none-eabi/10.3.1/../../../../arm-none-eabi/lib/thumb/v7e-m+fp/hard\libm.a
START GROUP
LOAD c:/progra~2/gnuarm~1/102021~1.10/bin/../lib/gcc/arm-none-eabi/10.3.1/thumb/v7e-m+fp/hard\libgcc.a
LOAD c:/progra~2/gnuarm~1/102021~1.10/bin/../lib/gcc/arm-none-eabi/10.3.1/../../../../arm-none-eabi/lib/thumb/v7e-m+fp/hard\libg.a
LOAD c:/progra~2/gnuarm~1/102021~1.10/bin/../lib/gcc/arm-none-eabi/10.3.1/../../../../arm-none-eabi/lib/thumb/v7e-m+fp/hard\libc.a
END GROUP
LOAD c:/progra~2/gnuarm~1/102021~1.10/bin/../lib/gcc/arm-none-eabi/10.3.1/thumb/v7e-m+fp/hard/crtend.o
LOAD c:/progra~2/gnuarm~1/102021~1.10/bin/../lib/gcc/arm-none-eabi/10.3.1/thumb/v7e-m+fp/hard/crtn.o
                0x20007fff                _estack = 0x20007fff
                0x00000800                _Min_Heap_Size = 0x800
                0x00001000                _Min_Stack_Size = 0x1000

.isr_vector     0x08000000      0x130
                0x08000000                . = ALIGN (0x4)
 *(.isr_vector)
 .isr_vector    0x08000000      0x130 CMakeFiles/GD32F303.elf.dir/startup_gd32f30x_hd.s.obj
                0x08000000                g_pfnVectors
                0x08000130                . = ALIGN (0x4)

.text           0x08000140    0x29038
                0x08000140                . = ALIGN (0x4)
 *(.text)
 .text          0x08000140       0x40 c:/progra~2/gnuarm~1/102021~1.10/bin/../lib/gcc/arm-none-eabi/10.3.1/thumb/v7e-m+fp/hard/crtbegin.o
 .text          0x08000180       0x30 c:/progra~2/gnuarm~1/102021~1.10/bin/../lib/gcc/arm-none-eabi/10.3.1/thumb/v7e-m+fp/hard\libgcc.a(_aeabi_uldivmod.o)
                0x08000180                __aeabi_uldivmod
 .text          0x080001b0      0x2d0 c:/progra~2/gnuarm~1/102021~1.10/bin/../lib/gcc/arm-none-eabi/10.3.1/thumb/v7e-m+fp/hard\libgcc.a(_udivmoddi4.o)
                0x080001b0                __udivmoddi4
 .text          0x08000480        0x4 c:/progra~2/gnuarm~1/102021~1.10/bin/../lib/gcc/arm-none-eabi/10.3.1/thumb/v7e-m+fp/hard\libgcc.a(_dvmd_tls.o)
                0x08000480                __aeabi_idiv0
                0x08000480                __aeabi_ldiv0
 .text          0x08000484      0x134 c:/progra~2/gnuarm~1/102021~1.10/bin/../lib/gcc/arm-none-eabi/10.3.1/../../../../arm-none-eabi/lib/thumb/v7e-m+fp/hard\libg.a(lib_a-memcpy.o)
                0x08000484                memcpy
 *fill*         0x080005b8        0x8 
 .text          0x080005c0      0x2dc c:/progra~2/gnuarm~1/102021~1.10/bin/../lib/gcc/arm-none-eabi/10.3.1/../../../../arm-none-eabi/lib/thumb/v7e-m+fp/hard\libg.a(lib_a-strcmp.o)
                0x080005c8                strcmp
 *fill*         0x0800089c       0x24 
 .text          0x080008c0       0xdc c:/progra~2/gnuarm~1/102021~1.10/bin/../lib/gcc/arm-none-eabi/10.3.1/../../../../arm-none-eabi/lib/thumb/v7e-m+fp/hard\libg.a(lib_a-strlen.o)
                0x080008c0                strlen
 *(.text*)
 .text._ZN4W25Q9W25Q_initEv
                0x0800099c       0x60 CMakeFiles/GD32F303.elf.dir/Device_Drivers_Layer/Flash/W25Q.cpp.obj
                0x0800099c                W25Q::W25Q_init()
 .text._ZN4W25Q13W25QXX_ReadSREv
                0x080009fc       0x2a CMakeFiles/GD32F303.elf.dir/Device_Drivers_Layer/Flash/W25Q.cpp.obj
                0x080009fc                W25Q::W25QXX_ReadSR()
 .text._ZN4W25Q19W25QXX_Write_EnableEv
                0x08000a26       0x1e CMakeFiles/GD32F303.elf.dir/Device_Drivers_Layer/Flash/W25Q.cpp.obj
                0x08000a26                W25Q::W25QXX_Write_Enable()
 .text._ZN4W25Q11W25QXX_ReadEPhmt
                0x08000a44       0x5a CMakeFiles/GD32F303.elf.dir/Device_Drivers_Layer/Flash/W25Q.cpp.obj
                0x08000a44                W25Q::W25QXX_Read(unsigned char*, unsigned long, unsigned short)
 .text._ZN4W25Q16W25QXX_Wait_BusyEv
                0x08000a9e       0x12 CMakeFiles/GD32F303.elf.dir/Device_Drivers_Layer/Flash/W25Q.cpp.obj
                0x08000a9e                W25Q::W25QXX_Wait_Busy()
 .text._ZN4W25Q17W25QXX_Write_PageEPhmt
                0x08000ab0       0x62 CMakeFiles/GD32F303.elf.dir/Device_Drivers_Layer/Flash/W25Q.cpp.obj
                0x08000ab0                W25Q::W25QXX_Write_Page(unsigned char*, unsigned long, unsigned short)
 .text._ZN4W25Q20W25QXX_Write_NoCheckEPhmt
                0x08000b12       0x46 CMakeFiles/GD32F303.elf.dir/Device_Drivers_Layer/Flash/W25Q.cpp.obj
                0x08000b12                W25Q::W25QXX_Write_NoCheck(unsigned char*, unsigned long, unsigned short)
 .text._ZN4W25Q19W25QXX_Erase_SectorEm
                0x08000b58       0x4e CMakeFiles/GD32F303.elf.dir/Device_Drivers_Layer/Flash/W25Q.cpp.obj
                0x08000b58                W25Q::W25QXX_Erase_Sector(unsigned long)
 *fill*         0x08000ba6        0x2 
 .text._ZN4W25Q12W25QXX_WriteEPhmt
                0x08000ba8       0xb0 CMakeFiles/GD32F303.elf.dir/Device_Drivers_Layer/Flash/W25Q.cpp.obj
                0x08000ba8                W25Q::W25QXX_Write(unsigned char*, unsigned long, unsigned short)
 .text._ZN19battery_testing_drv20battery_testing_initEv
                0x08000c58       0x40 CMakeFiles/GD32F303.elf.dir/Device_Drivers_Layer/battery_testing_drv.cpp.obj
                0x08000c58                battery_testing_drv::battery_testing_init()
 .text._ZN19battery_testing_drv16get_batter_levelEv
                0x08000c98        0x6 CMakeFiles/GD32F303.elf.dir/Device_Drivers_Layer/battery_testing_drv.cpp.obj
                0x08000c98                battery_testing_drv::get_batter_level()
 *fill*         0x08000c9e        0x2 
 .text._ZN19battery_testing_drv20battery_testing_tickEv
                0x08000ca0       0x44 CMakeFiles/GD32F303.elf.dir/Device_Drivers_Layer/battery_testing_drv.cpp.obj
                0x08000ca0                battery_testing_drv::battery_testing_tick()
 .text._ZL15button_callbackPv
                0x08000ce4       0xf8 CMakeFiles/GD32F303.elf.dir/Device_Drivers_Layer/button_drv.cpp.obj
 .text._ZN10button_drv11button_initEmmNS_14trigger_levelsE
                0x08000ddc       0x60 CMakeFiles/GD32F303.elf.dir/Device_Drivers_Layer/button_drv.cpp.obj
                0x08000ddc                button_drv::button_init(unsigned long, unsigned long, button_drv::trigger_levels)
 .text._ZN10button_drv16Get_Button_ClickEv
                0x08000e3c       0x30 CMakeFiles/GD32F303.elf.dir/Device_Drivers_Layer/button_drv.cpp.obj
                0x08000e3c                button_drv::Get_Button_Click()
 .text._ZN10button_drv23Get_Button_Double_ClickEv
                0x08000e6c       0x30 CMakeFiles/GD32F303.elf.dir/Device_Drivers_Layer/button_drv.cpp.obj
                0x08000e6c                button_drv::Get_Button_Double_Click()
 .text._ZN10button_drv21Get_Button_Long_PressEv
                0x08000e9c        0xa CMakeFiles/GD32F303.elf.dir/Device_Drivers_Layer/button_drv.cpp.obj
                0x08000e9c                button_drv::Get_Button_Long_Press()
 *fill*         0x08000ea6        0x2 
 .text._ZN15remote_pole_dev20remote_pole_dev_initEv
                0x08000ea8       0x3c CMakeFiles/GD32F303.elf.dir/Device_Drivers_Layer/remote_pole_dev.cpp.obj
                0x08000ea8                remote_pole_dev::remote_pole_dev_init()
 .text._ZN15remote_pole_dev26Set_remote_pole_resolutionEf
                0x08000ee4        0x6 CMakeFiles/GD32F303.elf.dir/Device_Drivers_Layer/remote_pole_dev.cpp.obj
                0x08000ee4                remote_pole_dev::Set_remote_pole_resolution(float)
 .text._ZN15remote_pole_dev20Get_left_remote_poleEv
                0x08000eea      0x15a CMakeFiles/GD32F303.elf.dir/Device_Drivers_Layer/remote_pole_dev.cpp.obj
                0x08000eea                remote_pole_dev::Get_left_remote_pole()
 .text._ZN15remote_pole_dev21Get_right_remote_poleEv
                0x08001044      0x15a CMakeFiles/GD32F303.elf.dir/Device_Drivers_Layer/remote_pole_dev.cpp.obj
                0x08001044                remote_pole_dev::Get_right_remote_pole()
 *fill*         0x0800119e        0x2 
 .text._ZN15remote_pole_dev32remote_pole_midpoint_calibrationEv
                0x080011a0       0xb4 CMakeFiles/GD32F303.elf.dir/Device_Drivers_Layer/remote_pole_dev.cpp.obj
                0x080011a0                remote_pole_dev::remote_pole_midpoint_calibration()
 .text._ZN15remote_pole_dev33remote_pole_itinerary_calibrationEv
                0x08001254      0x198 CMakeFiles/GD32F303.elf.dir/Device_Drivers_Layer/remote_pole_dev.cpp.obj
                0x08001254                remote_pole_dev::remote_pole_itinerary_calibration()
 .text._ZN15remote_pole_dev33remote_pole_set_Calibration_stateEb
                0x080013ec        0x4 CMakeFiles/GD32F303.elf.dir/Device_Drivers_Layer/remote_pole_dev.cpp.obj
                0x080013ec                remote_pole_dev::remote_pole_set_Calibration_state(bool)
 .text._ZN10si24r1_drv4initEv
                0x080013f0       0xec CMakeFiles/GD32F303.elf.dir/Device_Drivers_Layer/si24r1/si24r1_drv.cpp.obj
                0x080013f0                si24r1_drv::init()
 .text._Z26si24r1_master_irq_callbackPv
                0x080014dc      0x1f6 CMakeFiles/GD32F303.elf.dir/Device_Drivers_Layer/si24r1/si24r1_master_drv.cpp.obj
                0x080014dc                si24r1_master_irq_callback(void*)
 *fill*         0x080016d2        0x2 
 .text._ZN17si24r1_master_drv18si24r1_master_initEv
                0x080016d4      0x1e4 CMakeFiles/GD32F303.elf.dir/Device_Drivers_Layer/si24r1/si24r1_master_drv.cpp.obj
                0x080016d4                si24r1_master_drv::si24r1_master_init()
 .text._ZN17si24r1_master_drv9Send_dataEv
                0x080018b8       0x8c CMakeFiles/GD32F303.elf.dir/Device_Drivers_Layer/si24r1/si24r1_master_drv.cpp.obj
                0x080018b8                si24r1_master_drv::Send_data()
 .text._Z28si24r1_master_timer_callbackPv
                0x08001944       0x10 CMakeFiles/GD32F303.elf.dir/Device_Drivers_Layer/si24r1/si24r1_master_drv.cpp.obj
                0x08001944                si24r1_master_timer_callback(void*)
 .text._ZN17si24r1_master_drv21si24r1_toggle_channelEh
                0x08001954       0x42 CMakeFiles/GD32F303.elf.dir/Device_Drivers_Layer/si24r1/si24r1_master_drv.cpp.obj
                0x08001954                si24r1_master_drv::si24r1_toggle_channel(unsigned char)
 .text._ZN17si24r1_master_drv20si24r1_auto_matchingEv
                0x08001996       0x2c CMakeFiles/GD32F303.elf.dir/Device_Drivers_Layer/si24r1/si24r1_master_drv.cpp.obj
                0x08001996                si24r1_master_drv::si24r1_auto_matching()
 .text._ZN17si24r1_master_drv8Send_cmdEhPh
                0x080019c2       0xc4 CMakeFiles/GD32F303.elf.dir/Device_Drivers_Layer/si24r1/si24r1_master_drv.cpp.obj
                0x080019c2                si24r1_master_drv::Send_cmd(unsigned char, unsigned char*)
 .text._ZN17si24r1_master_drv18si24r1_master_tickEv
                0x08001a86      0x2c2 CMakeFiles/GD32F303.elf.dir/Device_Drivers_Layer/si24r1/si24r1_master_drv.cpp.obj
                0x08001a86                si24r1_master_drv::si24r1_master_tick()
 .text._Z17spi2_dma_backcallPv
                0x08001d48       0x1a CMakeFiles/GD32F303.elf.dir/Device_Drivers_Layer/st7789_drv.cpp.obj
                0x08001d48                spi2_dma_backcall(void*)
 .text._ZN10st7789_drv9write_cmdEh
                0x08001d62       0x26 CMakeFiles/GD32F303.elf.dir/Device_Drivers_Layer/st7789_drv.cpp.obj
                0x08001d62                st7789_drv::write_cmd(unsigned char)
 .text._ZN10st7789_drv10write_dataEt
                0x08001d88       0x26 CMakeFiles/GD32F303.elf.dir/Device_Drivers_Layer/st7789_drv.cpp.obj
                0x08001d88                st7789_drv::write_data(unsigned short)
 *fill*         0x08001dae        0x2 
 .text._ZN10st7789_drv11st7789_initEv
                0x08001db0      0x318 CMakeFiles/GD32F303.elf.dir/Device_Drivers_Layer/st7789_drv.cpp.obj
                0x08001db0                st7789_drv::st7789_init()
 .text._ZN10st7789_drv11Address_setEtttt
                0x080020c8       0x6c CMakeFiles/GD32F303.elf.dir/Device_Drivers_Layer/st7789_drv.cpp.obj
                0x080020c8                st7789_drv::Address_set(unsigned short, unsigned short, unsigned short, unsigned short)
 .text._ZN10st7789_drv4ShowEttttPKv
                0x08002134       0x5e CMakeFiles/GD32F303.elf.dir/Device_Drivers_Layer/st7789_drv.cpp.obj
                0x08002134                st7789_drv::Show(unsigned short, unsigned short, unsigned short, unsigned short, void const*)
 .text._ZN10st7789_drv9Set_lightEa
                0x08002192       0x1c CMakeFiles/GD32F303.elf.dir/Device_Drivers_Layer/st7789_drv.cpp.obj
                0x08002192                st7789_drv::Set_light(signed char)
 .text.disk_status
                0x080021ae        0x4 CMakeFiles/GD32F303.elf.dir/FatFS/diskio.c.obj
                0x080021ae                disk_status
 .text.disk_initialize
                0x080021b2        0x4 CMakeFiles/GD32F303.elf.dir/FatFS/diskio.c.obj
                0x080021b2                disk_initialize
 .text.disk_read
                0x080021b6       0x4a CMakeFiles/GD32F303.elf.dir/FatFS/diskio.c.obj
                0x080021b6                disk_read
 .text.disk_write
                0x08002200       0xa0 CMakeFiles/GD32F303.elf.dir/FatFS/diskio.c.obj
                0x08002200                disk_write
 .text.disk_ioctl
                0x080022a0       0x6a CMakeFiles/GD32F303.elf.dir/FatFS/diskio.c.obj
                0x080022a0                disk_ioctl
 .text.ld_word  0x0800230a        0xa CMakeFiles/GD32F303.elf.dir/FatFS/ff.c.obj
 .text.ld_dword
                0x08002314       0x16 CMakeFiles/GD32F303.elf.dir/FatFS/ff.c.obj
 .text.st_word  0x0800232a        0x8 CMakeFiles/GD32F303.elf.dir/FatFS/ff.c.obj
 .text.st_dword
                0x08002332       0x14 CMakeFiles/GD32F303.elf.dir/FatFS/ff.c.obj
 .text.dbc_1st  0x08002346       0x1a CMakeFiles/GD32F303.elf.dir/FatFS/ff.c.obj
 .text.dbc_2nd  0x08002360       0x28 CMakeFiles/GD32F303.elf.dir/FatFS/ff.c.obj
 .text.clst2sect
                0x08002388       0x18 CMakeFiles/GD32F303.elf.dir/FatFS/ff.c.obj
 .text.ld_clust
                0x080023a0       0x26 CMakeFiles/GD32F303.elf.dir/FatFS/ff.c.obj
 .text.st_clust
                0x080023c6       0x26 CMakeFiles/GD32F303.elf.dir/FatFS/ff.c.obj
 .text.get_ldnumber
                0x080023ec       0x56 CMakeFiles/GD32F303.elf.dir/FatFS/ff.c.obj
 .text.validate
                0x08002442       0x46 CMakeFiles/GD32F303.elf.dir/FatFS/ff.c.obj
 .text.sync_window
                0x08002488       0x48 CMakeFiles/GD32F303.elf.dir/FatFS/ff.c.obj
 .text.move_window
                0x080024d0       0x36 CMakeFiles/GD32F303.elf.dir/FatFS/ff.c.obj
 *fill*         0x08002506        0x2 
 .text.check_fs
                0x08002508       0xd4 CMakeFiles/GD32F303.elf.dir/FatFS/ff.c.obj
 .text.find_volume
                0x080025dc       0x70 CMakeFiles/GD32F303.elf.dir/FatFS/ff.c.obj
 .text.mount_volume
                0x0800264c      0x2a8 CMakeFiles/GD32F303.elf.dir/FatFS/ff.c.obj
 .text.put_fat  0x080028f4      0x114 CMakeFiles/GD32F303.elf.dir/FatFS/ff.c.obj
 .text.get_fat  0x08002a08       0xd2 CMakeFiles/GD32F303.elf.dir/FatFS/ff.c.obj
 .text.dir_sdi  0x08002ada       0xac CMakeFiles/GD32F303.elf.dir/FatFS/ff.c.obj
 .text.create_chain
                0x08002b86      0x10e CMakeFiles/GD32F303.elf.dir/FatFS/ff.c.obj
 .text.remove_chain
                0x08002c94       0x7e CMakeFiles/GD32F303.elf.dir/FatFS/ff.c.obj
 .text.dir_clear
                0x08002d12       0x52 CMakeFiles/GD32F303.elf.dir/FatFS/ff.c.obj
 .text.dir_next
                0x08002d64       0xc8 CMakeFiles/GD32F303.elf.dir/FatFS/ff.c.obj
 .text.dir_find
                0x08002e2c       0x5a CMakeFiles/GD32F303.elf.dir/FatFS/ff.c.obj
 .text.dir_alloc
                0x08002e86       0x50 CMakeFiles/GD32F303.elf.dir/FatFS/ff.c.obj
 *fill*         0x08002ed6        0x2 
 .text.create_name
                0x08002ed8      0x108 CMakeFiles/GD32F303.elf.dir/FatFS/ff.c.obj
 .text.follow_path
                0x08002fe0       0x8c CMakeFiles/GD32F303.elf.dir/FatFS/ff.c.obj
 .text.dir_register
                0x0800306c       0x46 CMakeFiles/GD32F303.elf.dir/FatFS/ff.c.obj
 *fill*         0x080030b2        0x2 
 .text.sync_fs  0x080030b4       0x8c CMakeFiles/GD32F303.elf.dir/FatFS/ff.c.obj
 .text.f_mount  0x08003140       0x50 CMakeFiles/GD32F303.elf.dir/FatFS/ff.c.obj
                0x08003140                f_mount
 .text.f_open   0x08003190      0x1d8 CMakeFiles/GD32F303.elf.dir/FatFS/ff.c.obj
                0x08003190                f_open
 .text.f_read   0x08003368      0x16a CMakeFiles/GD32F303.elf.dir/FatFS/ff.c.obj
                0x08003368                f_read
 .text.f_write  0x080034d2      0x1e0 CMakeFiles/GD32F303.elf.dir/FatFS/ff.c.obj
                0x080034d2                f_write
 *fill*         0x080036b2        0x2 
 .text.f_sync   0x080036b4       0x74 CMakeFiles/GD32F303.elf.dir/FatFS/ff.c.obj
                0x080036b4                f_sync
 .text.f_close  0x08003728       0x20 CMakeFiles/GD32F303.elf.dir/FatFS/ff.c.obj
                0x08003728                f_close
 .text.f_lseek  0x08003748      0x13a CMakeFiles/GD32F303.elf.dir/FatFS/ff.c.obj
                0x08003748                f_lseek
 *fill*         0x08003882        0x2 
 .text.vApplicationGetIdleTaskMemory
                0x08003884       0x18 CMakeFiles/GD32F303.elf.dir/FreeRTOS/Source/CMSIS_RTOS_V2/cmsis_os2.c.obj
                0x08003884                vApplicationGetIdleTaskMemory
 .text.vApplicationGetTimerTaskMemory
                0x0800389c       0x18 CMakeFiles/GD32F303.elf.dir/FreeRTOS/Source/CMSIS_RTOS_V2/cmsis_os2.c.obj
                0x0800389c                vApplicationGetTimerTaskMemory
 .text.vListInitialise
                0x080038b4       0x16 CMakeFiles/GD32F303.elf.dir/FreeRTOS/Source/list.c.obj
                0x080038b4                vListInitialise
 .text.vListInitialiseItem
                0x080038ca        0x6 CMakeFiles/GD32F303.elf.dir/FreeRTOS/Source/list.c.obj
                0x080038ca                vListInitialiseItem
 .text.vListInsertEnd
                0x080038d0       0x16 CMakeFiles/GD32F303.elf.dir/FreeRTOS/Source/list.c.obj
                0x080038d0                vListInsertEnd
 .text.vListInsert
                0x080038e6       0x32 CMakeFiles/GD32F303.elf.dir/FreeRTOS/Source/list.c.obj
                0x080038e6                vListInsert
 .text.uxListRemove
                0x08003918       0x26 CMakeFiles/GD32F303.elf.dir/FreeRTOS/Source/list.c.obj
                0x08003918                uxListRemove
 *fill*         0x0800393e        0x2 
 .text.prvTaskExitError
                0x08003940       0x40 CMakeFiles/GD32F303.elf.dir/FreeRTOS/Source/portable/GCC/ARM_CM4F/port.c.obj
 .text.prvPortStartFirstTask
                0x08003980       0x28 CMakeFiles/GD32F303.elf.dir/FreeRTOS/Source/portable/GCC/ARM_CM4F/port.c.obj
 .text.vPortEnableVFP
                0x080039a8       0x14 CMakeFiles/GD32F303.elf.dir/FreeRTOS/Source/portable/GCC/ARM_CM4F/port.c.obj
 .text.pxPortInitialiseStack
                0x080039bc       0x2c CMakeFiles/GD32F303.elf.dir/FreeRTOS/Source/portable/GCC/ARM_CM4F/port.c.obj
                0x080039bc                pxPortInitialiseStack
 *fill*         0x080039e8        0x8 
 .text.SVC_Handler
                0x080039f0       0x24 CMakeFiles/GD32F303.elf.dir/FreeRTOS/Source/portable/GCC/ARM_CM4F/port.c.obj
                0x080039f0                SVC_Handler
 .text.xPortStartScheduler
                0x08003a14      0x108 CMakeFiles/GD32F303.elf.dir/FreeRTOS/Source/portable/GCC/ARM_CM4F/port.c.obj
                0x08003a14                xPortStartScheduler
 .text.vPortEnterCritical
                0x08003b1c       0x44 CMakeFiles/GD32F303.elf.dir/FreeRTOS/Source/portable/GCC/ARM_CM4F/port.c.obj
                0x08003b1c                vPortEnterCritical
 .text.vPortExitCritical
                0x08003b60       0x2c CMakeFiles/GD32F303.elf.dir/FreeRTOS/Source/portable/GCC/ARM_CM4F/port.c.obj
                0x08003b60                vPortExitCritical
 *fill*         0x08003b8c        0x4 
 .text.PendSV_Handler
                0x08003b90       0x64 CMakeFiles/GD32F303.elf.dir/FreeRTOS/Source/portable/GCC/ARM_CM4F/port.c.obj
                0x08003b90                PendSV_Handler
 .text.xPortSysTickHandler
                0x08003bf4       0x2c CMakeFiles/GD32F303.elf.dir/FreeRTOS/Source/portable/GCC/ARM_CM4F/port.c.obj
                0x08003bf4                xPortSysTickHandler
 .text.vPortValidateInterruptPriority
                0x08003c20       0x5c CMakeFiles/GD32F303.elf.dir/FreeRTOS/Source/portable/GCC/ARM_CM4F/port.c.obj
                0x08003c20                vPortValidateInterruptPriority
 .text.prvHeapInit
                0x08003c7c       0x64 CMakeFiles/GD32F303.elf.dir/FreeRTOS/Source/portable/MemMang/heap_4.c.obj
 .text.prvInsertBlockIntoFreeList
                0x08003ce0       0x64 CMakeFiles/GD32F303.elf.dir/FreeRTOS/Source/portable/MemMang/heap_4.c.obj
 .text.pvPortMalloc
                0x08003d44       0xf0 CMakeFiles/GD32F303.elf.dir/FreeRTOS/Source/portable/MemMang/heap_4.c.obj
                0x08003d44                pvPortMalloc
 .text.vPortFree
                0x08003e34       0x70 CMakeFiles/GD32F303.elf.dir/FreeRTOS/Source/portable/MemMang/heap_4.c.obj
                0x08003e34                vPortFree
 .text.prvIsQueueFull
                0x08003ea4       0x1e CMakeFiles/GD32F303.elf.dir/FreeRTOS/Source/queue.c.obj
 .text.prvIsQueueEmpty
                0x08003ec2       0x1a CMakeFiles/GD32F303.elf.dir/FreeRTOS/Source/queue.c.obj
 .text.prvCopyDataToQueue
                0x08003edc       0x76 CMakeFiles/GD32F303.elf.dir/FreeRTOS/Source/queue.c.obj
 .text.prvCopyDataFromQueue
                0x08003f52       0x24 CMakeFiles/GD32F303.elf.dir/FreeRTOS/Source/queue.c.obj
 .text.prvUnlockQueue
                0x08003f76       0x6e CMakeFiles/GD32F303.elf.dir/FreeRTOS/Source/queue.c.obj
 .text.xQueueGenericReset
                0x08003fe4       0x84 CMakeFiles/GD32F303.elf.dir/FreeRTOS/Source/queue.c.obj
                0x08003fe4                xQueueGenericReset
 .text.prvInitialiseNewQueue
                0x08004068       0x22 CMakeFiles/GD32F303.elf.dir/FreeRTOS/Source/queue.c.obj
 .text.xQueueGenericCreateStatic
                0x0800408a       0x92 CMakeFiles/GD32F303.elf.dir/FreeRTOS/Source/queue.c.obj
                0x0800408a                xQueueGenericCreateStatic
 .text.xQueueGenericSend
                0x0800411c      0x188 CMakeFiles/GD32F303.elf.dir/FreeRTOS/Source/queue.c.obj
                0x0800411c                xQueueGenericSend
 .text.xQueueGenericSendFromISR
                0x080042a4       0xcc CMakeFiles/GD32F303.elf.dir/FreeRTOS/Source/queue.c.obj
                0x080042a4                xQueueGenericSendFromISR
 .text.xQueueReceive
                0x08004370      0x15e CMakeFiles/GD32F303.elf.dir/FreeRTOS/Source/queue.c.obj
                0x08004370                xQueueReceive
 *fill*         0x080044ce        0x2 
 .text.vQueueAddToRegistry
                0x080044d0       0x28 CMakeFiles/GD32F303.elf.dir/FreeRTOS/Source/queue.c.obj
                0x080044d0                vQueueAddToRegistry
 .text.vQueueWaitForMessageRestricted
                0x080044f8       0x52 CMakeFiles/GD32F303.elf.dir/FreeRTOS/Source/queue.c.obj
                0x080044f8                vQueueWaitForMessageRestricted
 *fill*         0x0800454a        0x2 
 .text.prvResetNextTaskUnblockTime
                0x0800454c       0x2c CMakeFiles/GD32F303.elf.dir/FreeRTOS/Source/tasks.c.obj
 .text.prvInitialiseNewTask
                0x08004578       0x9c CMakeFiles/GD32F303.elf.dir/FreeRTOS/Source/tasks.c.obj
 .text.prvInitialiseTaskLists
                0x08004614       0x68 CMakeFiles/GD32F303.elf.dir/FreeRTOS/Source/tasks.c.obj
 .text.prvAddNewTaskToReadyList
                0x0800467c       0xac CMakeFiles/GD32F303.elf.dir/FreeRTOS/Source/tasks.c.obj
 .text.prvDeleteTCB
                0x08004728       0x38 CMakeFiles/GD32F303.elf.dir/FreeRTOS/Source/tasks.c.obj
 .text.prvCheckTasksWaitingTermination
                0x08004760       0x4c CMakeFiles/GD32F303.elf.dir/FreeRTOS/Source/tasks.c.obj
 .text.prvIdleTask
                0x080047ac       0x28 CMakeFiles/GD32F303.elf.dir/FreeRTOS/Source/tasks.c.obj
 .text.prvAddCurrentTaskToDelayedList
                0x080047d4       0x7c CMakeFiles/GD32F303.elf.dir/FreeRTOS/Source/tasks.c.obj
 .text.xTaskCreateStatic
                0x08004850       0x74 CMakeFiles/GD32F303.elf.dir/FreeRTOS/Source/tasks.c.obj
                0x08004850                xTaskCreateStatic
 .text.xTaskCreate
                0x080048c4       0x68 CMakeFiles/GD32F303.elf.dir/FreeRTOS/Source/tasks.c.obj
                0x080048c4                xTaskCreate
 .text.vTaskStartScheduler
                0x0800492c       0x9c CMakeFiles/GD32F303.elf.dir/FreeRTOS/Source/tasks.c.obj
                0x0800492c                vTaskStartScheduler
 .text.vTaskSuspendAll
                0x080049c8       0x10 CMakeFiles/GD32F303.elf.dir/FreeRTOS/Source/tasks.c.obj
                0x080049c8                vTaskSuspendAll
 .text.xTaskGetTickCount
                0x080049d8        0xc CMakeFiles/GD32F303.elf.dir/FreeRTOS/Source/tasks.c.obj
                0x080049d8                xTaskGetTickCount
 .text.xTaskIncrementTick
                0x080049e4      0x128 CMakeFiles/GD32F303.elf.dir/FreeRTOS/Source/tasks.c.obj
                0x080049e4                xTaskIncrementTick
 .text.xTaskResumeAll
                0x08004b0c       0xf8 CMakeFiles/GD32F303.elf.dir/FreeRTOS/Source/tasks.c.obj
                0x08004b0c                xTaskResumeAll
 .text.vTaskDelay
                0x08004c04       0x4c CMakeFiles/GD32F303.elf.dir/FreeRTOS/Source/tasks.c.obj
                0x08004c04                vTaskDelay
 .text.vTaskSwitchContext
                0x08004c50       0x94 CMakeFiles/GD32F303.elf.dir/FreeRTOS/Source/tasks.c.obj
                0x08004c50                vTaskSwitchContext
 .text.vTaskPlaceOnEventList
                0x08004ce4       0x30 CMakeFiles/GD32F303.elf.dir/FreeRTOS/Source/tasks.c.obj
                0x08004ce4                vTaskPlaceOnEventList
 .text.vTaskPlaceOnEventListRestricted
                0x08004d14       0x38 CMakeFiles/GD32F303.elf.dir/FreeRTOS/Source/tasks.c.obj
                0x08004d14                vTaskPlaceOnEventListRestricted
 .text.xTaskRemoveFromEventList
                0x08004d4c       0x8c CMakeFiles/GD32F303.elf.dir/FreeRTOS/Source/tasks.c.obj
                0x08004d4c                xTaskRemoveFromEventList
 .text.vTaskInternalSetTimeOutState
                0x08004dd8       0x18 CMakeFiles/GD32F303.elf.dir/FreeRTOS/Source/tasks.c.obj
                0x08004dd8                vTaskInternalSetTimeOutState
 .text.xTaskCheckForTimeOut
                0x08004df0       0x84 CMakeFiles/GD32F303.elf.dir/FreeRTOS/Source/tasks.c.obj
                0x08004df0                xTaskCheckForTimeOut
 .text.vTaskMissedYield
                0x08004e74        0xc CMakeFiles/GD32F303.elf.dir/FreeRTOS/Source/tasks.c.obj
                0x08004e74                vTaskMissedYield
 .text.xTaskGetSchedulerState
                0x08004e80       0x20 CMakeFiles/GD32F303.elf.dir/FreeRTOS/Source/tasks.c.obj
                0x08004e80                xTaskGetSchedulerState
 .text.xTaskPriorityDisinherit
                0x08004ea0       0x90 CMakeFiles/GD32F303.elf.dir/FreeRTOS/Source/tasks.c.obj
                0x08004ea0                xTaskPriorityDisinherit
 .text.prvGetNextExpireTime
                0x08004f30       0x20 CMakeFiles/GD32F303.elf.dir/FreeRTOS/Source/timers.c.obj
 .text.prvInsertTimerInActiveList
                0x08004f50       0x48 CMakeFiles/GD32F303.elf.dir/FreeRTOS/Source/timers.c.obj
 .text.prvCheckForValidListAndQueue
                0x08004f98       0x70 CMakeFiles/GD32F303.elf.dir/FreeRTOS/Source/timers.c.obj
 .text.xTimerCreateTimerTask
                0x08005008       0x64 CMakeFiles/GD32F303.elf.dir/FreeRTOS/Source/timers.c.obj
                0x08005008                xTimerCreateTimerTask
 .text.xTimerGenericCommand
                0x0800506c       0x6c CMakeFiles/GD32F303.elf.dir/FreeRTOS/Source/timers.c.obj
                0x0800506c                xTimerGenericCommand
 .text.prvSwitchTimerLists
                0x080050d8       0x78 CMakeFiles/GD32F303.elf.dir/FreeRTOS/Source/timers.c.obj
 .text.prvSampleTimeNow
                0x08005150       0x2c CMakeFiles/GD32F303.elf.dir/FreeRTOS/Source/timers.c.obj
 .text.prvProcessExpiredTimer
                0x0800517c       0x60 CMakeFiles/GD32F303.elf.dir/FreeRTOS/Source/timers.c.obj
 .text.prvProcessTimerOrBlockTask
                0x080051dc       0x74 CMakeFiles/GD32F303.elf.dir/FreeRTOS/Source/timers.c.obj
 .text.prvProcessReceivedCommands
                0x08005250       0xf8 CMakeFiles/GD32F303.elf.dir/FreeRTOS/Source/timers.c.obj
 .text.prvTimerTask
                0x08005348       0x16 CMakeFiles/GD32F303.elf.dir/FreeRTOS/Source/timers.c.obj
 .text.adc_regular_data_read
                0x0800535e        0x6 CMakeFiles/GD32F303.elf.dir/GD32F30x_standard_peripheral/Source/gd32f30x_adc.c.obj
                0x0800535e                adc_regular_data_read
 .text.adc_flag_get
                0x08005364        0xe CMakeFiles/GD32F303.elf.dir/GD32F30x_standard_peripheral/Source/gd32f30x_adc.c.obj
                0x08005364                adc_flag_get
 .text.adc_flag_clear
                0x08005372        0xa CMakeFiles/GD32F303.elf.dir/GD32F30x_standard_peripheral/Source/gd32f30x_adc.c.obj
                0x08005372                adc_flag_clear
 .text.dma_interrupt_flag_get
                0x0800537c       0x64 CMakeFiles/GD32F303.elf.dir/GD32F30x_standard_peripheral/Source/gd32f30x_dma.c.obj
                0x0800537c                dma_interrupt_flag_get
 .text.dma_interrupt_flag_clear
                0x080053e0        0xc CMakeFiles/GD32F303.elf.dir/GD32F30x_standard_peripheral/Source/gd32f30x_dma.c.obj
                0x080053e0                dma_interrupt_flag_clear
 .text.exti_init
                0x080053ec       0xbc CMakeFiles/GD32F303.elf.dir/GD32F30x_standard_peripheral/Source/gd32f30x_exti.c.obj
                0x080053ec                exti_init
 .text.exti_interrupt_flag_get
                0x080054a8       0x24 CMakeFiles/GD32F303.elf.dir/GD32F30x_standard_peripheral/Source/gd32f30x_exti.c.obj
                0x080054a8                exti_interrupt_flag_get
 .text.exti_interrupt_flag_clear
                0x080054cc        0xc CMakeFiles/GD32F303.elf.dir/GD32F30x_standard_peripheral/Source/gd32f30x_exti.c.obj
                0x080054cc                exti_interrupt_flag_clear
 .text.fmc_bank0_unlock
                0x080054d8       0x20 CMakeFiles/GD32F303.elf.dir/GD32F30x_standard_peripheral/Source/gd32f30x_fmc.c.obj
                0x080054d8                fmc_bank0_unlock
 .text.fmc_bank1_unlock
                0x080054f8       0x20 CMakeFiles/GD32F303.elf.dir/GD32F30x_standard_peripheral/Source/gd32f30x_fmc.c.obj
                0x080054f8                fmc_bank1_unlock
 .text.fmc_bank0_lock
                0x08005518       0x10 CMakeFiles/GD32F303.elf.dir/GD32F30x_standard_peripheral/Source/gd32f30x_fmc.c.obj
                0x08005518                fmc_bank0_lock
 .text.fmc_bank1_lock
                0x08005528       0x10 CMakeFiles/GD32F303.elf.dir/GD32F30x_standard_peripheral/Source/gd32f30x_fmc.c.obj
                0x08005528                fmc_bank1_lock
 .text.fmc_bank0_state_get
                0x08005538       0x34 CMakeFiles/GD32F303.elf.dir/GD32F30x_standard_peripheral/Source/gd32f30x_fmc.c.obj
                0x08005538                fmc_bank0_state_get
 .text.fmc_bank1_state_get
                0x0800556c       0x34 CMakeFiles/GD32F303.elf.dir/GD32F30x_standard_peripheral/Source/gd32f30x_fmc.c.obj
                0x0800556c                fmc_bank1_state_get
 .text.fmc_bank0_ready_wait
                0x080055a0       0x1c CMakeFiles/GD32F303.elf.dir/GD32F30x_standard_peripheral/Source/gd32f30x_fmc.c.obj
                0x080055a0                fmc_bank0_ready_wait
 .text.fmc_bank1_ready_wait
                0x080055bc       0x1c CMakeFiles/GD32F303.elf.dir/GD32F30x_standard_peripheral/Source/gd32f30x_fmc.c.obj
                0x080055bc                fmc_bank1_ready_wait
 .text.fmc_page_erase
                0x080055d8       0xc0 CMakeFiles/GD32F303.elf.dir/GD32F30x_standard_peripheral/Source/gd32f30x_fmc.c.obj
                0x080055d8                fmc_page_erase
 .text.fmc_word_program
                0x08005698       0xa8 CMakeFiles/GD32F303.elf.dir/GD32F30x_standard_peripheral/Source/gd32f30x_fmc.c.obj
                0x08005698                fmc_word_program
 .text.gpio_init
                0x08005740       0xa2 CMakeFiles/GD32F303.elf.dir/GD32F30x_standard_peripheral/Source/gd32f30x_gpio.c.obj
                0x08005740                gpio_init
 *fill*         0x080057e2        0x2 
 .text.gpio_pin_remap_config
                0x080057e4       0x7c CMakeFiles/GD32F303.elf.dir/GD32F30x_standard_peripheral/Source/gd32f30x_gpio.c.obj
                0x080057e4                gpio_pin_remap_config
 .text.gpio_exti_source_select
                0x08005860       0x78 CMakeFiles/GD32F303.elf.dir/GD32F30x_standard_peripheral/Source/gd32f30x_gpio.c.obj
                0x08005860                gpio_exti_source_select
 .text.nvic_priority_group_set
                0x080058d8       0x14 CMakeFiles/GD32F303.elf.dir/GD32F30x_standard_peripheral/Source/gd32f30x_misc.c.obj
                0x080058d8                nvic_priority_group_set
 .text.nvic_irq_enable
                0x080058ec       0xb0 CMakeFiles/GD32F303.elf.dir/GD32F30x_standard_peripheral/Source/gd32f30x_misc.c.obj
                0x080058ec                nvic_irq_enable
 .text.rcu_periph_clock_enable
                0x0800599c       0x1c CMakeFiles/GD32F303.elf.dir/GD32F30x_standard_peripheral/Source/gd32f30x_rcu.c.obj
                0x0800599c                rcu_periph_clock_enable
 .text.rcu_periph_reset_enable
                0x080059b8       0x1c CMakeFiles/GD32F303.elf.dir/GD32F30x_standard_peripheral/Source/gd32f30x_rcu.c.obj
                0x080059b8                rcu_periph_reset_enable
 .text.rcu_periph_reset_disable
                0x080059d4       0x1e CMakeFiles/GD32F303.elf.dir/GD32F30x_standard_peripheral/Source/gd32f30x_rcu.c.obj
                0x080059d4                rcu_periph_reset_disable
 *fill*         0x080059f2        0x2 
 .text.rcu_adc_clock_config
                0x080059f4       0x5c CMakeFiles/GD32F303.elf.dir/GD32F30x_standard_peripheral/Source/gd32f30x_rcu.c.obj
                0x080059f4                rcu_adc_clock_config
 .text.spi_i2s_deinit
                0x08005a50       0x54 CMakeFiles/GD32F303.elf.dir/GD32F30x_standard_peripheral/Source/gd32f30x_spi.c.obj
                0x08005a50                spi_i2s_deinit
 .text.spi_init
                0x08005aa4       0x2e CMakeFiles/GD32F303.elf.dir/GD32F30x_standard_peripheral/Source/gd32f30x_spi.c.obj
                0x08005aa4                spi_init
 .text.spi_i2s_data_transmit
                0x08005ad2        0x4 CMakeFiles/GD32F303.elf.dir/GD32F30x_standard_peripheral/Source/gd32f30x_spi.c.obj
                0x08005ad2                spi_i2s_data_transmit
 .text.spi_i2s_data_receive
                0x08005ad6        0x6 CMakeFiles/GD32F303.elf.dir/GD32F30x_standard_peripheral/Source/gd32f30x_spi.c.obj
                0x08005ad6                spi_i2s_data_receive
 .text.spi_i2s_flag_get
                0x08005adc        0xe CMakeFiles/GD32F303.elf.dir/GD32F30x_standard_peripheral/Source/gd32f30x_spi.c.obj
                0x08005adc                spi_i2s_flag_get
 *fill*         0x08005aea        0x2 
 .text.timer_deinit
                0x08005aec       0xdc CMakeFiles/GD32F303.elf.dir/GD32F30x_standard_peripheral/Source/gd32f30x_timer.c.obj
                0x08005aec                timer_deinit
 .text.timer_init
                0x08005bc8       0x90 CMakeFiles/GD32F303.elf.dir/GD32F30x_standard_peripheral/Source/gd32f30x_timer.c.obj
                0x08005bc8                timer_init
 .text.timer_interrupt_enable
                0x08005c58        0x8 CMakeFiles/GD32F303.elf.dir/GD32F30x_standard_peripheral/Source/gd32f30x_timer.c.obj
                0x08005c58                timer_interrupt_enable
 .text.timer_interrupt_flag_get
                0x08005c60       0x18 CMakeFiles/GD32F303.elf.dir/GD32F30x_standard_peripheral/Source/gd32f30x_timer.c.obj
                0x08005c60                timer_interrupt_flag_get
 .text.timer_interrupt_flag_clear
                0x08005c78        0x6 CMakeFiles/GD32F303.elf.dir/GD32F30x_standard_peripheral/Source/gd32f30x_timer.c.obj
                0x08005c78                timer_interrupt_flag_clear
 .text.timer_primary_output_config
                0x08005c7e       0x18 CMakeFiles/GD32F303.elf.dir/GD32F30x_standard_peripheral/Source/gd32f30x_timer.c.obj
                0x08005c7e                timer_primary_output_config
 *fill*         0x08005c96        0x2 
 .text.timer_channel_output_config
                0x08005c98      0x1e8 CMakeFiles/GD32F303.elf.dir/GD32F30x_standard_peripheral/Source/gd32f30x_timer.c.obj
                0x08005c98                timer_channel_output_config
 .text.timer_channel_output_mode_config
                0x08005e80       0x50 CMakeFiles/GD32F303.elf.dir/GD32F30x_standard_peripheral/Source/gd32f30x_timer.c.obj
                0x08005e80                timer_channel_output_mode_config
 .text.timer_channel_output_pulse_value_config
                0x08005ed0       0x1c CMakeFiles/GD32F303.elf.dir/GD32F30x_standard_peripheral/Source/gd32f30x_timer.c.obj
                0x08005ed0                timer_channel_output_pulse_value_config
 .text.timer_channel_output_shadow_config
                0x08005eec       0x50 CMakeFiles/GD32F303.elf.dir/GD32F30x_standard_peripheral/Source/gd32f30x_timer.c.obj
                0x08005eec                timer_channel_output_shadow_config
 .text.usart_data_receive
                0x08005f3c        0x8 CMakeFiles/GD32F303.elf.dir/GD32F30x_standard_peripheral/Source/gd32f30x_usart.c.obj
                0x08005f3c                usart_data_receive
 .text.usart_interrupt_flag_get
                0x08005f44       0x36 CMakeFiles/GD32F303.elf.dir/GD32F30x_standard_peripheral/Source/gd32f30x_usart.c.obj
                0x08005f44                usart_interrupt_flag_get
 .text.usart_interrupt_flag_clear
                0x08005f7a       0x1c CMakeFiles/GD32F303.elf.dir/GD32F30x_standard_peripheral/Source/gd32f30x_usart.c.obj
                0x08005f7a                usart_interrupt_flag_clear
 *fill*         0x08005f96        0x2 
 .text._ZN7adc_hal9adc_resetEv
                0x08005f98       0x58 CMakeFiles/GD32F303.elf.dir/Hardware_Abstraction_Layer/adc_hal.cpp.obj
                0x08005f98                adc_hal::adc_reset()
 .text._ZN7adc_hal15adc_mode_configEm
                0x08005ff0       0x1a CMakeFiles/GD32F303.elf.dir/Hardware_Abstraction_Layer/adc_hal.cpp.obj
                0x08005ff0                adc_hal::adc_mode_config(unsigned long)
 .text._ZN7adc_hal27adc_special_function_configEm11EventStatus
                0x0800600a       0x66 CMakeFiles/GD32F303.elf.dir/Hardware_Abstraction_Layer/adc_hal.cpp.obj
                0x0800600a                adc_hal::adc_special_function_config(unsigned long, EventStatus)
 .text._ZN7adc_hal25adc_data_alignment_configEm
                0x08006070       0x1a CMakeFiles/GD32F303.elf.dir/Hardware_Abstraction_Layer/adc_hal.cpp.obj
                0x08006070                adc_hal::adc_data_alignment_config(unsigned long)
 .text._ZN7adc_hal25adc_channel_length_configEhm
                0x0800608a       0x42 CMakeFiles/GD32F303.elf.dir/Hardware_Abstraction_Layer/adc_hal.cpp.obj
                0x0800608a                adc_hal::adc_channel_length_config(unsigned char, unsigned long)
 .text._ZN7adc_hal26adc_regular_channel_configEhhm
                0x080060cc       0xa2 CMakeFiles/GD32F303.elf.dir/Hardware_Abstraction_Layer/adc_hal.cpp.obj
                0x080060cc                adc_hal::adc_regular_channel_config(unsigned char, unsigned char, unsigned long)
 *fill*         0x0800616e        0x2 
 .text._ZN7adc_hal16adc_channel_initEh
                0x08006170      0x394 CMakeFiles/GD32F303.elf.dir/Hardware_Abstraction_Layer/adc_hal.cpp.obj
                0x08006170                adc_hal::adc_channel_init(unsigned char)
 .text._ZN7adc_hal27adc_external_trigger_configEh11EventStatus
                0x08006504       0x46 CMakeFiles/GD32F303.elf.dir/Hardware_Abstraction_Layer/adc_hal.cpp.obj
                0x08006504                adc_hal::adc_external_trigger_config(unsigned char, EventStatus)
 .text._ZN7adc_hal34adc_external_trigger_source_configEhm
                0x0800654a       0x32 CMakeFiles/GD32F303.elf.dir/Hardware_Abstraction_Layer/adc_hal.cpp.obj
                0x0800654a                adc_hal::adc_external_trigger_source_config(unsigned char, unsigned long)
 .text._ZN7adc_hal15adc_calibrationEv
                0x0800657c       0x2c CMakeFiles/GD32F303.elf.dir/Hardware_Abstraction_Layer/adc_hal.cpp.obj
                0x0800657c                adc_hal::adc_calibration()
 .text._ZN7adc_hal19adc_dma_mode_switchE11EventStatus
                0x080065a8       0x1e CMakeFiles/GD32F303.elf.dir/Hardware_Abstraction_Layer/adc_hal.cpp.obj
                0x080065a8                adc_hal::adc_dma_mode_switch(EventStatus)
 .text._ZN7adc_hal27adc_software_trigger_enableEh
                0x080065c6       0x22 CMakeFiles/GD32F303.elf.dir/Hardware_Abstraction_Layer/adc_hal.cpp.obj
                0x080065c6                adc_hal::adc_software_trigger_enable(unsigned char)
 .text._ZN7adc_hal10adc_switchE11EventStatus
                0x080065e8       0x40 CMakeFiles/GD32F303.elf.dir/Hardware_Abstraction_Layer/adc_hal.cpp.obj
                0x080065e8                adc_hal::adc_switch(EventStatus)
 .text._Z17get_adc_data_addrm
                0x08006628       0x38 CMakeFiles/GD32F303.elf.dir/Hardware_Abstraction_Layer/adc_hal.cpp.obj
                0x08006628                get_adc_data_addr(unsigned long)
 .text._ZN7adc_hal21adc_resolution_configEm
                0x08006660       0x22 CMakeFiles/GD32F303.elf.dir/Hardware_Abstraction_Layer/adc_hal.cpp.obj
                0x08006660                adc_hal::adc_resolution_config(unsigned long)
 *fill*         0x08006682        0x2 
 .text._ZN7adc_hal8adc_initEmh
                0x08006684      0x228 CMakeFiles/GD32F303.elf.dir/Hardware_Abstraction_Layer/adc_hal.cpp.obj
                0x08006684                adc_hal::adc_init(unsigned long, unsigned char)
 .text._ZN7adc_hal21adc_get_channel_valueEv
                0x080068ac       0x6c CMakeFiles/GD32F303.elf.dir/Hardware_Abstraction_Layer/adc_hal.cpp.obj
                0x080068ac                adc_hal::adc_get_channel_value()
 .text._ZN7dma_hal5resetEv
                0x08006918       0x66 CMakeFiles/GD32F303.elf.dir/Hardware_Abstraction_Layer/dma_hal.cpp.obj
                0x08006918                dma_hal::reset()
 *fill*         0x0800697e        0x2 
 .text._ZN7dma_hal8dma_initEm16dma_channel_enummmmmmmhhhh
                0x08006980      0x214 CMakeFiles/GD32F303.elf.dir/Hardware_Abstraction_Layer/dma_hal.cpp.obj
                0x08006980                dma_hal::dma_init(unsigned long, dma_channel_enum, unsigned long, unsigned long, unsigned long, unsigned long, unsigned long, unsigned long, unsigned char, unsigned char, unsigned char, unsigned char)
 .text._ZN7dma_hal18circulation_switchE11EventStatus
                0x08006b94       0x32 CMakeFiles/GD32F303.elf.dir/Hardware_Abstraction_Layer/dma_hal.cpp.obj
                0x08006b94                dma_hal::circulation_switch(EventStatus)
 .text._ZN7dma_hal14channel_switchE11EventStatus
                0x08006bc6       0x32 CMakeFiles/GD32F303.elf.dir/Hardware_Abstraction_Layer/dma_hal.cpp.obj
                0x08006bc6                dma_hal::channel_switch(EventStatus)
 .text._ZN7dma_hal22memory_increase_switchE11EventStatus
                0x08006bf8       0x32 CMakeFiles/GD32F303.elf.dir/Hardware_Abstraction_Layer/dma_hal.cpp.obj
                0x08006bf8                dma_hal::memory_increase_switch(EventStatus)
 .text._ZN7dma_hal21memory_address_configEm
                0x08006c2a       0x10 CMakeFiles/GD32F303.elf.dir/Hardware_Abstraction_Layer/dma_hal.cpp.obj
                0x08006c2a                dma_hal::memory_address_config(unsigned long)
 .text._ZN7dma_hal22transfer_number_configEm
                0x08006c3a       0x12 CMakeFiles/GD32F303.elf.dir/Hardware_Abstraction_Layer/dma_hal.cpp.obj
                0x08006c3a                dma_hal::transfer_number_config(unsigned long)
 .text._ZN7dma_hal16interrupt_switchEm11EventStatus
                0x08006c4c       0x30 CMakeFiles/GD32F303.elf.dir/Hardware_Abstraction_Layer/dma_hal.cpp.obj
                0x08006c4c                dma_hal::interrupt_switch(unsigned long, EventStatus)
 .text._ZN7dma_hal23memory_to_memory_switchE11EventStatus
                0x08006c7c       0x32 CMakeFiles/GD32F303.elf.dir/Hardware_Abstraction_Layer/dma_hal.cpp.obj
                0x08006c7c                dma_hal::memory_to_memory_switch(EventStatus)
 *fill*         0x08006cae        0x2 
 .text._ZN7dma_hal17Callback_RegisterEPvPFvS0_E
                0x08006cb0      0x118 CMakeFiles/GD32F303.elf.dir/Hardware_Abstraction_Layer/dma_hal.cpp.obj
                0x08006cb0                dma_hal::Callback_Register(void*, void (*)(void*))
 .text.DMA0_Channel0_IRQHandler
                0x08006dc8       0x34 CMakeFiles/GD32F303.elf.dir/Hardware_Abstraction_Layer/dma_hal.cpp.obj
                0x08006dc8                DMA0_Channel0_IRQHandler
 .text.DMA0_Channel1_IRQHandler
                0x08006dfc       0x34 CMakeFiles/GD32F303.elf.dir/Hardware_Abstraction_Layer/dma_hal.cpp.obj
                0x08006dfc                DMA0_Channel1_IRQHandler
 .text.DMA0_Channel2_IRQHandler
                0x08006e30       0x34 CMakeFiles/GD32F303.elf.dir/Hardware_Abstraction_Layer/dma_hal.cpp.obj
                0x08006e30                DMA0_Channel2_IRQHandler
 .text.DMA0_Channel3_IRQHandler
                0x08006e64       0x34 CMakeFiles/GD32F303.elf.dir/Hardware_Abstraction_Layer/dma_hal.cpp.obj
                0x08006e64                DMA0_Channel3_IRQHandler
 .text.DMA0_Channel4_IRQHandler
                0x08006e98       0x34 CMakeFiles/GD32F303.elf.dir/Hardware_Abstraction_Layer/dma_hal.cpp.obj
                0x08006e98                DMA0_Channel4_IRQHandler
 .text.DMA0_Channel5_IRQHandler
                0x08006ecc       0x34 CMakeFiles/GD32F303.elf.dir/Hardware_Abstraction_Layer/dma_hal.cpp.obj
                0x08006ecc                DMA0_Channel5_IRQHandler
 .text.DMA0_Channel6_IRQHandler
                0x08006f00       0x34 CMakeFiles/GD32F303.elf.dir/Hardware_Abstraction_Layer/dma_hal.cpp.obj
                0x08006f00                DMA0_Channel6_IRQHandler
 .text.DMA1_Channel0_IRQHandler
                0x08006f34       0x34 CMakeFiles/GD32F303.elf.dir/Hardware_Abstraction_Layer/dma_hal.cpp.obj
                0x08006f34                DMA1_Channel0_IRQHandler
 .text.DMA1_Channel1_IRQHandler
                0x08006f68       0x34 CMakeFiles/GD32F303.elf.dir/Hardware_Abstraction_Layer/dma_hal.cpp.obj
                0x08006f68                DMA1_Channel1_IRQHandler
 .text.DMA1_Channel2_IRQHandler
                0x08006f9c       0x34 CMakeFiles/GD32F303.elf.dir/Hardware_Abstraction_Layer/dma_hal.cpp.obj
                0x08006f9c                DMA1_Channel2_IRQHandler
 .text.DMA1_Channel3_4_IRQHandler
                0x08006fd0       0x5c CMakeFiles/GD32F303.elf.dir/Hardware_Abstraction_Layer/dma_hal.cpp.obj
                0x08006fd0                DMA1_Channel3_4_IRQHandler
 .text._ZN8exti_hal17Callback_RegisterEPvPFvS0_E
                0x0800702c      0x194 CMakeFiles/GD32F303.elf.dir/Hardware_Abstraction_Layer/exti_hal.cpp.obj
                0x0800702c                exti_hal::Callback_Register(void*, void (*)(void*))
 .text._ZN8exti_hal13set_exti_trigE19exti_trig_type_enum
                0x080071c0       0x68 CMakeFiles/GD32F303.elf.dir/Hardware_Abstraction_Layer/exti_hal.cpp.obj
                0x080071c0                exti_hal::set_exti_trig(exti_trig_type_enum)
 .text._ZN8exti_hal15get_exti_sourceEm
                0x08007228       0x58 CMakeFiles/GD32F303.elf.dir/Hardware_Abstraction_Layer/exti_hal.cpp.obj
                0x08007228                exti_hal::get_exti_source(unsigned long)
 .text._ZN8exti_hal16get_exti_gpiopinE14exti_line_enum
                0x08007280       0xbe CMakeFiles/GD32F303.elf.dir/Hardware_Abstraction_Layer/exti_hal.cpp.obj
                0x08007280                exti_hal::get_exti_gpiopin(exti_line_enum)
 .text._ZN8exti_hal4initE14exti_line_enummhh14exti_mode_enum19exti_trig_type_enumm
                0x0800733e      0x106 CMakeFiles/GD32F303.elf.dir/Hardware_Abstraction_Layer/exti_hal.cpp.obj
                0x0800733e                exti_hal::init(exti_line_enum, unsigned long, unsigned char, unsigned char, exti_mode_enum, exti_trig_type_enum, unsigned long)
 .text.EXTI0_IRQHandler
                0x08007444       0x28 CMakeFiles/GD32F303.elf.dir/Hardware_Abstraction_Layer/exti_hal.cpp.obj
                0x08007444                EXTI0_IRQHandler
 .text.EXTI1_IRQHandler
                0x0800746c       0x28 CMakeFiles/GD32F303.elf.dir/Hardware_Abstraction_Layer/exti_hal.cpp.obj
                0x0800746c                EXTI1_IRQHandler
 .text.EXTI2_IRQHandler
                0x08007494       0x28 CMakeFiles/GD32F303.elf.dir/Hardware_Abstraction_Layer/exti_hal.cpp.obj
                0x08007494                EXTI2_IRQHandler
 .text.EXTI3_IRQHandler
                0x080074bc       0x28 CMakeFiles/GD32F303.elf.dir/Hardware_Abstraction_Layer/exti_hal.cpp.obj
                0x080074bc                EXTI3_IRQHandler
 .text.EXTI4_IRQHandler
                0x080074e4       0x28 CMakeFiles/GD32F303.elf.dir/Hardware_Abstraction_Layer/exti_hal.cpp.obj
                0x080074e4                EXTI4_IRQHandler
 .text.EXTI5_9_IRQHandler
                0x0800750c       0xb8 CMakeFiles/GD32F303.elf.dir/Hardware_Abstraction_Layer/exti_hal.cpp.obj
                0x0800750c                EXTI5_9_IRQHandler
 .text.EXTI10_15_IRQHandler
                0x080075c4       0xe8 CMakeFiles/GD32F303.elf.dir/Hardware_Abstraction_Layer/exti_hal.cpp.obj
                0x080075c4                EXTI10_15_IRQHandler
 .text._ZN8gpio_hal10gpio__initEmmmm
                0x080076ac       0x1a CMakeFiles/GD32F303.elf.dir/Hardware_Abstraction_Layer/gpio_hal.cpp.obj
                0x080076ac                gpio_hal::gpio__init(unsigned long, unsigned long, unsigned long, unsigned long)
 .text._ZN8gpio_hal4highEv
                0x080076c6        0x8 CMakeFiles/GD32F303.elf.dir/Hardware_Abstraction_Layer/gpio_hal.cpp.obj
                0x080076c6                gpio_hal::high()
 .text._ZN8gpio_hal3lowEv
                0x080076ce        0x8 CMakeFiles/GD32F303.elf.dir/Hardware_Abstraction_Layer/gpio_hal.cpp.obj
                0x080076ce                gpio_hal::low()
 *fill*         0x080076d6        0x2 
 .text._ZN7pwm_hal8pwm_initEmtmhNS_14pwm_gpio_groupEtt
                0x080076d8      0x5cc CMakeFiles/GD32F303.elf.dir/Hardware_Abstraction_Layer/pwm_hal.cpp.obj
                0x080076d8                pwm_hal::pwm_init(unsigned long, unsigned short, unsigned long, unsigned char, pwm_hal::pwm_gpio_group, unsigned short, unsigned short)
 .text._ZN7pwm_hal17set_channel1_dutyEf
                0x08007ca4       0x30 CMakeFiles/GD32F303.elf.dir/Hardware_Abstraction_Layer/pwm_hal.cpp.obj
                0x08007ca4                pwm_hal::set_channel1_duty(float)
 .text._ZN7pwm_hal17set_channel4_dutyEf
                0x08007cd4       0x30 CMakeFiles/GD32F303.elf.dir/Hardware_Abstraction_Layer/pwm_hal.cpp.obj
                0x08007cd4                pwm_hal::set_channel4_duty(float)
 .text._ZN7spi_hal9spi__initEmNS_14spi_gpio_groupEmmmmmmm
                0x08007d04       0xec CMakeFiles/GD32F303.elf.dir/Hardware_Abstraction_Layer/spi_hal.cpp.obj
                0x08007d04                spi_hal::spi__init(unsigned long, spi_hal::spi_gpio_group, unsigned long, unsigned long, unsigned long, unsigned long, unsigned long, unsigned long, unsigned long)
 .text._ZN7spi_hal14readwrite_byteEt
                0x08007df0       0x30 CMakeFiles/GD32F303.elf.dir/Hardware_Abstraction_Layer/spi_hal.cpp.obj
                0x08007df0                spi_hal::readwrite_byte(unsigned short)
 .text._ZN7spi_hal16readwrite_packetEPhS0_t
                0x08007e20       0x4a CMakeFiles/GD32F303.elf.dir/Hardware_Abstraction_Layer/spi_hal.cpp.obj
                0x08007e20                spi_hal::readwrite_packet(unsigned char*, unsigned char*, unsigned short)
 .text._ZN7spi_hal16frame_format_setEm
                0x08007e6a       0x1a CMakeFiles/GD32F303.elf.dir/Hardware_Abstraction_Layer/spi_hal.cpp.obj
                0x08007e6a                spi_hal::frame_format_set(unsigned long)
 .text._ZN7spi_hal10dma_switchEh11EventStatus
                0x08007e84       0x3a CMakeFiles/GD32F303.elf.dir/Hardware_Abstraction_Layer/spi_hal.cpp.obj
                0x08007e84                spi_hal::dma_switch(unsigned char, EventStatus)
 .text._ZN7spi_hal10spi_switchE11EventStatus
                0x08007ebe       0x1e CMakeFiles/GD32F303.elf.dir/Hardware_Abstraction_Layer/spi_hal.cpp.obj
                0x08007ebe                spi_hal::spi_switch(EventStatus)
 .text._ZN7spi_hal9dma_writeEPtm
                0x08007edc       0x5a CMakeFiles/GD32F303.elf.dir/Hardware_Abstraction_Layer/spi_hal.cpp.obj
                0x08007edc                spi_hal::dma_write(unsigned short*, unsigned long)
 *fill*         0x08007f36        0x2 
 .text._ZN9timer_hal11timer__initEmtmhttth
                0x08007f38      0x1d0 CMakeFiles/GD32F303.elf.dir/Hardware_Abstraction_Layer/timer_hal.cpp.obj
                0x08007f38                timer_hal::timer__init(unsigned long, unsigned short, unsigned long, unsigned char, unsigned short, unsigned short, unsigned short, unsigned char)
 .text._ZN9timer_hal12timer_switchE11EventStatus
                0x08008108       0x1e CMakeFiles/GD32F303.elf.dir/Hardware_Abstraction_Layer/timer_hal.cpp.obj
                0x08008108                timer_hal::timer_switch(EventStatus)
 *fill*         0x08008126        0x2 
 .text.TIMER0_UP_IRQHandler
                0x08008128       0x30 CMakeFiles/GD32F303.elf.dir/Hardware_Abstraction_Layer/timer_hal.cpp.obj
                0x08008128                TIMER0_UP_IRQHandler
 .text.TIMER1_IRQHandler
                0x08008158       0x30 CMakeFiles/GD32F303.elf.dir/Hardware_Abstraction_Layer/timer_hal.cpp.obj
                0x08008158                TIMER1_IRQHandler
 .text.TIMER2_IRQHandler
                0x08008188       0x30 CMakeFiles/GD32F303.elf.dir/Hardware_Abstraction_Layer/timer_hal.cpp.obj
                0x08008188                TIMER2_IRQHandler
 .text.TIMER3_IRQHandler
                0x080081b8       0x30 CMakeFiles/GD32F303.elf.dir/Hardware_Abstraction_Layer/timer_hal.cpp.obj
                0x080081b8                TIMER3_IRQHandler
 .text.TIMER4_IRQHandler
                0x080081e8       0x30 CMakeFiles/GD32F303.elf.dir/Hardware_Abstraction_Layer/timer_hal.cpp.obj
                0x080081e8                TIMER4_IRQHandler
 .text.TIMER5_IRQHandler
                0x08008218       0x30 CMakeFiles/GD32F303.elf.dir/Hardware_Abstraction_Layer/timer_hal.cpp.obj
                0x08008218                TIMER5_IRQHandler
 .text.TIMER6_IRQHandler
                0x08008248       0x30 CMakeFiles/GD32F303.elf.dir/Hardware_Abstraction_Layer/timer_hal.cpp.obj
                0x08008248                TIMER6_IRQHandler
 .text._ZN9timer_hal17Callback_RegisterEPvPFvS0_E
                0x08008278       0xc0 CMakeFiles/GD32F303.elf.dir/Hardware_Abstraction_Layer/timer_hal.cpp.obj
                0x08008278                timer_hal::Callback_Register(void*, void (*)(void*))
 .text.USART0_IRQHandler
                0x08008338       0x6c CMakeFiles/GD32F303.elf.dir/Hardware_Abstraction_Layer/usart_hal.cpp.obj
                0x08008338                USART0_IRQHandler
 .text.USART1_IRQHandler
                0x080083a4       0x6c CMakeFiles/GD32F303.elf.dir/Hardware_Abstraction_Layer/usart_hal.cpp.obj
                0x080083a4                USART1_IRQHandler
 .text.USART2_IRQHandler
                0x08008410       0x6c CMakeFiles/GD32F303.elf.dir/Hardware_Abstraction_Layer/usart_hal.cpp.obj
                0x08008410                USART2_IRQHandler
 .text._ZN10RingBuffer4initEPht
                0x0800847c        0xc CMakeFiles/GD32F303.elf.dir/Software/Source/RingBuffer.cpp.obj
                0x0800847c                RingBuffer::init(unsigned char*, unsigned short)
 .text._ZN10RingBuffer12write_packetEPht
                0x08008488       0x62 CMakeFiles/GD32F303.elf.dir/Software/Source/RingBuffer.cpp.obj
                0x08008488                RingBuffer::write_packet(unsigned char*, unsigned short)
 .text._ZN10RingBuffer11read_packetEPht
                0x080084ea       0x4e CMakeFiles/GD32F303.elf.dir/Software/Source/RingBuffer.cpp.obj
                0x080084ea                RingBuffer::read_packet(unsigned char*, unsigned short)
 .text.System_time_init
                0x08008538       0x5c CMakeFiles/GD32F303.elf.dir/Software/Source/System_time.c.obj
                0x08008538                System_time_init
 .text.SysTick_Handler
                0x08008594       0x38 CMakeFiles/GD32F303.elf.dir/Software/Source/System_time.c.obj
                0x08008594                SysTick_Handler
 .text.Get_System_T
                0x080085cc       0x2c CMakeFiles/GD32F303.elf.dir/Software/Source/System_time.c.obj
                0x080085cc                Get_System_T
 .text.Get_deta_T
                0x080085f8       0x74 CMakeFiles/GD32F303.elf.dir/Software/Source/System_time.c.obj
                0x080085f8                Get_deta_T
 .text.delay_ms
                0x0800866c       0x40 CMakeFiles/GD32F303.elf.dir/Software/Source/System_time.c.obj
                0x0800866c                delay_ms
 .text.NMI_Handler
                0x080086ac        0x2 CMakeFiles/GD32F303.elf.dir/Startup/gd32f30x_it.c.obj
                0x080086ac                NMI_Handler
 .text.HardFault_Handler
                0x080086ae        0x2 CMakeFiles/GD32F303.elf.dir/Startup/gd32f30x_it.c.obj
                0x080086ae                HardFault_Handler
 .text.MemManage_Handler
                0x080086b0        0x2 CMakeFiles/GD32F303.elf.dir/Startup/gd32f30x_it.c.obj
                0x080086b0                MemManage_Handler
 .text.BusFault_Handler
                0x080086b2        0x2 CMakeFiles/GD32F303.elf.dir/Startup/gd32f30x_it.c.obj
                0x080086b2                BusFault_Handler
 .text.UsageFault_Handler
                0x080086b4        0x2 CMakeFiles/GD32F303.elf.dir/Startup/gd32f30x_it.c.obj
                0x080086b4                UsageFault_Handler
 .text.DebugMon_Handler
                0x080086b6        0x2 CMakeFiles/GD32F303.elf.dir/Startup/gd32f30x_it.c.obj
                0x080086b6                DebugMon_Handler
 .text.USBD_LP_CAN0_RX0_IRQHandler
                0x080086b8        0x8 CMakeFiles/GD32F303.elf.dir/Startup/gd32f30x_it.c.obj
                0x080086b8                USBD_LP_CAN0_RX0_IRQHandler
 .text.system_clock_120m_irc8m
                0x080086c0       0xc8 CMakeFiles/GD32F303.elf.dir/Startup/system_gd32f30x.c.obj
 .text.system_clock_config
                0x08008788        0x8 CMakeFiles/GD32F303.elf.dir/Startup/system_gd32f30x.c.obj
 .text.SystemInit
                0x08008790       0x78 CMakeFiles/GD32F303.elf.dir/Startup/system_gd32f30x.c.obj
                0x08008790                SystemInit
 .text.usbd_ep_send
                0x08008808       0x42 CMakeFiles/GD32F303.elf.dir/USB/device/Source/usbd_core.c.obj
                0x08008808                usbd_ep_send
 .text.usbd_int_suspend
                0x0800884a       0x20 CMakeFiles/GD32F303.elf.dir/USB/usbd/Source/usbd_lld_int.c.obj
 *fill*         0x0800886a        0x2 
 .text.usbd_isr
                0x0800886c      0x230 CMakeFiles/GD32F303.elf.dir/USB/usbd/Source/usbd_lld_int.c.obj
                0x0800886c                usbd_isr
 .text.main     0x08008a9c       0x7c CMakeFiles/GD32F303.elf.dir/USER/main.c.obj
                0x08008a9c                main
 .text._Z41__static_initialization_and_destruction_0ii
                0x08008b18      0x1c0 CMakeFiles/GD32F303.elf.dir/USER/main.cpp.obj
 .text._Z7UI_taskPv
                0x08008cd8       0x30 CMakeFiles/GD32F303.elf.dir/USER/main.cpp.obj
                0x08008cd8                UI_task(void*)
 .text._Z4testttttPKv
                0x08008d08       0x20 CMakeFiles/GD32F303.elf.dir/USER/main.cpp.obj
                0x08008d08                test(unsigned short, unsigned short, unsigned short, unsigned short, void const*)
 .text.SPI_FLASH_Write
                0x08008d28       0x14 CMakeFiles/GD32F303.elf.dir/USER/main.cpp.obj
                0x08008d28                SPI_FLASH_Write
 .text.SPI_FLASH_Read
                0x08008d3c       0x14 CMakeFiles/GD32F303.elf.dir/USER/main.cpp.obj
                0x08008d3c                SPI_FLASH_Read
 .text.Main     0x08008d50      0x308 CMakeFiles/GD32F303.elf.dir/USER/main.cpp.obj
                0x08008d50                Main
 .text.vApplicationTickHook
                0x08009058        0xa CMakeFiles/GD32F303.elf.dir/USER/main.cpp.obj
                0x08009058                vApplicationTickHook
 *fill*         0x08009062        0x2 
 .text.keypad_get_key
                0x08009064       0x48 CMakeFiles/GD32F303.elf.dir/USER/main.cpp.obj
                0x08009064                keypad_get_key
 .text._GLOBAL__sub_I_remote_pole_task_Handler
                0x080090ac        0xe CMakeFiles/GD32F303.elf.dir/USER/main.cpp.obj
 *fill*         0x080090ba        0x2 
 .text._ZL14Light_event_cbP11_lv_event_t
                0x080090bc       0x3c CMakeFiles/GD32F303.elf.dir/USER/remote_control_gui.cpp.obj
 .text._ZL24gui_interface_anim_readyP10_lv_anim_t
                0x080090f8        0xa CMakeFiles/GD32F303.elf.dir/USER/remote_control_gui.cpp.obj
 .text._ZL14GUI_scale_animPvl
                0x08009102        0xc CMakeFiles/GD32F303.elf.dir/USER/remote_control_gui.cpp.obj
 .text._ZL14GUI_set_X_animPvl
                0x0800910e        0xa CMakeFiles/GD32F303.elf.dir/USER/remote_control_gui.cpp.obj
 .text._ZL14GUI_set_Y_animPvl
                0x08009118        0xa CMakeFiles/GD32F303.elf.dir/USER/remote_control_gui.cpp.obj
 *fill*         0x08009122        0x2 
 .text._ZN18remote_control_gui19Main_interface_showEv
                0x08009124      0x1b0 CMakeFiles/GD32F303.elf.dir/USER/remote_control_gui.cpp.obj
                0x08009124                remote_control_gui::Main_interface_show()
 .text._ZN18remote_control_gui21Main_interface_updataEv
                0x080092d4       0xc4 CMakeFiles/GD32F303.elf.dir/USER/remote_control_gui.cpp.obj
                0x080092d4                remote_control_gui::Main_interface_updata()
 .text._ZN18remote_control_gui21Config_interface_showEv
                0x08009398      0x140 CMakeFiles/GD32F303.elf.dir/USER/remote_control_gui.cpp.obj
                0x08009398                remote_control_gui::Config_interface_show()
 .text._ZN18remote_control_gui26Calibration_interface_showEv
                0x080094d8      0x16c CMakeFiles/GD32F303.elf.dir/USER/remote_control_gui.cpp.obj
                0x080094d8                remote_control_gui::Calibration_interface_show()
 .text._ZN18remote_control_gui28Calibration_interface_updataEv
                0x08009644       0xc4 CMakeFiles/GD32F303.elf.dir/USER/remote_control_gui.cpp.obj
                0x08009644                remote_control_gui::Calibration_interface_updata()
 .text._ZN18remote_control_gui20Light_interface_showEv
                0x08009708       0xe4 CMakeFiles/GD32F303.elf.dir/USER/remote_control_gui.cpp.obj
                0x08009708                remote_control_gui::Light_interface_show()
 .text._ZN18remote_control_gui24Frequency_interface_showEv
                0x080097ec       0x98 CMakeFiles/GD32F303.elf.dir/USER/remote_control_gui.cpp.obj
                0x080097ec                remote_control_gui::Frequency_interface_show()
 .text._ZN18remote_control_gui21Frequency_mock_detectEv
                0x08009884       0xc0 CMakeFiles/GD32F303.elf.dir/USER/remote_control_gui.cpp.obj
                0x08009884                remote_control_gui::Frequency_mock_detect()
 .text._Z16get_chnanel_loadv
                0x08009944       0x14 CMakeFiles/GD32F303.elf.dir/USER/remote_control_gui.cpp.obj
                0x08009944                get_chnanel_load()
 .text._ZN18remote_control_gui27Auto_Connect_interface_showEv
                0x08009958       0xe4 CMakeFiles/GD32F303.elf.dir/USER/remote_control_gui.cpp.obj
                0x08009958                remote_control_gui::Auto_Connect_interface_show()
 .text._ZN18remote_control_gui18gui_interface_animENS_10gui_anim_tENS_15gui_anim_path_tEm
                0x08009a3c      0x118 CMakeFiles/GD32F303.elf.dir/USER/remote_control_gui.cpp.obj
                0x08009a3c                remote_control_gui::gui_interface_anim(remote_control_gui::gui_anim_t, remote_control_gui::gui_anim_path_t, unsigned long)
 .text._ZN18remote_control_gui8gui_initEP15remote_pole_devP10st7789_drvP17si24r1_master_drvP19battery_testing_drv
                0x08009b54      0x11c CMakeFiles/GD32F303.elf.dir/USER/remote_control_gui.cpp.obj
                0x08009b54                remote_control_gui::gui_init(remote_pole_dev*, st7789_drv*, si24r1_master_drv*, battery_testing_drv*)
 .text._Z22Auto_Connect_btn_eventP11_lv_event_t
                0x08009c70       0x1a CMakeFiles/GD32F303.elf.dir/USER/remote_control_gui.cpp.obj
                0x08009c70                Auto_Connect_btn_event(_lv_event_t*)
 .text._Z19Frequency_btn_eventP11_lv_event_t
                0x08009c8a       0x1a CMakeFiles/GD32F303.elf.dir/USER/remote_control_gui.cpp.obj
                0x08009c8a                Frequency_btn_event(_lv_event_t*)
 .text._Z21Calibration_btn_eventP11_lv_event_t
                0x08009ca4       0x1a CMakeFiles/GD32F303.elf.dir/USER/remote_control_gui.cpp.obj
                0x08009ca4                Calibration_btn_event(_lv_event_t*)
 .text._Z15Light_btn_eventP11_lv_event_t
                0x08009cbe       0x1a CMakeFiles/GD32F303.elf.dir/USER/remote_control_gui.cpp.obj
                0x08009cbe                Light_btn_event(_lv_event_t*)
 .text._Z16Return_btn_eventP11_lv_event_t
                0x08009cd8       0x1a CMakeFiles/GD32F303.elf.dir/USER/remote_control_gui.cpp.obj
                0x08009cd8                Return_btn_event(_lv_event_t*)
 *fill*         0x08009cf2        0x2 
 .text._ZL28Auto_Connect_msgbox_callbackP11_lv_event_t
                0x08009cf4       0x88 CMakeFiles/GD32F303.elf.dir/USER/remote_control_gui.cpp.obj
 .text._ZN18remote_control_gui18button_mock_detectEv
                0x08009d7c       0xbc CMakeFiles/GD32F303.elf.dir/USER/remote_control_gui.cpp.obj
                0x08009d7c                remote_control_gui::button_mock_detect()
 .text._ZN18remote_control_gui8gui_tickEv
                0x08009e38      0x15c CMakeFiles/GD32F303.elf.dir/USER/remote_control_gui.cpp.obj
                0x08009e38                remote_control_gui::gui_tick()
 .text.disp_flush
                0x08009f94       0x38 CMakeFiles/GD32F303.elf.dir/lvgl/lvgl/porting/lv_port_disp.c.obj
 .text.lv_port_disp_init
                0x08009fcc       0x48 CMakeFiles/GD32F303.elf.dir/lvgl/lvgl/porting/lv_port_disp.c.obj
                0x08009fcc                lv_port_disp_init
 .text.lvgl_display_Callback_Register
                0x0800a014        0xc CMakeFiles/GD32F303.elf.dir/lvgl/lvgl/porting/lv_port_disp.c.obj
                0x0800a014                lvgl_display_Callback_Register
 .text.fs_tell  0x0800a020        0x4 CMakeFiles/GD32F303.elf.dir/lvgl/lvgl/porting/lv_port_fs.c.obj
 .text.fs_dir_open
                0x0800a024        0x4 CMakeFiles/GD32F303.elf.dir/lvgl/lvgl/porting/lv_port_fs.c.obj
 .text.fs_dir_read
                0x0800a028        0x4 CMakeFiles/GD32F303.elf.dir/lvgl/lvgl/porting/lv_port_fs.c.obj
 .text.fs_dir_close
                0x0800a02c        0x4 CMakeFiles/GD32F303.elf.dir/lvgl/lvgl/porting/lv_port_fs.c.obj
 .text.fs_seek  0x0800a030       0x12 CMakeFiles/GD32F303.elf.dir/lvgl/lvgl/porting/lv_port_fs.c.obj
 .text.fs_write
                0x0800a042       0x16 CMakeFiles/GD32F303.elf.dir/lvgl/lvgl/porting/lv_port_fs.c.obj
 .text.fs_read  0x0800a058       0x16 CMakeFiles/GD32F303.elf.dir/lvgl/lvgl/porting/lv_port_fs.c.obj
 .text.fs_close
                0x0800a06e       0x1c CMakeFiles/GD32F303.elf.dir/lvgl/lvgl/porting/lv_port_fs.c.obj
 .text.fs_open  0x0800a08a       0x38 CMakeFiles/GD32F303.elf.dir/lvgl/lvgl/porting/lv_port_fs.c.obj
 *fill*         0x0800a0c2        0x2 
 .text.lv_port_fs_init
                0x0800a0c4       0x64 CMakeFiles/GD32F303.elf.dir/lvgl/lvgl/porting/lv_port_fs.c.obj
                0x0800a0c4                lv_port_fs_init
 .text.keypad_read
                0x0800a128       0x48 CMakeFiles/GD32F303.elf.dir/lvgl/lvgl/porting/lv_port_indev.c.obj
 .text.lv_port_indev_init
                0x0800a170       0x2c CMakeFiles/GD32F303.elf.dir/lvgl/lvgl/porting/lv_port_indev.c.obj
                0x0800a170                lv_port_indev_init
 .text.lv_disp_get_scr_act
                0x0800a19c       0x18 CMakeFiles/GD32F303.elf.dir/lvgl/lvgl/src/core/lv_disp.c.obj
                0x0800a19c                lv_disp_get_scr_act
 .text.lv_disp_get_scr_prev
                0x0800a1b4       0x18 CMakeFiles/GD32F303.elf.dir/lvgl/lvgl/src/core/lv_disp.c.obj
                0x0800a1b4                lv_disp_get_scr_prev
 .text.lv_disp_get_layer_top
                0x0800a1cc       0x18 CMakeFiles/GD32F303.elf.dir/lvgl/lvgl/src/core/lv_disp.c.obj
                0x0800a1cc                lv_disp_get_layer_top
 .text.lv_disp_get_layer_sys
                0x0800a1e4       0x18 CMakeFiles/GD32F303.elf.dir/lvgl/lvgl/src/core/lv_disp.c.obj
                0x0800a1e4                lv_disp_get_layer_sys
 .text.lv_disp_get_theme
                0x0800a1fc       0x12 CMakeFiles/GD32F303.elf.dir/lvgl/lvgl/src/core/lv_disp.c.obj
                0x0800a1fc                lv_disp_get_theme
 .text.lv_obj_get_event_dsc
                0x0800a20e       0x1a CMakeFiles/GD32F303.elf.dir/lvgl/lvgl/src/core/lv_event.c.obj
 .text.event_is_bubbled
                0x0800a228       0x28 CMakeFiles/GD32F303.elf.dir/lvgl/lvgl/src/core/lv_event.c.obj
 .text.lv_obj_event_base
                0x0800a250       0x42 CMakeFiles/GD32F303.elf.dir/lvgl/lvgl/src/core/lv_event.c.obj
                0x0800a250                lv_obj_event_base
 .text.event_send_core
                0x0800a292       0xa2 CMakeFiles/GD32F303.elf.dir/lvgl/lvgl/src/core/lv_event.c.obj
 .text.lv_event_send
                0x0800a334       0x40 CMakeFiles/GD32F303.elf.dir/lvgl/lvgl/src/core/lv_event.c.obj
                0x0800a334                lv_event_send
 .text.lv_event_get_target
                0x0800a374        0x4 CMakeFiles/GD32F303.elf.dir/lvgl/lvgl/src/core/lv_event.c.obj
                0x0800a374                lv_event_get_target
 .text.lv_event_get_code
                0x0800a378        0x4 CMakeFiles/GD32F303.elf.dir/lvgl/lvgl/src/core/lv_event.c.obj
                0x0800a378                lv_event_get_code
 .text.lv_event_get_param
                0x0800a37c        0x4 CMakeFiles/GD32F303.elf.dir/lvgl/lvgl/src/core/lv_event.c.obj
                0x0800a37c                lv_event_get_param
 .text._lv_event_mark_deleted
                0x0800a380       0x28 CMakeFiles/GD32F303.elf.dir/lvgl/lvgl/src/core/lv_event.c.obj
                0x0800a380                _lv_event_mark_deleted
 .text.lv_obj_add_event_cb
                0x0800a3a8       0x7e CMakeFiles/GD32F303.elf.dir/lvgl/lvgl/src/core/lv_event.c.obj
                0x0800a3a8                lv_obj_add_event_cb
 .text.lv_event_get_indev
                0x0800a426       0x16 CMakeFiles/GD32F303.elf.dir/lvgl/lvgl/src/core/lv_event.c.obj
                0x0800a426                lv_event_get_indev
 .text.get_indev
                0x0800a43c       0x52 CMakeFiles/GD32F303.elf.dir/lvgl/lvgl/src/core/lv_group.c.obj
 .text.focus_next_core
                0x0800a48e       0xc4 CMakeFiles/GD32F303.elf.dir/lvgl/lvgl/src/core/lv_group.c.obj
 *fill*         0x0800a552        0x2 
 .text._lv_group_init
                0x0800a554       0x10 CMakeFiles/GD32F303.elf.dir/lvgl/lvgl/src/core/lv_group.c.obj
                0x0800a554                _lv_group_init
 .text.lv_group_create
                0x0800a564       0x44 CMakeFiles/GD32F303.elf.dir/lvgl/lvgl/src/core/lv_group.c.obj
                0x0800a564                lv_group_create
 .text.lv_group_get_default
                0x0800a5a8        0xc CMakeFiles/GD32F303.elf.dir/lvgl/lvgl/src/core/lv_group.c.obj
                0x0800a5a8                lv_group_get_default
 .text.lv_group_remove_all_objs
                0x0800a5b4       0x4e CMakeFiles/GD32F303.elf.dir/lvgl/lvgl/src/core/lv_group.c.obj
                0x0800a5b4                lv_group_remove_all_objs
 *fill*         0x0800a602        0x2 
 .text.lv_group_focus_next
                0x0800a604       0x14 CMakeFiles/GD32F303.elf.dir/lvgl/lvgl/src/core/lv_group.c.obj
                0x0800a604                lv_group_focus_next
 .text.lv_group_focus_prev
                0x0800a618       0x14 CMakeFiles/GD32F303.elf.dir/lvgl/lvgl/src/core/lv_group.c.obj
                0x0800a618                lv_group_focus_prev
 .text.lv_group_refocus
                0x0800a62c       0x2c CMakeFiles/GD32F303.elf.dir/lvgl/lvgl/src/core/lv_group.c.obj
 .text.lv_group_add_obj
                0x0800a658       0x70 CMakeFiles/GD32F303.elf.dir/lvgl/lvgl/src/core/lv_group.c.obj
                0x0800a658                lv_group_add_obj
 .text.lv_group_remove_obj
                0x0800a6c8       0xa2 CMakeFiles/GD32F303.elf.dir/lvgl/lvgl/src/core/lv_group.c.obj
                0x0800a6c8                lv_group_remove_obj
 .text.lv_group_get_focused
                0x0800a76a        0xc CMakeFiles/GD32F303.elf.dir/lvgl/lvgl/src/core/lv_group.c.obj
                0x0800a76a                lv_group_get_focused
 .text.lv_group_send_data
                0x0800a776       0x1e CMakeFiles/GD32F303.elf.dir/lvgl/lvgl/src/core/lv_group.c.obj
                0x0800a776                lv_group_send_data
 .text.lv_group_set_editing
                0x0800a794       0x44 CMakeFiles/GD32F303.elf.dir/lvgl/lvgl/src/core/lv_group.c.obj
                0x0800a794                lv_group_set_editing
 .text.lv_group_focus_obj
                0x0800a7d8       0x92 CMakeFiles/GD32F303.elf.dir/lvgl/lvgl/src/core/lv_group.c.obj
                0x0800a7d8                lv_group_focus_obj
 .text.lv_group_get_editing
                0x0800a86a        0xe CMakeFiles/GD32F303.elf.dir/lvgl/lvgl/src/core/lv_group.c.obj
                0x0800a86a                lv_group_get_editing
 .text.lv_group_get_obj_count
                0x0800a878        0x8 CMakeFiles/GD32F303.elf.dir/lvgl/lvgl/src/core/lv_group.c.obj
                0x0800a878                lv_group_get_obj_count
 .text.indev_proc_reset_query_handler
                0x0800a880       0x48 CMakeFiles/GD32F303.elf.dir/lvgl/lvgl/src/core/lv_indev.c.obj
 .text.indev_reset_check
                0x0800a8c8       0x18 CMakeFiles/GD32F303.elf.dir/lvgl/lvgl/src/core/lv_indev.c.obj
 .text.indev_gesture
                0x0800a8e0      0x114 CMakeFiles/GD32F303.elf.dir/lvgl/lvgl/src/core/lv_indev.c.obj
 .text.indev_click_focus
                0x0800a9f4       0xfc CMakeFiles/GD32F303.elf.dir/lvgl/lvgl/src/core/lv_indev.c.obj
 .text.indev_proc_release
                0x0800aaf0       0xac CMakeFiles/GD32F303.elf.dir/lvgl/lvgl/src/core/lv_indev.c.obj
 .text.indev_keypad_proc
                0x0800ab9c      0x268 CMakeFiles/GD32F303.elf.dir/lvgl/lvgl/src/core/lv_indev.c.obj
 .text.indev_encoder_proc
                0x0800ae04      0x3b0 CMakeFiles/GD32F303.elf.dir/lvgl/lvgl/src/core/lv_indev.c.obj
 .text.lv_indev_get_act
                0x0800b1b4        0xc CMakeFiles/GD32F303.elf.dir/lvgl/lvgl/src/core/lv_indev.c.obj
                0x0800b1b4                lv_indev_get_act
 .text.lv_indev_get_type
                0x0800b1c0        0xc CMakeFiles/GD32F303.elf.dir/lvgl/lvgl/src/core/lv_indev.c.obj
                0x0800b1c0                lv_indev_get_type
 .text.lv_indev_reset
                0x0800b1cc       0xa4 CMakeFiles/GD32F303.elf.dir/lvgl/lvgl/src/core/lv_indev.c.obj
                0x0800b1cc                lv_indev_reset
 .text.lv_indev_reset_long_press
                0x0800b270       0x1a CMakeFiles/GD32F303.elf.dir/lvgl/lvgl/src/core/lv_indev.c.obj
                0x0800b270                lv_indev_reset_long_press
 .text.lv_indev_set_group
                0x0800b28a       0x10 CMakeFiles/GD32F303.elf.dir/lvgl/lvgl/src/core/lv_indev.c.obj
                0x0800b28a                lv_indev_set_group
 .text.lv_indev_get_point