Archive member included to satisfy reference by file (symbol)

c:/program failes (x86)/gnu arm embedded toolchain/10 2021.10/bin/../lib/gcc/arm-none-eabi/10.3.1/../../../../arm-none-eabi/lib/thumb/v7e-m+fp/hard\libg.a(lib_a-exit.o)
                              c:/program failes (x86)/gnu arm embedded toolchain/10 2021.10/bin/../lib/gcc/arm-none-eabi/10.3.1/../../../../arm-none-eabi/lib/thumb/v7e-m+fp/hard/crt0.o (exit)
c:/program failes (x86)/gnu arm embedded toolchain/10 2021.10/bin/../lib/gcc/arm-none-eabi/10.3.1/../../../../arm-none-eabi/lib/thumb/v7e-m+fp/hard\libg.a(lib_a-impure.o)
                              c:/program failes (x86)/gnu arm embedded toolchain/10 2021.10/bin/../lib/gcc/arm-none-eabi/10.3.1/../../../../arm-none-eabi/lib/thumb/v7e-m+fp/hard\libg.a(lib_a-exit.o) (_global_impure_ptr)
c:/program failes (x86)/gnu arm embedded toolchain/10 2021.10/bin/../lib/gcc/arm-none-eabi/10.3.1/../../../../arm-none-eabi/lib/thumb/v7e-m+fp/hard\libg.a(lib_a-init.o)
                              c:/program failes (x86)/gnu arm embedded toolchain/10 2021.10/bin/../lib/gcc/arm-none-eabi/10.3.1/../../../../arm-none-eabi/lib/thumb/v7e-m+fp/hard/crt0.o (__libc_init_array)
c:/program failes (x86)/gnu arm embedded toolchain/10 2021.10/bin/../lib/gcc/arm-none-eabi/10.3.1/../../../../arm-none-eabi/lib/thumb/v7e-m+fp/hard\libg.a(lib_a-memset.o)
                              c:/program failes (x86)/gnu arm embedded toolchain/10 2021.10/bin/../lib/gcc/arm-none-eabi/10.3.1/../../../../arm-none-eabi/lib/thumb/v7e-m+fp/hard/crt0.o (memset)
c:/program failes (x86)/gnu arm embedded toolchain/10 2021.10/bin/../lib/gcc/arm-none-eabi/10.3.1/../../../../arm-none-eabi/lib/thumb/v7e-m+fp/hard\libg.a(lib_a-__call_atexit.o)
                              c:/program failes (x86)/gnu arm embedded toolchain/10 2021.10/bin/../lib/gcc/arm-none-eabi/10.3.1/../../../../arm-none-eabi/lib/thumb/v7e-m+fp/hard\libg.a(lib_a-exit.o) (__call_exitprocs)
c:/program failes (x86)/gnu arm embedded toolchain/10 2021.10/bin/../lib/gcc/arm-none-eabi/10.3.1/../../../../arm-none-eabi/lib/thumb/v7e-m+fp/hard\libg.a(lib_a-atexit.o)
                              c:/program failes (x86)/gnu arm embedded toolchain/10 2021.10/bin/../lib/gcc/arm-none-eabi/10.3.1/../../../../arm-none-eabi/lib/thumb/v7e-m+fp/hard\libg.a(lib_a-__call_atexit.o) (atexit)
c:/program failes (x86)/gnu arm embedded toolchain/10 2021.10/bin/../lib/gcc/arm-none-eabi/10.3.1/../../../../arm-none-eabi/lib/thumb/v7e-m+fp/hard\libg.a(lib_a-fini.o)
                              c:/program failes (x86)/gnu arm embedded toolchain/10 2021.10/bin/../lib/gcc/arm-none-eabi/10.3.1/../../../../arm-none-eabi/lib/thumb/v7e-m+fp/hard\libg.a(lib_a-__call_atexit.o) (__libc_fini_array)
c:/program failes (x86)/gnu arm embedded toolchain/10 2021.10/bin/../lib/gcc/arm-none-eabi/10.3.1/../../../../arm-none-eabi/lib/thumb/v7e-m+fp/hard\libg.a(lib_a-lock.o)
                              c:/program failes (x86)/gnu arm embedded toolchain/10 2021.10/bin/../lib/gcc/arm-none-eabi/10.3.1/../../../../arm-none-eabi/lib/thumb/v7e-m+fp/hard\libg.a(lib_a-__call_atexit.o) (__retarget_lock_acquire_recursive)
c:/program failes (x86)/gnu arm embedded toolchain/10 2021.10/bin/../lib/gcc/arm-none-eabi/10.3.1/../../../../arm-none-eabi/lib/thumb/v7e-m+fp/hard\libg.a(lib_a-__atexit.o)
                              c:/program failes (x86)/gnu arm embedded toolchain/10 2021.10/bin/../lib/gcc/arm-none-eabi/10.3.1/../../../../arm-none-eabi/lib/thumb/v7e-m+fp/hard\libg.a(lib_a-atexit.o) (__register_exitproc)

Discarded input sections

 .text          0x00000000        0x0 c:/program failes (x86)/gnu arm embedded toolchain/10 2021.10/bin/../lib/gcc/arm-none-eabi/10.3.1/thumb/v7e-m+fp/hard/crti.o
 .data          0x00000000        0x0 c:/program failes (x86)/gnu arm embedded toolchain/10 2021.10/bin/../lib/gcc/arm-none-eabi/10.3.1/thumb/v7e-m+fp/hard/crti.o
 .bss           0x00000000        0x0 c:/program failes (x86)/gnu arm embedded toolchain/10 2021.10/bin/../lib/gcc/arm-none-eabi/10.3.1/thumb/v7e-m+fp/hard/crti.o
 .data          0x00000000        0x4 c:/program failes (x86)/gnu arm embedded toolchain/10 2021.10/bin/../lib/gcc/arm-none-eabi/10.3.1/thumb/v7e-m+fp/hard/crtbegin.o
 .rodata        0x00000000       0x24 c:/program failes (x86)/gnu arm embedded toolchain/10 2021.10/bin/../lib/gcc/arm-none-eabi/10.3.1/thumb/v7e-m+fp/hard/crtbegin.o
 .text          0x00000000       0x7c c:/program failes (x86)/gnu arm embedded toolchain/10 2021.10/bin/../lib/gcc/arm-none-eabi/10.3.1/../../../../arm-none-eabi/lib/thumb/v7e-m+fp/hard/crt0.o
 .data          0x00000000        0x0 c:/program failes (x86)/gnu arm embedded toolchain/10 2021.10/bin/../lib/gcc/arm-none-eabi/10.3.1/../../../../arm-none-eabi/lib/thumb/v7e-m+fp/hard/crt0.o
[...]
Memory Configuration

Name             Origin             Length             Attributes
FLASH            0x08000000         0x00040000         xr
RAM              0x20000000         0x0000a000         xrw
CCMRAM           0x10000000         0x00002000         rw
*default*        0x00000000         0xffffffff

Linker script and memory map

LOAD c:/program failes (x86)/gnu arm embedded toolchain/10 2021.10/bin/../lib/gcc/arm-none-eabi/10.3.1/thumb/v7e-m+fp/hard/crti.o
LOAD c:/program failes (x86)/gnu arm embedded toolchain/10 2021.10/bin/../lib/gcc/arm-none-eabi/10.3.1/thumb/v7e-m+fp/hard/crtbegin.o
LOAD c:/program failes (x86)/gnu arm embedded toolchain/10 2021.10/bin/../lib/gcc/arm-none-eabi/10.3.1/../../../../arm-none-eabi/lib/thumb/v7e-m+fp/hard/crt0.o
LOAD CMakeFiles/GD32F303.elf.dir/GD32F30x_standard_peripheral/Source/gd32f30x_adc.c.obj
LOAD CMakeFiles/GD32F303.elf.dir/GD32F30x_standard_peripheral/Source/gd32f30x_bkp.c.obj
LOAD CMakeFiles/GD32F303.elf.dir/GD32F30x_standard_peripheral/Source/gd32f30x_can.c.obj
LOAD CMakeFiles/GD32F303.elf.dir/GD32F30x_standard_peripheral/Source/gd32f30x_crc.c.obj
LOAD CMakeFiles/GD32F303.elf.dir/GD32F30x_standard_peripheral/Source/gd32f30x_ctc.c.obj
LOAD CMakeFiles/GD32F303.elf.dir/GD32F30x_standard_peripheral/Source/gd32f30x_dac.c.obj
LOAD CMakeFiles/GD32F303.elf.dir/GD32F30x_standard_peripheral/Source/gd32f30x_dbg.c.obj
LOAD CMakeFiles/GD32F303.elf.dir/GD32F30x_standard_peripheral/Source/gd32f30x_dma.c.obj
LOAD CMakeFiles/GD32F303.elf.dir/GD32F30x_standard_peripheral/Source/gd32f30x_enet.c.obj
LOAD CMakeFiles/GD32F303.elf.dir/GD32F30x_standard_peripheral/Source/gd32f30x_exmc.c.obj
LOAD CMakeFiles/GD32F303.elf.dir/GD32F30x_standard_peripheral/Source/gd32f30x_exti.c.obj
LOAD CMakeFiles/GD32F303.elf.dir/GD32F30x_standard_peripheral/Source/gd32f30x_fmc.c.obj
LOAD CMakeFiles/GD32F303.elf.dir/GD32F30x_standard_peripheral/Source/gd32f30x_fwdgt.c.obj
LOAD CMakeFiles/GD32F303.elf.dir/GD32F30x_standard_peripheral/Source/gd32f30x_gpio.c.obj
LOAD CMakeFiles/GD32F303.elf.dir/GD32F30x_standard_peripheral/Source/gd32f30x_i2c.c.obj
LOAD CMakeFiles/GD32F303.elf.dir/GD32F30x_standard_peripheral/Source/gd32f30x_misc.c.obj
LOAD CMakeFiles/GD32F303.elf.dir/GD32F30x_standard_peripheral/Source/gd32f30x_pmu.c.obj
LOAD CMakeFiles/GD32F303.elf.dir/GD32F30x_standard_peripheral/Source/gd32f30x_rcu.c.obj
LOAD CMakeFiles/GD32F303.elf.dir/GD32F30x_standard_peripheral/Source/gd32f30x_rtc.c.obj
LOAD CMakeFiles/GD32F303.elf.dir/GD32F30x_standard_peripheral/Source/gd32f30x_sdio.c.obj
LOAD CMakeFiles/GD32F303.elf.dir/GD32F30x_standard_peripheral/Source/gd32f30x_spi.c.obj
LOAD CMakeFiles/GD32F303.elf.dir/GD32F30x_standard_peripheral/Source/gd32f30x_timer.c.obj
LOAD CMakeFiles/GD32F303.elf.dir/GD32F30x_standard_peripheral/Source/gd32f30x_usart.c.obj
LOAD CMakeFiles/GD32F303.elf.dir/GD32F30x_standard_peripheral/Source/gd32f30x_wwdgt.c.obj
LOAD CMakeFiles/GD32F303.elf.dir/Hardware_drv/Source/ws2812_drv.c.obj
LOAD CMakeFiles/GD32F303.elf.dir/Software/Source/System_time.c.obj
LOAD CMakeFiles/GD32F303.elf.dir/Startup/gd32f30x_it.c.obj
LOAD CMakeFiles/GD32F303.elf.dir/Startup/system_gd32f30x.c.obj
LOAD CMakeFiles/GD32F303.elf.dir/USER/main.c.obj
LOAD CMakeFiles/GD32F303.elf.dir/startup_gd32f30x_hd.s.obj
START GROUP
LOAD c:/program failes (x86)/gnu arm embedded toolchain/10 2021.10/bin/../lib/gcc/arm-none-eabi/10.3.1/thumb/v7e-m+fp/hard\libgcc.a
LOAD c:/program failes (x86)/gnu arm embedded toolchain/10 2021.10/bin/../lib/gcc/arm-none-eabi/10.3.1/../../../../arm-none-eabi/lib/thumb/v7e-m+fp/hard\libg.a
LOAD c:/program failes (x86)/gnu arm embedded toolchain/10 2021.10/bin/../lib/gcc/arm-none-eabi/10.3.1/../../../../arm-none-eabi/lib/thumb/v7e-m+fp/hard\libc.a
END GROUP
LOAD c:/program failes (x86)/gnu arm embedded toolchain/10 2021.10/bin/../lib/gcc/arm-none-eabi/10.3.1/thumb/v7e-m+fp/hard/crtend.o
LOAD c:/program failes (x86)/gnu arm embedded toolchain/10 2021.10/bin/../lib/gcc/arm-none-eabi/10.3.1/thumb/v7e-m+fp/hard/crtn.o
                0x20009fff                _estack = 0x20009fff
                0x00000200                _Min_Heap_Size = 0x200
                0x00000400                _Min_Stack_Size = 0x400

.isr_vector     0x08000000      0x188
                0x08000000                . = ALIGN (0x4)
 *(.isr_vector)
 .isr_vector    0x08000000      0x188 CMakeFiles/GD32F303.elf.dir/startup_gd32f30x_hd.s.obj
                0x08000000                g_pfnVectors
                0x08000188                . = ALIGN (0x4)

.text           0x08000188      0x7d8
                0x08000188                . = ALIGN (0x4)
 *(.text)
 .text          0x08000188       0x40 c:/program failes (x86)/gnu arm embedded toolchain/10 2021.10/bin/../lib/gcc/arm-none-eabi/10.3.1/thumb/v7e-m+fp/hard/crtbegin.o
 *(.text*)
 .text.gpio_init
                0x080001c8       0xa2 CMakeFiles/GD32F303.elf.dir/GD32F30x_standard_peripheral/Source/gd32f30x_gpio.c.obj
                0x080001c8                gpio_init
 .text.rcu_periph_clock_enable
                0x0800026a       0x1c CMakeFiles/GD32F303.elf.dir/GD32F30x_standard_peripheral/Source/gd32f30x_rcu.c.obj
                0x0800026a                rcu_periph_clock_enable
 .text.rcu_periph_reset_enable
                0x08000286       0x1c CMakeFiles/GD32F303.elf.dir/GD32F30x_standard_peripheral/Source/gd32f30x_rcu.c.obj
                0x08000286                rcu_periph_reset_enable
 .text.rcu_periph_reset_disable
                0x080002a2       0x1e CMakeFiles/GD32F303.elf.dir/GD32F30x_standard_peripheral/Source/gd32f30x_rcu.c.obj
                0x080002a2                rcu_periph_reset_disable
 .text.spi_i2s_deinit
                0x080002c0       0x54 CMakeFiles/GD32F303.elf.dir/GD32F30x_standard_peripheral/Source/gd32f30x_spi.c.obj
                0x080002c0                spi_i2s_deinit
 .text.spi_struct_para_init
                0x08000314       0x12 CMakeFiles/GD32F303.elf.dir/GD32F30x_standard_peripheral/Source/gd32f30x_spi.c.obj
                0x08000314                spi_struct_para_init
 .text.spi_init
                0x08000326       0x2e CMakeFiles/GD32F303.elf.dir/GD32F30x_standard_peripheral/Source/gd32f30x_spi.c.obj
                0x08000326                spi_init
 .text.spi_enable
                0x08000354        0xa CMakeFiles/GD32F303.elf.dir/GD32F30x_standard_peripheral/Source/gd32f30x_spi.c.obj
                0x08000354                spi_enable
 .text.spi_i2s_data_transmit
                0x0800035e        0x4 CMakeFiles/GD32F303.elf.dir/GD32F30x_standard_peripheral/Source/gd32f30x_spi.c.obj
                0x0800035e                spi_i2s_data_transmit
 .text.spi_i2s_flag_get
                0x08000362        0xe CMakeFiles/GD32F303.elf.dir/GD32F30x_standard_peripheral/Source/gd32f30x_spi.c.obj
                0x08000362                spi_i2s_flag_get
 .text.spi_Send_byte
                0x08000370       0x20 CMakeFiles/GD32F303.elf.dir/Hardware_drv/Source/ws2812_drv.c.obj
 .text.ws2812_spi_init
                0x08000390       0x6c CMakeFiles/GD32F303.elf.dir/Hardware_drv/Source/ws2812_drv.c.obj
                0x08000390                ws2812_spi_init
 .text.ws2812_Init
                0x080003fc        0x8 CMakeFiles/GD32F303.elf.dir/Hardware_drv/Source/ws2812_drv.c.obj
                0x080003fc                ws2812_Init
 .text.ws2812_Control
                0x08000404       0xbc CMakeFiles/GD32F303.elf.dir/Hardware_drv/Source/ws2812_drv.c.obj
                0x08000404                ws2812_Control
 .text.System_time_init
                0x080004c0       0x5c CMakeFiles/GD32F303.elf.dir/Software/Source/System_time.c.obj
                0x080004c0                System_time_init
 .text.SysTick_Handler
                0x0800051c       0x24 CMakeFiles/GD32F303.elf.dir/Software/Source/System_time.c.obj
                0x0800051c                SysTick_Handler
 .text.Get_System_T
                0x08000540       0x2c CMakeFiles/GD32F303.elf.dir/Software/Source/System_time.c.obj
                0x08000540                Get_System_T
 .text.Get_deta_T
                0x0800056c       0x74 CMakeFiles/GD32F303.elf.dir/Software/Source/System_time.c.obj
                0x0800056c                Get_deta_T
 .text.delay_ms
                0x080005e0       0x40 CMakeFiles/GD32F303.elf.dir/Software/Source/System_time.c.obj
                0x080005e0                delay_ms
 .text.NMI_Handler
                0x08000620        0x2 CMakeFiles/GD32F303.elf.dir/Startup/gd32f30x_it.c.obj
                0x08000620                NMI_Handler
 .text.HardFault_Handler
                0x08000622        0x2 CMakeFiles/GD32F303.elf.dir/Startup/gd32f30x_it.c.obj
                0x08000622                HardFault_Handler
 .text.MemManage_Handler
                0x08000624        0x2 CMakeFiles/GD32F303.elf.dir/Startup/gd32f30x_it.c.obj
                0x08000624                MemManage_Handler
 .text.BusFault_Handler
                0x08000626        0x2 CMakeFiles/GD32F303.elf.dir/Startup/gd32f30x_it.c.obj
                0x08000626                BusFault_Handler
 .text.UsageFault_Handler
                0x08000628        0x2 CMakeFiles/GD32F303.elf.dir/Startup/gd32f30x_it.c.obj
                0x08000628                UsageFault_Handler
 .text.SVC_Handler
                0x0800062a        0x2 CMakeFiles/GD32F303.elf.dir/Startup/gd32f30x_it.c.obj
                0x0800062a                SVC_Handler
 .text.DebugMon_Handler
                0x0800062c        0x2 CMakeFiles/GD32F303.elf.dir/Startup/gd32f30x_it.c.obj
                0x0800062c                DebugMon_Handler
 .text.PendSV_Handler
                0x0800062e        0x2 CMakeFiles/GD32F303.elf.dir/Startup/gd32f30x_it.c.obj
                0x0800062e                PendSV_Handler
 .text.system_clock_120m_hxtal
                0x08000630       0xd8 CMakeFiles/GD32F303.elf.dir/Startup/system_gd32f30x.c.obj
 .text.system_clock_config
                0x08000708        0x8 CMakeFiles/GD32F303.elf.dir/Startup/system_gd32f30x.c.obj
 .text.SystemInit
                0x08000710       0x78 CMakeFiles/GD32F303.elf.dir/Startup/system_gd32f30x.c.obj
                0x08000710                SystemInit
 .text.main     0x08000788       0x42 CMakeFiles/GD32F303.elf.dir/USER/main.c.obj
                0x08000788                main
 *fill*         0x080007ca        0x2 
 .text.Reset_Handler
                0x080007cc       0x50 CMakeFiles/GD32F303.elf.dir/startup_gd32f30x_hd.s.obj
                0x080007cc                Reset_Handler
 .text.Default_Handler
                0x0800081c        0x2 CMakeFiles/GD32F303.elf.dir/startup_gd32f30x_hd.s.obj
                0x0800081c                RTC_Alarm_IRQHandler
                0x0800081c                TIM8_TRG_COM_IRQHandler
                0x0800081c                TIM8_CC_IRQHandler
                0x0800081c                TIM1_CC_IRQHandler
                0x0800081c                USB_HP_IRQHandler
                0x0800081c                PVD_IRQHandler
                0x0800081c                TAMP_STAMP_IRQHandler
                0x0800081c                EXTI3_IRQHandler
                0x0800081c                USB_HP_CAN_TX_IRQHandler
                0x0800081c                EXTI0_IRQHandler
                0x0800081c                I2C2_EV_IRQHandler
                0x0800081c                FPU_IRQHandler
                0x0800081c                TIM1_UP_TIM16_IRQHandler
                0x0800081c                ADC1_2_IRQHandler
                0x0800081c                SPI1_IRQHandler
                0x0800081c                CAN_SCE_IRQHandler
                0x0800081c                TIM6_DAC_IRQHandler
                0x0800081c                TIM8_UP_IRQHandler
                0x0800081c                DMA2_Channel2_IRQHandler
                0x0800081c                DMA1_Channel4_IRQHandler
                0x0800081c                USART3_IRQHandler
                0x0800081c                DMA1_Channel7_IRQHandler
                0x0800081c                UART5_IRQHandler
                0x0800081c                ADC3_IRQHandler
                0x0800081c                TIM4_IRQHandler
                0x0800081c                CAN_RX1_IRQHandler
                0x0800081c                DMA2_Channel1_IRQHandler
                0x0800081c                I2C1_EV_IRQHandler
                0x0800081c                DMA1_Channel6_IRQHandler
                0x0800081c                UART4_IRQHandler
                0x0800081c                DMA2_Channel4_IRQHandler
                0x0800081c                TIM3_IRQHandler
                0x0800081c                RCC_IRQHandler
                0x0800081c                DMA1_Channel1_IRQHandler
                0x0800081c                Default_Handler
                0x0800081c                USBWakeUp_RMP_IRQHandler
                0x0800081c                EXTI15_10_IRQHandler
                0x0800081c                TIM7_IRQHandler
                0x0800081c                EXTI9_5_IRQHandler
                0x0800081c                RTC_WKUP_IRQHandler
                0x0800081c                SPI2_IRQHandler
                0x0800081c                USB_LP_CAN_RX0_IRQHandler
                0x0800081c                DMA2_Channel5_IRQHandler
                0x0800081c                DMA1_Channel5_IRQHandler
                0x0800081c                USB_LP_IRQHandler
                0x0800081c                EXTI4_IRQHandler
                0x0800081c                TIM1_TRG_COM_TIM17_IRQHandler
                0x0800081c                DMA1_Channel3_IRQHandler
                0x0800081c                ADC4_IRQHandler
                0x0800081c                WWDG_IRQHandler
                0x0800081c                TIM2_IRQHandler
                0x0800081c                COMP7_IRQHandler
                0x0800081c                COMP1_2_3_IRQHandler
                0x0800081c                EXTI1_IRQHandler
                0x0800081c                USART2_IRQHandler
                0x0800081c                COMP4_5_6_IRQHandler
                0x0800081c                I2C2_ER_IRQHandler
                0x0800081c                DMA1_Channel2_IRQHandler
                0x0800081c                TIM8_BRK_IRQHandler
                0x0800081c                FLASH_IRQHandler
                0x0800081c                USART1_IRQHandler
                0x0800081c                SPI3_IRQHandler
                0x0800081c                I2C1_ER_IRQHandler
                0x0800081c                USBWakeUp_IRQHandler
                0x0800081c                DMA2_Channel3_IRQHandler
                0x0800081c                EXTI2_TSC_IRQHandler
                0x0800081c                TIM1_BRK_TIM15_IRQHandler
 *fill*         0x0800081e        0x2 
 .text.__libc_init_array
                0x08000820       0x48 c:/program failes (x86)/gnu arm embedded toolchain/10 2021.10/bin/../lib/gcc/arm-none-eabi/10.3.1/../../../../arm-none-eabi/lib/thumb/v7e-m+fp/hard\libg.a(lib_a-init.o)
                0x08000820                __libc_init_array
 .text.startup.register_fini
                0x08000868       0x14 c:/program failes (x86)/gnu arm embedded toolchain/10 2021.10/bin/../lib/gcc/arm-none-eabi/10.3.1/../../../../arm-none-eabi/lib/thumb/v7e-m+fp/hard\libg.a(lib_a-__call_atexit.o)
 .text.atexit   0x0800087c        0xc c:/program failes (x86)/gnu arm embedded toolchain/10 2021.10/bin/../lib/gcc/arm-none-eabi/10.3.1/../../../../arm-none-eabi/lib/thumb/v7e-m+fp/hard\libg.a(lib_a-atexit.o)
                0x0800087c                atexit
 .text.__libc_fini_array
                0x08000888       0x2c c:/program failes (x86)/gnu arm embedded toolchain/10 2021.10/bin/../lib/gcc/arm-none-eabi/10.3.1/../../../../arm-none-eabi/lib/thumb/v7e-m+fp/hard\libg.a(lib_a-fini.o)
                0x08000888                __libc_fini_array
 .text.__retarget_lock_acquire_recursive
                0x080008b4        0x4 c:/program failes (x86)/gnu arm embedded toolchain/10 2021.10/bin/../lib/gcc/arm-none-eabi/10.3.1/../../../../arm-none-eabi/lib/thumb/v7e-m+fp/hard\libg.a(lib_a-lock.o)
                0x080008b4                __retarget_lock_acquire_recursive
 .text.__retarget_lock_release_recursive
                0x080008b8        0x4 c:/program failes (x86)/gnu arm embedded toolchain/10 2021.10/bin/../lib/gcc/arm-none-eabi/10.3.1/../../../../arm-none-eabi/lib/thumb/v7e-m+fp/hard\libg.a(lib_a-lock.o)
                0x080008b8                __retarget_lock_release_recursive
 .text.__register_exitproc
                0x080008bc       0x8c c:/program failes (x86)/gnu arm embedded toolchain/10 2021.10/bin/../lib/gcc/arm-none-eabi/10.3.1/../../../../arm-none-eabi/lib/thumb/v7e-m+fp/hard\libg.a(lib_a-__atexit.o)
                0x080008bc                __register_exitproc
 *(.glue_7)
 .glue_7        0x08000948        0x0 linker stubs
 *(.glue_7t)
 .glue_7t       0x08000948        0x0 linker stubs
 *(.eh_frame)
 .eh_frame      0x08000948        0x0 c:/program failes (x86)/gnu arm embedded toolchain/10 2021.10/bin/../lib/gcc/arm-none-eabi/10.3.1/thumb/v7e-m+fp/hard/crtbegin.o
 *(.init)
 .init          0x08000948        0x4 c:/program failes (x86)/gnu arm embedded toolchain/10 2021.10/bin/../lib/gcc/arm-none-eabi/10.3.1/thumb/v7e-m+fp/hard/crti.o
                0x08000948                _init
 .init          0x0800094c        0x8 c:/program failes (x86)/gnu arm embedded toolchain/10 2021.10/bin/../lib/gcc/arm-none-eabi/10.3.1/thumb/v7e-m+fp/hard/crtn.o
 *(.fini)
 .fini          0x08000954        0x4 c:/program failes (x86)/gnu arm embedded toolchain/10 2021.10/bin/../lib/gcc/arm-none-eabi/10.3.1/thumb/v7e-m+fp/hard/crti.o
                0x08000954                _fini
 .fini          0x08000958        0x8 c:/program failes (x86)/gnu arm embedded toolchain/10 2021.10/bin/../lib/gcc/arm-none-eabi/10.3.1/thumb/v7e-m+fp/hard/crtn.o
                0x08000960                . = ALIGN (0x4)
                0x08000960                _etext = .

.vfp11_veneer   0x08000960        0x0
 .vfp11_veneer  0x08000960        0x0 linker stubs

.v4_bx          0x08000960        0x0
 .v4_bx         0x08000960        0x0 linker stubs

.iplt           0x08000960        0x0
 .iplt          0x08000960        0x0 c:/program failes (x86)/gnu arm embedded toolchain/10 2021.10/bin/../lib/gcc/arm-none-eabi/10.3.1/thumb/v7e-m+fp/hard/crtbegin.o

.rodata         0x08000960        0x4
                0x08000960                . = ALIGN (0x4)
 *(.rodata)
 *(.rodata*)
 .rodata._global_impure_ptr
                0x08000960        0x4 c:/program failes (x86)/gnu arm embedded toolchain/10 2021.10/bin/../lib/gcc/arm-none-eabi/10.3.1/../../../../arm-none-eabi/lib/thumb/v7e-m+fp/hard\libg.a(lib_a-impure.o)
                0x08000960                _global_impure_ptr
                0x08000964                . = ALIGN (0x4)

.rel.dyn        0x08000964        0x0
 .rel.iplt      0x08000964        0x0 c:/program failes (x86)/gnu arm embedded toolchain/10 2021.10/bin/../lib/gcc/arm-none-eabi/10.3.1/thumb/v7e-m+fp/hard/crtbegin.o

.ARM.extab
 *(.ARM.extab* .gnu.linkonce.armextab.*)

.ARM            0x08000964        0x0
                0x08000964                __exidx_start = .
 *(.ARM.exidx*)
                0x08000964                __exidx_end = .

.preinit_array  0x08000964        0x0
                0x08000964                PROVIDE (__preinit_array_start = .)
 *(.preinit_array*)
                0x08000964                PROVIDE (__preinit_array_end = .)

.init_array     0x08000964        0x8
                0x08000964                PROVIDE (__init_array_start = .)
 *(SORT_BY_NAME(.init_array.*))
 .init_array.00000
                0x08000964        0x4 c:/program failes (x86)/gnu arm embedded toolchain/10 2021.10/bin/../lib/gcc/arm-none-eabi/10.3.1/../../../../arm-none-eabi/lib/thumb/v7e-m+fp/hard\libg.a(lib_a-__call_atexit.o)
 *(.init_array*)
 .init_array    0x08000968        0x4 c:/program failes (x86)/gnu arm embedded toolchain/10 2021.10/bin/../lib/gcc/arm-none-eabi/10.3.1/thumb/v7e-m+fp/hard/crtbegin.o
                0x0800096c                PROVIDE (__init_array_end = .)

.fini_array     0x0800096c        0x4
                0x0800096c                PROVIDE (__fini_array_start = .)
 *(SORT_BY_NAME(.fini_array.*))
 *(.fini_array*)
 .fini_array    0x0800096c        0x4 c:/program failes (x86)/gnu arm embedded toolchain/10 2021.10/bin/../lib/gcc/arm-none-eabi/10.3.1/thumb/v7e-m+fp/hard/crtbegin.o
                0x08000970                PROVIDE (__fini_array_end = .)
                0x08000970                _sidata = LOADADDR (.data)

.data           0x20000000      0x434 load address 0x08000970
                0x20000000                . = ALIGN (0x4)
                0x20000000                _sdata = .
 *(.data)
 *(.data*)
 .data.SystemCoreClock
                0x20000000        0x4 CMakeFiles/GD32F303.elf.dir/Startup/system_gd32f30x.c.obj
                0x20000000                SystemCoreClock
 *fill*         0x20000004        0x4 
 .data.impure_data
                0x20000008      0x428 c:/program failes (x86)/gnu arm embedded toolchain/10 2021.10/bin/../lib/gcc/arm-none-eabi/10.3.1/../../../../arm-none-eabi/lib/thumb/v7e-m+fp/hard\libg.a(lib_a-impure.o)
 .data.__atexit_recursive_mutex
                0x20000430        0x4 c:/program failes (x86)/gnu arm embedded toolchain/10 2021.10/bin/../lib/gcc/arm-none-eabi/10.3.1/../../../../arm-none-eabi/lib/thumb/v7e-m+fp/hard\libg.a(lib_a-__call_atexit.o)
                0x20000430                __atexit_recursive_mutex
                0x20000434                . = ALIGN (0x4)
                0x20000434                _edata = .
                0x08000da4                _siccmram = LOADADDR (.ccmram)

.igot.plt       0x20000434        0x0 load address 0x08000da4
 .igot.plt      0x20000434        0x0 c:/program failes (x86)/gnu arm embedded toolchain/10 2021.10/bin/../lib/gcc/arm-none-eabi/10.3.1/thumb/v7e-m+fp/hard/crtbegin.o

.ccmram         0x10000000        0x0 load address 0x08000da4
                0x10000000                . = ALIGN (0x4)
                0x10000000                _sccmram = .
 *(.ccmram)
 *(.ccmram*)
                0x10000000                . = ALIGN (0x4)
                0x10000000                _eccmram = .
                0x10000000                . = ALIGN (0x4)

.bss            0x20000434       0x44
                0x20000434                _sbss = .
                0x20000434                __bss_start__ = _sbss
 *(.bss)
 .bss           0x20000434       0x1c c:/program failes (x86)/gnu arm embedded toolchain/10 2021.10/bin/../lib/gcc/arm-none-eabi/10.3.1/thumb/v7e-m+fp/hard/crtbegin.o
 *(.bss*)
 .bss.ws2812_code
                0x20000450       0x18 CMakeFiles/GD32F303.elf.dir/Hardware_drv/Source/ws2812_drv.c.obj
                0x20000450                ws2812_code
 .bss.System_T  0x20000468        0x8 CMakeFiles/GD32F303.elf.dir/Software/Source/System_time.c.obj
                0x20000468                System_T
 .bss.us_Count  0x20000470        0x2 CMakeFiles/GD32F303.elf.dir/Software/Source/System_time.c.obj
                0x20000470                us_Count
 *fill*         0x20000472        0x2 
 .bss.__lock___atexit_recursive_mutex
                0x20000474        0x1 c:/program failes (x86)/gnu arm embedded toolchain/10 2021.10/bin/../lib/gcc/arm-none-eabi/10.3.1/../../../../arm-none-eabi/lib/thumb/v7e-m+fp/hard\libg.a(lib_a-lock.o)
                0x20000474                __lock___atexit_recursive_mutex
 *(COMMON)
                0x20000478                . = ALIGN (0x4)
 *fill*         0x20000475        0x3 
                0x20000478                _ebss = .
                0x20000478                __bss_end__ = _ebss

._user_heap_stack
                0x20000478      0x600
                0x20000478                . = ALIGN (0x4)
                [!provide]                PROVIDE (end = .)
                [!provide]                PROVIDE (_end = .)
                0x20000678                . = (. + _Min_Heap_Size)
 *fill*         0x20000478      0x200 
                0x20000a78                . = (. + _Min_Stack_Size)
 *fill*         0x20000678      0x400 
                0x20000a78                . = ALIGN (0x4)

/DISCARD/
 libc.a(*)
 libm.a(*)
 libgcc.a(*)

.ARM.attributes
                0x00000000       0x30
 *(.ARM.attributes)
 .ARM.attributes
                0x00000000       0x1e c:/program failes (x86)/gnu arm embedded toolchain/10 2021.10/bin/../lib/gcc/arm-none-eabi/10.3.1/thumb/v7e-m+fp/hard/crti.o
 .ARM.attributes
                0x0000001e       0x34 c:/program failes (x86)/gnu arm embedded toolchain/10 2021.10/bin/../lib/gcc/arm-none-eabi/10.3.1/thumb/v7e-m+fp/hard/crtbegin.o
 .ARM.attributes
                0x00000052       0x34 CMakeFiles/GD32F303.elf.dir/GD32F30x_standard_peripheral/Source/gd32f30x_gpio.c.obj
 .ARM.attributes
                0x00000086       0x34 CMakeFiles/GD32F303.elf.dir/GD32F30x_standard_peripheral/Source/gd32f30x_rcu.c.obj
 .ARM.attributes
                0x000000ba       0x34 CMakeFiles/GD32F303.elf.dir/GD32F30x_standard_peripheral/Source/gd32f30x_spi.c.obj
 .ARM.attributes
                0x000000ee       0x34 CMakeFiles/GD32F303.elf.dir/Hardware_drv/Source/ws2812_drv.c.obj
 .ARM.attributes
                0x00000122       0x34 CMakeFiles/GD32F303.elf.dir/Software/Source/System_time.c.obj
 .ARM.attributes
                0x00000156       0x34 CMakeFiles/GD32F303.elf.dir/Startup/gd32f30x_it.c.obj
 .ARM.attributes
                0x0000018a       0x34 CMakeFiles/GD32F303.elf.dir/Startup/system_gd32f30x.c.obj
 .ARM.attributes
                0x000001be       0x34 CMakeFiles/GD32F303.elf.dir/USER/main.c.obj
 .ARM.attributes
                0x000001f2       0x21 CMakeFiles/GD32F303.elf.dir/startup_gd32f30x_hd.s.obj
 .ARM.attributes
                0x00000213       0x34 c:/program failes (x86)/gnu arm embedded toolchain/10 2021.10/bin/../lib/gcc/arm-none-eabi/10.3.1/../../../../arm-none-eabi/lib/thumb/v7e-m+fp/hard\libg.a(lib_a-impure.o)
 .ARM.attributes
                0x00000247       0x34 c:/program failes (x86)/gnu arm embedded toolchain/10 2021.10/bin/../lib/gcc/arm-none-eabi/10.3.1/../../../../arm-none-eabi/lib/thumb/v7e-m+fp/hard\libg.a(lib_a-init.o)
 .ARM.attributes
                0x0000027b       0x34 c:/program failes (x86)/gnu arm embedded toolchain/10 2021.10/bin/../lib/gcc/arm-none-eabi/10.3.1/../../../../arm-none-eabi/lib/thumb/v7e-m+fp/hard\libg.a(lib_a-__call_atexit.o)
 .ARM.attributes
                0x000002af       0x34 c:/program failes (x86)/gnu arm embedded toolchain/10 2021.10/bin/../lib/gcc/arm-none-eabi/10.3.1/../../../../arm-none-eabi/lib/thumb/v7e-m+fp/hard\libg.a(lib_a-atexit.o)
 .ARM.attributes
                0x000002e3       0x34 c:/program failes (x86)/gnu arm embedded toolchain/10 2021.10/bin/../lib/gcc/arm-none-eabi/10.3.1/../../../../arm-none-eabi/lib/thumb/v7e-m+fp/hard\libg.a(lib_a-fini.o)
 .ARM.attributes
                0x00000317       0x34 c:/program failes (x86)/gnu arm embedded toolchain/10 2021.10/bin/../lib/gcc/arm-none-eabi/10.3.1/../../../../arm-none-eabi/lib/thumb/v7e-m+fp/hard\libg.a(lib_a-lock.o)
 .ARM.attributes
                0x0000034b       0x34 c:/program failes (x86)/gnu arm embedded toolchain/10 2021.10/bin/../lib/gcc/arm-none-eabi/10.3.1/../../../../arm-none-eabi/lib/thumb/v7e-m+fp/hard\libg.a(lib_a-__atexit.o)
 .ARM.attributes
                0x0000037f       0x1e c:/program failes (x86)/gnu arm embedded toolchain/10 2021.10/bin/../lib/gcc/arm-none-eabi/10.3.1/thumb/v7e-m+fp/hard/crtn.o
OUTPUT(GD32F303.elf elf32-littlearm)
LOAD linker stubs
LOAD c:/program failes (x86)/gnu arm embedded toolchain/10 2021.10/bin/../lib/gcc/arm-none-eabi/10.3.1/../../../../arm-none-eabi/lib/thumb/v7e-m+fp/hard\libc.a
LOAD c:/program failes (x86)/gnu arm embedded toolchain/10 2021.10/bin/../lib/gcc/arm-none-eabi/10.3.1/../../../../arm-none-eabi/lib/thumb/v7e-m+fp/hard\libm.a
LOAD c:/program failes (x86)/gnu arm embedded toolchain/10 2021.10/bin/../lib/gcc/arm-none-eabi/10.3.1/thumb/v7e-m+fp/hard\libgcc.a

.debug_info     0x00000000     0x367c
 .debug_info    0x00000000      0x7fb CMakeFiles/GD32F303.elf.dir/GD32F30x_standard_peripheral/Source/gd32f30x_gpio.c.obj
 .debug_info    0x000007fb      0xf47 CMakeFiles/GD32F303.elf.dir/GD32F30x_standard_peripheral/Source/gd32f30x_rcu.c.obj
 .debug_info    0x00001742      0xb41 CMakeFiles/GD32F303.elf.dir/GD32F30x_standard_peripheral/Source/gd32f30x_spi.c.obj
 .debug_info    0x00002283      0x521 CMakeFiles/GD32F303.elf.dir/Hardware_drv/Source/ws2812_drv.c.obj
 .debug_info    0x000027a4      0x81a CMakeFiles/GD32F303.elf.dir/Software/Source/System_time.c.obj
 .debug_info    0x00002fbe       0xfc CMakeFiles/GD32F303.elf.dir/Startup/gd32f30x_it.c.obj
 .debug_info    0x000030ba      0x442 CMakeFiles/GD32F303.elf.dir/Startup/system_gd32f30x.c.obj
 .debug_info    0x000034fc      0x15e CMakeFiles/GD32F303.elf.dir/USER/main.c.obj
 .debug_info    0x0000365a       0x22 CMakeFiles/GD32F303.elf.dir/startup_gd32f30x_hd.s.obj

.debug_abbrev   0x00000000      0xc40
 .debug_abbrev  0x00000000      0x1f5 CMakeFiles/GD32F303.elf.dir/GD32F30x_standard_peripheral/Source/gd32f30x_gpio.c.obj
 .debug_abbrev  0x000001f5      0x1c4 CMakeFiles/GD32F303.elf.dir/GD32F30x_standard_peripheral/Source/gd32f30x_rcu.c.obj
 .debug_abbrev  0x000003b9      0x1d4 CMakeFiles/GD32F303.elf.dir/GD32F30x_standard_peripheral/Source/gd32f30x_spi.c.obj
 .debug_abbrev  0x0000058d      0x1ae CMakeFiles/GD32F303.elf.dir/Hardware_drv/Source/ws2812_drv.c.obj
 .debug_abbrev  0x0000073b      0x282 CMakeFiles/GD32F303.elf.dir/Software/Source/System_time.c.obj
 .debug_abbrev  0x000009bd       0x44 CMakeFiles/GD32F303.elf.dir/Startup/gd32f30x_it.c.obj
 .debug_abbrev  0x00000a01      0x1a3 CMakeFiles/GD32F303.elf.dir/Startup/system_gd32f30x.c.obj
 .debug_abbrev  0x00000ba4       0x8a CMakeFiles/GD32F303.elf.dir/USER/main.c.obj
 .debug_abbrev  0x00000c2e       0x12 CMakeFiles/GD32F303.elf.dir/startup_gd32f30x_hd.s.obj

.debug_loc      0x00000000     0x174e
 .debug_loc     0x00000000      0x54a CMakeFiles/GD32F303.elf.dir/GD32F30x_standard_peripheral/Source/gd32f30x_gpio.c.obj
 .debug_loc     0x0000054a      0xa0d CMakeFiles/GD32F303.elf.dir/GD32F30x_standard_peripheral/Source/gd32f30x_rcu.c.obj
 .debug_loc     0x00000f57      0x494 CMakeFiles/GD32F303.elf.dir/GD32F30x_standard_peripheral/Source/gd32f30x_spi.c.obj
 .debug_loc     0x000013eb      0x12c CMakeFiles/GD32F303.elf.dir/Hardware_drv/Source/ws2812_drv.c.obj
 .debug_loc     0x00001517       0xbb CMakeFiles/GD32F303.elf.dir/Software/Source/System_time.c.obj
 .debug_loc     0x000015d2      0x17c CMakeFiles/GD32F303.elf.dir/Startup/system_gd32f30x.c.obj

.debug_aranges  0x00000000      0x4b0
 .debug_aranges
                0x00000000       0xb0 CMakeFiles/GD32F303.elf.dir/GD32F30x_standard_peripheral/Source/gd32f30x_gpio.c.obj
 .debug_aranges
                0x000000b0      0x150 CMakeFiles/GD32F303.elf.dir/GD32F30x_standard_peripheral/Source/gd32f30x_rcu.c.obj
 .debug_aranges
                0x00000200      0x158 CMakeFiles/GD32F303.elf.dir/GD32F30x_standard_peripheral/Source/gd32f30x_spi.c.obj
 .debug_aranges
                0x00000358       0x38 CMakeFiles/GD32F303.elf.dir/Hardware_drv/Source/ws2812_drv.c.obj
 .debug_aranges
                0x00000390       0x48 CMakeFiles/GD32F303.elf.dir/Software/Source/System_time.c.obj
 .debug_aranges
                0x000003d8       0x58 CMakeFiles/GD32F303.elf.dir/Startup/gd32f30x_it.c.obj
 .debug_aranges
                0x00000430       0x38 CMakeFiles/GD32F303.elf.dir/Startup/system_gd32f30x.c.obj
 .debug_aranges
                0x00000468       0x20 CMakeFiles/GD32F303.elf.dir/USER/main.c.obj
 .debug_aranges
                0x00000488       0x28 CMakeFiles/GD32F303.elf.dir/startup_gd32f30x_hd.s.obj

.debug_ranges   0x00000000      0x428
 .debug_ranges  0x00000000       0xa0 CMakeFiles/GD32F303.elf.dir/GD32F30x_standard_peripheral/Source/gd32f30x_gpio.c.obj
 .debug_ranges  0x000000a0      0x140 CMakeFiles/GD32F303.elf.dir/GD32F30x_standard_peripheral/Source/gd32f30x_rcu.c.obj
 .debug_ranges  0x000001e0      0x148 CMakeFiles/GD32F303.elf.dir/GD32F30x_standard_peripheral/Source/gd32f30x_spi.c.obj
 .debug_ranges  0x00000328       0x28 CMakeFiles/GD32F303.elf.dir/Hardware_drv/Source/ws2812_drv.c.obj
 .debug_ranges  0x00000350       0x38 CMakeFiles/GD32F303.elf.dir/Software/Source/System_time.c.obj
 .debug_ranges  0x00000388       0x48 CMakeFiles/GD32F303.elf.dir/Startup/gd32f30x_it.c.obj
 .debug_ranges  0x000003d0       0x28 CMakeFiles/GD32F303.elf.dir/Startup/system_gd32f30x.c.obj
 .debug_ranges  0x000003f8       0x10 CMakeFiles/GD32F303.elf.dir/USER/main.c.obj
 .debug_ranges  0x00000408       0x20 CMakeFiles/GD32F303.elf.dir/startup_gd32f30x_hd.s.obj

.debug_line     0x00000000     0x2d1f
 .debug_line    0x00000000      0x76b CMakeFiles/GD32F303.elf.dir/GD32F30x_standard_peripheral/Source/gd32f30x_gpio.c.obj
 .debug_line    0x0000076b      0xb82 CMakeFiles/GD32F303.elf.dir/GD32F30x_standard_peripheral/Source/gd32f30x_rcu.c.obj
 .debug_line    0x000012ed      0x958 CMakeFiles/GD32F303.elf.dir/GD32F30x_standard_peripheral/Source/gd32f30x_spi.c.obj
 .debug_line    0x00001c45      0x470 CMakeFiles/GD32F303.elf.dir/Hardware_drv/Source/ws2812_drv.c.obj
 .debug_line    0x000020b5      0x447 CMakeFiles/GD32F303.elf.dir/Software/Source/System_time.c.obj
 .debug_line    0x000024fc      0x140 CMakeFiles/GD32F303.elf.dir/Startup/gd32f30x_it.c.obj
 .debug_line    0x0000263c      0x50b CMakeFiles/GD32F303.elf.dir/Startup/system_gd32f30x.c.obj
 .debug_line    0x00002b47      0x138 CMakeFiles/GD32F303.elf.dir/USER/main.c.obj
 .debug_line    0x00002c7f       0xa0 CMakeFiles/GD32F303.elf.dir/startup_gd32f30x_hd.s.obj

.debug_str      0x00000000     0x1cf4
 .debug_str     0x00000000      0x5fe CMakeFiles/GD32F303.elf.dir/GD32F30x_standard_peripheral/Source/gd32f30x_gpio.c.obj
                                0x65d (size before relaxing)
 .debug_str     0x000005fe      0xa52 CMakeFiles/GD32F303.elf.dir/GD32F30x_standard_peripheral/Source/gd32f30x_rcu.c.obj
                                0xe3b (size before relaxing)
 .debug_str     0x00001050      0x42c CMakeFiles/GD32F303.elf.dir/GD32F30x_standard_peripheral/Source/gd32f30x_spi.c.obj
                                0x86d (size before relaxing)
 .debug_str     0x0000147c       0xd8 CMakeFiles/GD32F303.elf.dir/Hardware_drv/Source/ws2812_drv.c.obj
                                0x516 (size before relaxing)
 .debug_str     0x00001554      0x5ac CMakeFiles/GD32F303.elf.dir/Software/Source/System_time.c.obj
                                0x7b4 (size before relaxing)
 .debug_str     0x00001b00       0xc2 CMakeFiles/GD32F303.elf.dir/Startup/gd32f30x_it.c.obj
                                0x252 (size before relaxing)
 .debug_str     0x00001bc2       0xa5 CMakeFiles/GD32F303.elf.dir/Startup/system_gd32f30x.c.obj
                                0x340 (size before relaxing)
 .debug_str     0x00001c67       0x3d CMakeFiles/GD32F303.elf.dir/USER/main.c.obj
                                0x202 (size before relaxing)
 .debug_str     0x00001ca4       0x50 CMakeFiles/GD32F303.elf.dir/startup_gd32f30x_hd.s.obj
                                 0x82 (size before relaxing)

.comment        0x00000000       0x49
 .comment       0x00000000       0x49 CMakeFiles/GD32F303.elf.dir/GD32F30x_standard_peripheral/Source/gd32f30x_gpio.c.obj
                                 0x4a (size before relaxing)
 .comment       0x00000049       0x4a CMakeFiles/GD32F303.elf.dir/GD32F30x_standard_peripheral/Source/gd32f30x_rcu.c.obj
 .comment       0x00000049       0x4a CMakeFiles/GD32F303.elf.dir/GD32F30x_standard_peripheral/Source/gd32f30x_spi.c.obj
 .comment       0x00000049       0x4a CMakeFiles/GD32F303.elf.dir/Hardware_drv/Source/ws2812_drv.c.obj
 .comment       0x00000049       0x4a CMakeFiles/GD32F303.elf.dir/Software/Source/System_time.c.obj
 .comment       0x00000049       0x4a CMakeFiles/GD32F303.elf.dir/Startup/gd32f30x_it.c.obj
 .comment       0x00000049       0x4a CMakeFiles/GD32F303.elf.dir/Startup/system_gd32f30x.c.obj
 .comment       0x00000049       0x4a CMakeFiles/GD32F303.elf.dir/USER/main.c.obj

.debug_frame    0x00000000      0xaf8
 .debug_frame   0x00000000      0x170 CMakeFiles/GD32F303.elf.dir/GD32F30x_standard_peripheral/Source/gd32f30x_gpio.c.obj
 .debug_frame   0x00000170      0x2a4 CMakeFiles/GD32F303.elf.dir/GD32F30x_standard_peripheral/Source/gd32f30x_rcu.c.obj
 .debug_frame   0x00000414      0x2b4 CMakeFiles/GD32F303.elf.dir/GD32F30x_standard_peripheral/Source/gd32f30x_spi.c.obj
 .debug_frame   0x000006c8       0x78 CMakeFiles/GD32F303.elf.dir/Hardware_drv/Source/ws2812_drv.c.obj
 .debug_frame   0x00000740       0xc4 CMakeFiles/GD32F303.elf.dir/Software/Source/System_time.c.obj
 .debug_frame   0x00000804       0x90 CMakeFiles/GD32F303.elf.dir/Startup/gd32f30x_it.c.obj
 .debug_frame   0x00000894       0x70 CMakeFiles/GD32F303.elf.dir/Startup/system_gd32f30x.c.obj
 .debug_frame   0x00000904       0x28 CMakeFiles/GD32F303.elf.dir/USER/main.c.obj
 .debug_frame   0x0000092c       0x2c c:/program failes (x86)/gnu arm embedded toolchain/10 2021.10/bin/../lib/gcc/arm-none-eabi/10.3.1/../../../../arm-none-eabi/lib/thumb/v7e-m+fp/hard\libg.a(lib_a-init.o)
 .debug_frame   0x00000958       0x68 c:/program failes (x86)/gnu arm embedded toolchain/10 2021.10/bin/../lib/gcc/arm-none-eabi/10.3.1/../../../../arm-none-eabi/lib/thumb/v7e-m+fp/hard\libg.a(lib_a-__call_atexit.o)
 .debug_frame   0x000009c0       0x20 c:/program failes (x86)/gnu arm embedded toolchain/10 2021.10/bin/../lib/gcc/arm-none-eabi/10.3.1/../../../../arm-none-eabi/lib/thumb/v7e-m+fp/hard\libg.a(lib_a-atexit.o)
 .debug_frame   0x000009e0       0x34 c:/program failes (x86)/gnu arm embedded toolchain/10 2021.10/bin/../lib/gcc/arm-none-eabi/10.3.1/../../../../arm-none-eabi/lib/thumb/v7e-m+fp/hard\libg.a(lib_a-fini.o)
 .debug_frame   0x00000a14       0xb0 c:/program failes (x86)/gnu arm embedded toolchain/10 2021.10/bin/../lib/gcc/arm-none-eabi/10.3.1/../../../../arm-none-eabi/lib/thumb/v7e-m+fp/hard\libg.a(lib_a-lock.o)
 .debug_frame   0x00000ac4       0x34 c:/program failes (x86)/gnu arm embedded toolchain/10 2021.10/bin/../lib/gcc/arm-none-eabi/10.3.1/../../../../arm-none-eabi/lib/thumb/v7e-m+fp/hard\libg.a(lib_a-__atexit.o)
