Archive member included to satisfy reference by file (symbol)

c:/progra~2/gnuarm~1/102021~1.10/bin/../lib/gcc/arm-none-eabi/10.3.1/../../../../arm-none-eabi/lib/thumb/v8-m.base/nofp\libstdc++.a(atexit_arm.o)
                              CMakeFiles/GD32E230_demo.elf.dir/USER/main.cpp.obj (__aeabi_atexit)
c:/progra~2/gnuarm~1/102021~1.10/bin/../lib/gcc/arm-none-eabi/10.3.1/thumb/v8-m.base/nofp\libgcc.a(_arm_cmpsf2.o)
                              CMakeFiles/GD32E230_demo.elf.dir/Device_Drivers_Layer/button_drv.cpp.obj (__aeabi_fcmplt)
c:/progra~2/gnuarm~1/102021~1.10/bin/../lib/gcc/arm-none-eabi/10.3.1/thumb/v8-m.base/nofp\libgcc.a(_fixunssfsi.o)
                              CMakeFiles/GD32E230_demo.elf.dir/Hardware_Abstraction_Layer/pwm_hal.cpp.obj (__aeabi_f2uiz)
c:/progra~2/gnuarm~1/102021~1.10/bin/../lib/gcc/arm-none-eabi/10.3.1/thumb/v8-m.base/nofp\libgcc.a(addsf3.o)
                              CMakeFiles/GD32E230_demo.elf.dir/Software_Layer/System_time.c.obj (__aeabi_fadd)
c:/progra~2/gnuarm~1/102021~1.10/bin/../lib/gcc/arm-none-eabi/10.3.1/thumb/v8-m.base/nofp\libgcc.a(divsf3.o)
                              CMakeFiles/GD32E230_demo.elf.dir/Hardware_Abstraction_Layer/pwm_hal.cpp.obj (__aeabi_fdiv)
c:/progra~2/gnuarm~1/102021~1.10/bin/../lib/gcc/arm-none-eabi/10.3.1/thumb/v8-m.base/nofp\libgcc.a(eqsf2.o)
                              c:/progra~2/gnuarm~1/102021~1.10/bin/../lib/gcc/arm-none-eabi/10.3.1/thumb/v8-m.base/nofp\libgcc.a(_arm_cmpsf2.o) (__eqsf2)
c:/progra~2/gnuarm~1/102021~1.10/bin/../lib/gcc/arm-none-eabi/10.3.1/thumb/v8-m.base/nofp\libgcc.a(gesf2.o)
                              c:/progra~2/gnuarm~1/102021~1.10/bin/../lib/gcc/arm-none-eabi/10.3.1/thumb/v8-m.base/nofp\libgcc.a(_arm_cmpsf2.o) (__gesf2)
c:/progra~2/gnuarm~1/102021~1.10/bin/../lib/gcc/arm-none-eabi/10.3.1/thumb/v8-m.base/nofp\libgcc.a(lesf2.o)
                              c:/progra~2/gnuarm~1/102021~1.10/bin/../lib/gcc/arm-none-eabi/10.3.1/thumb/v8-m.base/nofp\libgcc.a(_arm_cmpsf2.o) (__lesf2)
c:/progra~2/gnuarm~1/102021~1.10/bin/../lib/gcc/arm-none-eabi/10.3.1/thumb/v8-m.base/nofp\libgcc.a(mulsf3.o)
                              CMakeFiles/GD32E230_demo.elf.dir/Hardware_Abstraction_Layer/pwm_hal.cpp.obj (__aeabi_fmul)
c:/progra~2/gnuarm~1/102021~1.10/bin/../lib/gcc/arm-none-eabi/10.3.1/thumb/v8-m.base/nofp\libgcc.a(subsf3.o)
                              c:/progra~2/gnuarm~1/102021~1.10/bin/../lib/gcc/arm-none-eabi/10.3.1/thumb/v8-m.base/nofp\libgcc.a(_fixunssfsi.o) (__aeabi_fsub)
c:/progra~2/gnuarm~1/102021~1.10/bin/../lib/gcc/arm-none-eabi/10.3.1/thumb/v8-m.base/nofp\libgcc.a(fixsfsi.o)
                              c:/progra~2/gnuarm~1/102021~1.10/bin/../lib/gcc/arm-none-eabi/10.3.1/thumb/v8-m.base/nofp\libgcc.a(_fixunssfsi.o) (__aeabi_f2iz)
c:/progra~2/gnuarm~1/102021~1.10/bin/../lib/gcc/arm-none-eabi/10.3.1/thumb/v8-m.base/nofp\libgcc.a(floatsisf.o)
                              CMakeFiles/GD32E230_demo.elf.dir/Hardware_Abstraction_Layer/pwm_hal.cpp.obj (__aeabi_i2f)
c:/progra~2/gnuarm~1/102021~1.10/bin/../lib/gcc/arm-none-eabi/10.3.1/thumb/v8-m.base/nofp\libgcc.a(floatunsisf.o)
                              CMakeFiles/GD32E230_demo.elf.dir/Software_Layer/System_time.c.obj (__aeabi_ui2f)
c:/progra~2/gnuarm~1/102021~1.10/bin/../lib/gcc/arm-none-eabi/10.3.1/thumb/v8-m.base/nofp\libgcc.a(divdf3.o)
                              CMakeFiles/GD32E230_demo.elf.dir/Device_Drivers_Layer/si24r1_slave_drv.cpp.obj (__aeabi_ddiv)
c:/progra~2/gnuarm~1/102021~1.10/bin/../lib/gcc/arm-none-eabi/10.3.1/thumb/v8-m.base/nofp\libgcc.a(fixdfsi.o)
                              CMakeFiles/GD32E230_demo.elf.dir/Device_Drivers_Layer/si24r1_slave_drv.cpp.obj (__aeabi_d2iz)
c:/progra~2/gnuarm~1/102021~1.10/bin/../lib/gcc/arm-none-eabi/10.3.1/thumb/v8-m.base/nofp\libgcc.a(floatsidf.o)
                              CMakeFiles/GD32E230_demo.elf.dir/Device_Drivers_Layer/si24r1_slave_drv.cpp.obj (__aeabi_i2d)
c:/progra~2/gnuarm~1/102021~1.10/bin/../lib/gcc/arm-none-eabi/10.3.1/thumb/v8-m.base/nofp\libgcc.a(_clzsi2.o)
                              c:/progra~2/gnuarm~1/102021~1.10/bin/../lib/gcc/arm-none-eabi/10.3.1/thumb/v8-m.base/nofp\libgcc.a(addsf3.o) (__clzsi2)
c:/progra~2/gnuarm~1/102021~1.10/bin/../lib/gcc/arm-none-eabi/10.3.1/../../../../arm-none-eabi/lib/thumb/v8-m.base/nofp\libg.a(lib_a-cxa_atexit.o)
                              c:/progra~2/gnuarm~1/102021~1.10/bin/../lib/gcc/arm-none-eabi/10.3.1/../../../../arm-none-eabi/lib/thumb/v8-m.base/nofp\libstdc++.a(atexit_arm.o) (__cxa_atexit)
c:/progra~2/gnuarm~1/102021~1.10/bin/../lib/gcc/arm-none-eabi/10.3.1/../../../../arm-none-eabi/lib/thumb/v8-m.base/nofp\libg.a(lib_a-exit.o)
                              c:/progra~2/gnuarm~1/102021~1.10/bin/../lib/gcc/arm-none-eabi/10.3.1/../../../../arm-none-eabi/lib/thumb/v8-m.base/nofp/crt0.o (exit)
[...]
Memory Configuration

Name             Origin             Length             Attributes
RAM              0x20000000         0x00001800         xrw
FLASH            0x08000000         0x00008000         xr
*default*        0x00000000         0xffffffff

Linker script and memory map

LOAD c:/progra~2/gnuarm~1/102021~1.10/bin/../lib/gcc/arm-none-eabi/10.3.1/thumb/v8-m.base/nofp/crti.o
LOAD c:/progra~2/gnuarm~1/102021~1.10/bin/../lib/gcc/arm-none-eabi/10.3.1/thumb/v8-m.base/nofp/crtbegin.o
LOAD c:/progra~2/gnuarm~1/102021~1.10/bin/../lib/gcc/arm-none-eabi/10.3.1/../../../../arm-none-eabi/lib/thumb/v8-m.base/nofp/crt0.o
LOAD CMakeFiles/GD32E230_demo.elf.dir/CMSIS/Source/system_gd32e23x.c.obj
LOAD CMakeFiles/GD32E230_demo.elf.dir/Device_Drivers_Layer/button_drv.cpp.obj
LOAD CMakeFiles/GD32E230_demo.elf.dir/Device_Drivers_Layer/si24r1_drv.cpp.obj
LOAD CMakeFiles/GD32E230_demo.elf.dir/Device_Drivers_Layer/si24r1_master_drv.cpp.obj
LOAD CMakeFiles/GD32E230_demo.elf.dir/Device_Drivers_Layer/si24r1_slave_drv.cpp.obj
LOAD CMakeFiles/GD32E230_demo.elf.dir/GD32E23x_standard_peripheral/Source/gd32e23x_adc.c.obj
LOAD CMakeFiles/GD32E230_demo.elf.dir/GD32E23x_standard_peripheral/Source/gd32e23x_cmp.c.obj
LOAD CMakeFiles/GD32E230_demo.elf.dir/GD32E23x_standard_peripheral/Source/gd32e23x_crc.c.obj
LOAD CMakeFiles/GD32E230_demo.elf.dir/GD32E23x_standard_peripheral/Source/gd32e23x_dbg.c.obj
LOAD CMakeFiles/GD32E230_demo.elf.dir/GD32E23x_standard_peripheral/Source/gd32e23x_dma.c.obj
LOAD CMakeFiles/GD32E230_demo.elf.dir/GD32E23x_standard_peripheral/Source/gd32e23x_exti.c.obj
LOAD CMakeFiles/GD32E230_demo.elf.dir/GD32E23x_standard_peripheral/Source/gd32e23x_fmc.c.obj
LOAD CMakeFiles/GD32E230_demo.elf.dir/GD32E23x_standard_peripheral/Source/gd32e23x_fwdgt.c.obj
LOAD CMakeFiles/GD32E230_demo.elf.dir/GD32E23x_standard_peripheral/Source/gd32e23x_gpio.c.obj
LOAD CMakeFiles/GD32E230_demo.elf.dir/GD32E23x_standard_peripheral/Source/gd32e23x_i2c.c.obj
LOAD CMakeFiles/GD32E230_demo.elf.dir/GD32E23x_standard_peripheral/Source/gd32e23x_misc.c.obj
LOAD CMakeFiles/GD32E230_demo.elf.dir/GD32E23x_standard_peripheral/Source/gd32e23x_pmu.c.obj
LOAD CMakeFiles/GD32E230_demo.elf.dir/GD32E23x_standard_peripheral/Source/gd32e23x_rcu.c.obj
LOAD CMakeFiles/GD32E230_demo.elf.dir/GD32E23x_standard_peripheral/Source/gd32e23x_rtc.c.obj
LOAD CMakeFiles/GD32E230_demo.elf.dir/GD32E23x_standard_peripheral/Source/gd32e23x_spi.c.obj
LOAD CMakeFiles/GD32E230_demo.elf.dir/GD32E23x_standard_peripheral/Source/gd32e23x_syscfg.c.obj
LOAD CMakeFiles/GD32E230_demo.elf.dir/GD32E23x_standard_peripheral/Source/gd32e23x_timer.c.obj
LOAD CMakeFiles/GD32E230_demo.elf.dir/GD32E23x_standard_peripheral/Source/gd32e23x_usart.c.obj
LOAD CMakeFiles/GD32E230_demo.elf.dir/GD32E23x_standard_peripheral/Source/gd32e23x_wwdgt.c.obj
LOAD CMakeFiles/GD32E230_demo.elf.dir/Hardware_Abstraction_Layer/exti_hal.cpp.obj
LOAD CMakeFiles/GD32E230_demo.elf.dir/Hardware_Abstraction_Layer/gpio_hal.cpp.obj
LOAD CMakeFiles/GD32E230_demo.elf.dir/Hardware_Abstraction_Layer/pwm_hal.cpp.obj
LOAD CMakeFiles/GD32E230_demo.elf.dir/Hardware_Abstraction_Layer/spi_hal.cpp.obj
LOAD CMakeFiles/GD32E230_demo.elf.dir/Hardware_Abstraction_Layer/timer_hal.cpp.obj
LOAD CMakeFiles/GD32E230_demo.elf.dir/Hardware_Abstraction_Layer/usart_hal.cpp.obj
LOAD CMakeFiles/GD32E230_demo.elf.dir/Software_Layer/RingBuffer.cpp.obj
LOAD CMakeFiles/GD32E230_demo.elf.dir/Software_Layer/Software_Register.c.obj
LOAD CMakeFiles/GD32E230_demo.elf.dir/Software_Layer/System_time.c.obj
LOAD CMakeFiles/GD32E230_demo.elf.dir/USER/gd32e23x_it.c.obj
LOAD CMakeFiles/GD32E230_demo.elf.dir/USER/main.c.obj
LOAD CMakeFiles/GD32E230_demo.elf.dir/USER/main.cpp.obj
LOAD CMakeFiles/GD32E230_demo.elf.dir/startup_gd32e230.s.obj
LOAD c:/progra~2/gnuarm~1/102021~1.10/bin/../lib/gcc/arm-none-eabi/10.3.1/../../../../arm-none-eabi/lib/thumb/v8-m.base/nofp\libstdc++.a
LOAD c:/progra~2/gnuarm~1/102021~1.10/bin/../lib/gcc/arm-none-eabi/10.3.1/../../../../arm-none-eabi/lib/thumb/v8-m.base/nofp\libm.a
START GROUP
LOAD c:/progra~2/gnuarm~1/102021~1.10/bin/../lib/gcc/arm-none-eabi/10.3.1/thumb/v8-m.base/nofp\libgcc.a
LOAD c:/progra~2/gnuarm~1/102021~1.10/bin/../lib/gcc/arm-none-eabi/10.3.1/../../../../arm-none-eabi/lib/thumb/v8-m.base/nofp\libg.a
LOAD c:/progra~2/gnuarm~1/102021~1.10/bin/../lib/gcc/arm-none-eabi/10.3.1/../../../../arm-none-eabi/lib/thumb/v8-m.base/nofp\libc.a
END GROUP
LOAD c:/progra~2/gnuarm~1/102021~1.10/bin/../lib/gcc/arm-none-eabi/10.3.1/thumb/v8-m.base/nofp/crtend.o
LOAD c:/progra~2/gnuarm~1/102021~1.10/bin/../lib/gcc/arm-none-eabi/10.3.1/thumb/v8-m.base/nofp/crtn.o
                0x20001800                _estack = (ORIGIN (RAM) + LENGTH (RAM))
                0x00000800                _Min_Heap_Size = 0x800
                0x00000000                _Min_Stack_Size = 0x0

.isr_vector     0x08000000       0xd0
                0x08000000                . = ALIGN (0x4)
 *(.isr_vector)
 .isr_vector    0x08000000       0xd0 CMakeFiles/GD32E230_demo.elf.dir/startup_gd32e230.s.obj
                0x08000000                g_pfnVectors
                0x080000d0                . = ALIGN (0x4)

.text           0x080000d0     0x3f3c
                0x080000d0                . = ALIGN (0x4)
 *(.text)
 .text          0x080000d0       0x50 c:/progra~2/gnuarm~1/102021~1.10/bin/../lib/gcc/arm-none-eabi/10.3.1/thumb/v8-m.base/nofp/crtbegin.o
 .text          0x08000120       0x74 c:/progra~2/gnuarm~1/102021~1.10/bin/../lib/gcc/arm-none-eabi/10.3.1/thumb/v8-m.base/nofp\libgcc.a(_arm_cmpsf2.o)
                0x08000120                __aeabi_cfrcmple
                0x08000128                __aeabi_cfcmpeq
                0x08000128                __aeabi_cfcmple
                0x08000138                __aeabi_fcmpeq
                0x08000144                __aeabi_fcmplt
                0x08000158                __aeabi_fcmple
                0x0800016c                __aeabi_fcmpgt
                0x08000180                __aeabi_fcmpge
 .text          0x08000194      0x334 c:/progra~2/gnuarm~1/102021~1.10/bin/../lib/gcc/arm-none-eabi/10.3.1/thumb/v8-m.base/nofp\libgcc.a(addsf3.o)
                0x08000194                __aeabi_fadd
 .text          0x080004c8      0x228 c:/progra~2/gnuarm~1/102021~1.10/bin/../lib/gcc/arm-none-eabi/10.3.1/thumb/v8-m.base/nofp\libgcc.a(divsf3.o)
                0x080004c8                __aeabi_fdiv
 .text          0x080006f0       0x4c c:/progra~2/gnuarm~1/102021~1.10/bin/../lib/gcc/arm-none-eabi/10.3.1/thumb/v8-m.base/nofp\libgcc.a(eqsf2.o)
                0x080006f0                __eqsf2
                0x080006f0                __nesf2
 .text          0x0800073c       0x80 c:/progra~2/gnuarm~1/102021~1.10/bin/../lib/gcc/arm-none-eabi/10.3.1/thumb/v8-m.base/nofp\libgcc.a(gesf2.o)
                0x0800073c                __gesf2
                0x0800073c                __gtsf2
 .text          0x080007bc       0x78 c:/progra~2/gnuarm~1/102021~1.10/bin/../lib/gcc/arm-none-eabi/10.3.1/thumb/v8-m.base/nofp\libgcc.a(lesf2.o)
                0x080007bc                __ltsf2
                0x080007bc                __lesf2
 .text          0x08000834       0x98 c:/progra~2/gnuarm~1/102021~1.10/bin/../lib/gcc/arm-none-eabi/10.3.1/thumb/v8-m.base/nofp\libgcc.a(floatsisf.o)
                0x08000834                __aeabi_i2f
 .text          0x080008cc       0x84 c:/progra~2/gnuarm~1/102021~1.10/bin/../lib/gcc/arm-none-eabi/10.3.1/thumb/v8-m.base/nofp\libgcc.a(floatunsisf.o)
                0x080008cc                __aeabi_ui2f
 .text          0x08000950      0x638 c:/progra~2/gnuarm~1/102021~1.10/bin/../lib/gcc/arm-none-eabi/10.3.1/thumb/v8-m.base/nofp\libgcc.a(divdf3.o)
                0x08000950                __aeabi_ddiv
 .text          0x08000f88       0x64 c:/progra~2/gnuarm~1/102021~1.10/bin/../lib/gcc/arm-none-eabi/10.3.1/thumb/v8-m.base/nofp\libgcc.a(fixdfsi.o)
                0x08000f88                __aeabi_d2iz
 .text          0x08000fec       0x60 c:/progra~2/gnuarm~1/102021~1.10/bin/../lib/gcc/arm-none-eabi/10.3.1/thumb/v8-m.base/nofp\libgcc.a(floatsidf.o)
                0x08000fec                __aeabi_i2d
 .text          0x0800104c       0x3c c:/progra~2/gnuarm~1/102021~1.10/bin/../lib/gcc/arm-none-eabi/10.3.1/thumb/v8-m.base/nofp\libgcc.a(_clzsi2.o)
                0x0800104c                __clzsi2
 *(.text*)
 .text.system_clock_72m_irc8m
                0x08001088       0xc4 CMakeFiles/GD32E230_demo.elf.dir/CMSIS/Source/system_gd32e23x.c.obj
 .text.system_clock_config
                0x0800114c        0x8 CMakeFiles/GD32E230_demo.elf.dir/CMSIS/Source/system_gd32e23x.c.obj
 .text.SystemInit
                0x08001154       0xbc CMakeFiles/GD32E230_demo.elf.dir/CMSIS/Source/system_gd32e23x.c.obj
                0x08001154                SystemInit
 .text._ZL15button_callbackPv
                0x08001210       0xd6 CMakeFiles/GD32E230_demo.elf.dir/Device_Drivers_Layer/button_drv.cpp.obj
 .text._ZN10button_drv11button_initEmmNS_14trigger_levelsE
                0x080012e6       0x5a CMakeFiles/GD32E230_demo.elf.dir/Device_Drivers_Layer/button_drv.cpp.obj
                0x080012e6                button_drv::button_init(unsigned long, unsigned long, button_drv::trigger_levels)
 .text._ZN10button_drv21Get_Button_Long_PressEv
                0x08001340        0xa CMakeFiles/GD32E230_demo.elf.dir/Device_Drivers_Layer/button_drv.cpp.obj
                0x08001340                button_drv::Get_Button_Long_Press()
 .text._ZN10si24r1_drv4initEv
                0x0800134a       0xd2 CMakeFiles/GD32E230_demo.elf.dir/Device_Drivers_Layer/si24r1_drv.cpp.obj
                0x0800134a                si24r1_drv::init()
 .text._Z27si24r1_slave_timer_callbackPv
                0x0800141c       0xb2 CMakeFiles/GD32E230_demo.elf.dir/Device_Drivers_Layer/si24r1_slave_drv.cpp.obj
                0x0800141c                si24r1_slave_timer_callback(void*)
 .text._ZL25si24r1_slave_irq_callbackPv
                0x080014ce      0x2a4 CMakeFiles/GD32E230_demo.elf.dir/Device_Drivers_Layer/si24r1_slave_drv.cpp.obj
 .text._ZN16si24r1_slave_drv17si24r1_slave_initEv
                0x08001772      0x268 CMakeFiles/GD32E230_demo.elf.dir/Device_Drivers_Layer/si24r1_slave_drv.cpp.obj
                0x08001772                si24r1_slave_drv::si24r1_slave_init()
 .text._ZN16si24r1_slave_drv20si24r1_auto_matchingEv
                0x080019da      0x290 CMakeFiles/GD32E230_demo.elf.dir/Device_Drivers_Layer/si24r1_slave_drv.cpp.obj
                0x080019da                si24r1_slave_drv::si24r1_auto_matching()
 .text.exti_init
                0x08001c6a       0xc8 CMakeFiles/GD32E230_demo.elf.dir/GD32E23x_standard_peripheral/Source/gd32e23x_exti.c.obj
                0x08001c6a                exti_init
 .text.exti_interrupt_flag_get
                0x08001d32       0x28 CMakeFiles/GD32E230_demo.elf.dir/GD32E23x_standard_peripheral/Source/gd32e23x_exti.c.obj
                0x08001d32                exti_interrupt_flag_get
 .text.exti_interrupt_flag_clear
                0x08001d5a        0xc CMakeFiles/GD32E230_demo.elf.dir/GD32E23x_standard_peripheral/Source/gd32e23x_exti.c.obj
                0x08001d5a                exti_interrupt_flag_clear
 .text.gpio_mode_set
                0x08001d66       0x4e CMakeFiles/GD32E230_demo.elf.dir/GD32E23x_standard_peripheral/Source/gd32e23x_gpio.c.obj
                0x08001d66                gpio_mode_set
 .text.gpio_output_options_set
                0x08001db4       0x3e CMakeFiles/GD32E230_demo.elf.dir/GD32E23x_standard_peripheral/Source/gd32e23x_gpio.c.obj
                0x08001db4                gpio_output_options_set
 .text.gpio_af_set
                0x08001df2       0x58 CMakeFiles/GD32E230_demo.elf.dir/GD32E23x_standard_peripheral/Source/gd32e23x_gpio.c.obj
                0x08001df2                gpio_af_set
 .text.nvic_irq_enable
                0x08001e4a       0x90 CMakeFiles/GD32E230_demo.elf.dir/GD32E23x_standard_peripheral/Source/gd32e23x_misc.c.obj
                0x08001e4a                nvic_irq_enable
 .text.nvic_vector_table_set
                0x08001eda       0x18 CMakeFiles/GD32E230_demo.elf.dir/GD32E23x_standard_peripheral/Source/gd32e23x_misc.c.obj
                0x08001eda                nvic_vector_table_set
 .text.rcu_periph_clock_enable
                0x08001ef2       0x1c CMakeFiles/GD32E230_demo.elf.dir/GD32E23x_standard_peripheral/Source/gd32e23x_rcu.c.obj
                0x08001ef2                rcu_periph_clock_enable
 .text.rcu_periph_reset_enable
                0x08001f0e       0x1c CMakeFiles/GD32E230_demo.elf.dir/GD32E23x_standard_peripheral/Source/gd32e23x_rcu.c.obj
                0x08001f0e                rcu_periph_reset_enable
 .text.rcu_periph_reset_disable
                0x08001f2a       0x1c CMakeFiles/GD32E230_demo.elf.dir/GD32E23x_standard_peripheral/Source/gd32e23x_rcu.c.obj
                0x08001f2a                rcu_periph_reset_disable
 *fill*         0x08001f46        0x2 
 .text.rcu_clock_freq_get
                0x08001f48      0x200 CMakeFiles/GD32E230_demo.elf.dir/GD32E23x_standard_peripheral/Source/gd32e23x_rcu.c.obj
                0x08001f48                rcu_clock_freq_get
 .text.spi_i2s_deinit
                0x08002148       0x3e CMakeFiles/GD32E230_demo.elf.dir/GD32E23x_standard_peripheral/Source/gd32e23x_spi.c.obj
                0x08002148                spi_i2s_deinit
 *fill*         0x08002186        0x2 
 .text.spi_init
                0x08002188       0x90 CMakeFiles/GD32E230_demo.elf.dir/GD32E23x_standard_peripheral/Source/gd32e23x_spi.c.obj
                0x08002188                spi_init
 .text.spi_enable
                0x08002218        0xa CMakeFiles/GD32E230_demo.elf.dir/GD32E23x_standard_peripheral/Source/gd32e23x_spi.c.obj
                0x08002218                spi_enable
 .text.spi_i2s_data_transmit
                0x08002222       0x1e CMakeFiles/GD32E230_demo.elf.dir/GD32E23x_standard_peripheral/Source/gd32e23x_spi.c.obj
                0x08002222                spi_i2s_data_transmit
 .text.spi_i2s_data_receive
                0x08002240       0x22 CMakeFiles/GD32E230_demo.elf.dir/GD32E23x_standard_peripheral/Source/gd32e23x_spi.c.obj
                0x08002240                spi_i2s_data_receive
 .text.spi_i2s_flag_get
                0x08002262       0x32 CMakeFiles/GD32E230_demo.elf.dir/GD32E23x_standard_peripheral/Source/gd32e23x_spi.c.obj
                0x08002262                spi_i2s_flag_get
 .text.spi_fifo_access_size_config
                0x08002294       0x14 CMakeFiles/GD32E230_demo.elf.dir/GD32E23x_standard_peripheral/Source/gd32e23x_spi.c.obj
                0x08002294                spi_fifo_access_size_config
 .text.syscfg_exti_line_config
                0x080022a8       0x70 CMakeFiles/GD32E230_demo.elf.dir/GD32E23x_standard_peripheral/Source/gd32e23x_syscfg.c.obj
                0x080022a8                syscfg_exti_line_config
 .text.timer_deinit
                0x08002318       0xe0 CMakeFiles/GD32E230_demo.elf.dir/GD32E23x_standard_peripheral/Source/gd32e23x_timer.c.obj
                0x08002318                timer_deinit
 .text.timer_init
                0x080023f8       0xd4 CMakeFiles/GD32E230_demo.elf.dir/GD32E23x_standard_peripheral/Source/gd32e23x_timer.c.obj
                0x080023f8                timer_init
 .text.timer_interrupt_enable
                0x080024cc        0x8 CMakeFiles/GD32E230_demo.elf.dir/GD32E23x_standard_peripheral/Source/gd32e23x_timer.c.obj
                0x080024cc                timer_interrupt_enable
 .text.timer_interrupt_flag_get
                0x080024d4       0x18 CMakeFiles/GD32E230_demo.elf.dir/GD32E23x_standard_peripheral/Source/gd32e23x_timer.c.obj
                0x080024d4                timer_interrupt_flag_get
 .text.timer_interrupt_flag_clear
                0x080024ec        0x6 CMakeFiles/GD32E230_demo.elf.dir/GD32E23x_standard_peripheral/Source/gd32e23x_timer.c.obj
                0x080024ec                timer_interrupt_flag_clear
 .text.usart_deinit
                0x080024f2       0x3e CMakeFiles/GD32E230_demo.elf.dir/GD32E23x_standard_peripheral/Source/gd32e23x_usart.c.obj
                0x080024f2                usart_deinit
 .text.usart_baudrate_set
                0x08002530       0x64 CMakeFiles/GD32E230_demo.elf.dir/GD32E23x_standard_peripheral/Source/gd32e23x_usart.c.obj
                0x08002530                usart_baudrate_set
 .text.usart_parity_config
                0x08002594       0x1c CMakeFiles/GD32E230_demo.elf.dir/GD32E23x_standard_peripheral/Source/gd32e23x_usart.c.obj
                0x08002594                usart_parity_config
 .text.usart_word_length_set
                0x080025b0       0x1c CMakeFiles/GD32E230_demo.elf.dir/GD32E23x_standard_peripheral/Source/gd32e23x_usart.c.obj
                0x080025b0                usart_word_length_set
 .text.usart_stop_bit_set
                0x080025cc       0x1c CMakeFiles/GD32E230_demo.elf.dir/GD32E23x_standard_peripheral/Source/gd32e23x_usart.c.obj
                0x080025cc                usart_stop_bit_set
 .text.usart_enable
                0x080025e8        0xa CMakeFiles/GD32E230_demo.elf.dir/GD32E23x_standard_peripheral/Source/gd32e23x_usart.c.obj
                0x080025e8                usart_enable
 .text.usart_transmit_config
                0x080025f2       0x10 CMakeFiles/GD32E230_demo.elf.dir/GD32E23x_standard_peripheral/Source/gd32e23x_usart.c.obj
                0x080025f2                usart_transmit_config
 .text.usart_receive_config
                0x08002602       0x10 CMakeFiles/GD32E230_demo.elf.dir/GD32E23x_standard_peripheral/Source/gd32e23x_usart.c.obj
                0x08002602                usart_receive_config
 .text.usart_data_transmit
                0x08002612        0xa CMakeFiles/GD32E230_demo.elf.dir/GD32E23x_standard_peripheral/Source/gd32e23x_usart.c.obj
                0x08002612                usart_data_transmit
 .text.usart_data_receive
                0x0800261c        0xa CMakeFiles/GD32E230_demo.elf.dir/GD32E23x_standard_peripheral/Source/gd32e23x_usart.c.obj
                0x0800261c                usart_data_receive
 *fill*         0x08002626        0x2 
 .text.usart_hardware_flow_rts_config
                0x08002628       0x1c CMakeFiles/GD32E230_demo.elf.dir/GD32E23x_standard_peripheral/Source/gd32e23x_usart.c.obj
                0x08002628                usart_hardware_flow_rts_config
 .text.usart_hardware_flow_cts_config
                0x08002644       0x1c CMakeFiles/GD32E230_demo.elf.dir/GD32E23x_standard_peripheral/Source/gd32e23x_usart.c.obj
                0x08002644                usart_hardware_flow_cts_config
 .text.usart_flag_get
                0x08002660       0x18 CMakeFiles/GD32E230_demo.elf.dir/GD32E23x_standard_peripheral/Source/gd32e23x_usart.c.obj
                0x08002660                usart_flag_get
 .text.usart_interrupt_enable
                0x08002678       0x14 CMakeFiles/GD32E230_demo.elf.dir/GD32E23x_standard_peripheral/Source/gd32e23x_usart.c.obj
                0x08002678                usart_interrupt_enable
 .text.usart_interrupt_flag_get
                0x0800268c       0x3a CMakeFiles/GD32E230_demo.elf.dir/GD32E23x_standard_peripheral/Source/gd32e23x_usart.c.obj
                0x0800268c                usart_interrupt_flag_get
 *fill*         0x080026c6        0x2 
 .text.usart_interrupt_flag_clear
                0x080026c8       0x30 CMakeFiles/GD32E230_demo.elf.dir/GD32E23x_standard_peripheral/Source/gd32e23x_usart.c.obj
                0x080026c8                usart_interrupt_flag_clear
 .text._ZN8exti_hal17Callback_RegisterEPvPFvS0_E
                0x080026f8      0x1d0 CMakeFiles/GD32E230_demo.elf.dir/Hardware_Abstraction_Layer/exti_hal.cpp.obj
                0x080026f8                exti_hal::Callback_Register(void*, void (*)(void*))
 .text._ZN8exti_hal13set_exti_trigE19exti_trig_type_enum
                0x080028c8       0x72 CMakeFiles/GD32E230_demo.elf.dir/Hardware_Abstraction_Layer/exti_hal.cpp.obj
                0x080028c8                exti_hal::set_exti_trig(exti_trig_type_enum)
 .text._ZN8exti_hal15get_exti_sourceEm
                0x0800293a       0x34 CMakeFiles/GD32E230_demo.elf.dir/Hardware_Abstraction_Layer/exti_hal.cpp.obj
                0x0800293a                exti_hal::get_exti_source(unsigned long)
 *fill*         0x0800296e        0x2 
 .text._ZN8exti_hal16get_exti_gpiopinE14exti_line_enum
                0x08002970       0xb4 CMakeFiles/GD32E230_demo.elf.dir/Hardware_Abstraction_Layer/exti_hal.cpp.obj
                0x08002970                exti_hal::get_exti_gpiopin(exti_line_enum)
 .text._ZN8exti_hal4initE14exti_line_enummh14exti_mode_enum19exti_trig_type_enumm
                0x08002a24       0x8c CMakeFiles/GD32E230_demo.elf.dir/Hardware_Abstraction_Layer/exti_hal.cpp.obj
                0x08002a24                exti_hal::init(exti_line_enum, unsigned long, unsigned char, exti_mode_enum, exti_trig_type_enum, unsigned long)
 .text.EXTI0_1_IRQHandler
                0x08002ab0       0x50 CMakeFiles/GD32E230_demo.elf.dir/Hardware_Abstraction_Layer/exti_hal.cpp.obj
                0x08002ab0                EXTI0_1_IRQHandler
 .text.EXTI2_3_IRQHandler
                0x08002b00       0x50 CMakeFiles/GD32E230_demo.elf.dir/Hardware_Abstraction_Layer/exti_hal.cpp.obj
                0x08002b00                EXTI2_3_IRQHandler
 .text.EXTI4_15_IRQHandler
                0x08002b50      0x1ec CMakeFiles/GD32E230_demo.elf.dir/Hardware_Abstraction_Layer/exti_hal.cpp.obj
                0x08002b50                EXTI4_15_IRQHandler
 .text._ZN8gpio_hal4initEmmmmhm
                0x08002d3c       0x28 CMakeFiles/GD32E230_demo.elf.dir/Hardware_Abstraction_Layer/gpio_hal.cpp.obj
                0x08002d3c                gpio_hal::init(unsigned long, unsigned long, unsigned long, unsigned long, unsigned char, unsigned long)
 .text._ZN8gpio_hal4highEv
                0x08002d64        0x8 CMakeFiles/GD32E230_demo.elf.dir/Hardware_Abstraction_Layer/gpio_hal.cpp.obj
                0x08002d64                gpio_hal::high()
 .text._ZN8gpio_hal3lowEv
                0x08002d6c        0x8 CMakeFiles/GD32E230_demo.elf.dir/Hardware_Abstraction_Layer/gpio_hal.cpp.obj
                0x08002d6c                gpio_hal::low()
 .text._ZN7spi_hal4initEmNS_14spi_gpio_groupEmmmmmmm
                0x08002d74      0x1cc CMakeFiles/GD32E230_demo.elf.dir/Hardware_Abstraction_Layer/spi_hal.cpp.obj
                0x08002d74                spi_hal::init(unsigned long, spi_hal::spi_gpio_group, unsigned long, unsigned long, unsigned long, unsigned long, unsigned long, unsigned long, unsigned long)
 .text._ZN7spi_hal14readwrite_byteEh
                0x08002f40       0x30 CMakeFiles/GD32E230_demo.elf.dir/Hardware_Abstraction_Layer/spi_hal.cpp.obj
                0x08002f40                spi_hal::readwrite_byte(unsigned char)
 .text._ZN7spi_hal16readwrite_packetEPhS0_t
                0x08002f70       0x52 CMakeFiles/GD32E230_demo.elf.dir/Hardware_Abstraction_Layer/spi_hal.cpp.obj
                0x08002f70                spi_hal::readwrite_packet(unsigned char*, unsigned char*, unsigned short)
 .text._ZN9timer_hal4initEmmmhttth
                0x08002fc2      0x2ec CMakeFiles/GD32E230_demo.elf.dir/Hardware_Abstraction_Layer/timer_hal.cpp.obj
                0x08002fc2                timer_hal::init(unsigned long, unsigned long, unsigned long, unsigned char, unsigned short, unsigned short, unsigned short, unsigned char)
 .text._ZN9timer_hal20set_autoreload_valueEt
                0x080032ae        0x6 CMakeFiles/GD32E230_demo.elf.dir/Hardware_Abstraction_Layer/timer_hal.cpp.obj
                0x080032ae                timer_hal::set_autoreload_value(unsigned short)
 .text._ZN9timer_hal17set_counter_valueEt
                0x080032b4        0x6 CMakeFiles/GD32E230_demo.elf.dir/Hardware_Abstraction_Layer/timer_hal.cpp.obj
                0x080032b4                timer_hal::set_counter_value(unsigned short)
 .text._ZN9timer_hal12timer_switchE11EventStatus
                0x080032ba       0x1c CMakeFiles/GD32E230_demo.elf.dir/Hardware_Abstraction_Layer/timer_hal.cpp.obj
                0x080032ba                timer_hal::timer_switch(EventStatus)
 .text.TIMER0_BRK_UP_TRG_COM_IRQHandler
                0x080032d6       0x3c CMakeFiles/GD32E230_demo.elf.dir/Hardware_Abstraction_Layer/timer_hal.cpp.obj
                0x080032d6                TIMER0_BRK_UP_TRG_COM_IRQHandler
 .text.TIMER2_IRQHandler
                0x08003312       0x3c CMakeFiles/GD32E230_demo.elf.dir/Hardware_Abstraction_Layer/timer_hal.cpp.obj
                0x08003312                TIMER2_IRQHandler
 .text.TIMER5_IRQHandler
                0x0800334e       0x3c CMakeFiles/GD32E230_demo.elf.dir/Hardware_Abstraction_Layer/timer_hal.cpp.obj
                0x0800334e                TIMER5_IRQHandler
 .text.TIMER13_IRQHandler
                0x0800338a       0x3c CMakeFiles/GD32E230_demo.elf.dir/Hardware_Abstraction_Layer/timer_hal.cpp.obj
                0x0800338a                TIMER13_IRQHandler
 .text.TIMER14_IRQHandler
                0x080033c6       0x3c CMakeFiles/GD32E230_demo.elf.dir/Hardware_Abstraction_Layer/timer_hal.cpp.obj
                0x080033c6                TIMER14_IRQHandler
 .text.TIMER15_IRQHandler
                0x08003402       0x3c CMakeFiles/GD32E230_demo.elf.dir/Hardware_Abstraction_Layer/timer_hal.cpp.obj
                0x08003402                TIMER15_IRQHandler
 .text.TIMER16_IRQHandler
                0x0800343e       0x3c CMakeFiles/GD32E230_demo.elf.dir/Hardware_Abstraction_Layer/timer_hal.cpp.obj
                0x0800343e                TIMER16_IRQHandler
 .text._ZN9timer_hal17Callback_RegisterEPvPFvS0_E
                0x0800347a       0xfc CMakeFiles/GD32E230_demo.elf.dir/Hardware_Abstraction_Layer/timer_hal.cpp.obj
                0x0800347a                timer_hal::Callback_Register(void*, void (*)(void*))
 .text._ZN10usart_hal14initEmmNS_16usart_gpio_groupEmmmmmmm20usart_interrupt_enumh
                0x08003576      0x198 CMakeFiles/GD32E230_demo.elf.dir/Hardware_Abstraction_Layer/usart_hal.cpp.obj
                0x08003576                usart_hal1::init(unsigned long, unsigned long, usart_hal1::usart_gpio_group, unsigned long, unsigned long, unsigned long, unsigned long, unsigned long, unsigned long, unsigned long, usart_interrupt_enum, unsigned char)
 .text._ZN10usart_hal1D2Ev
                0x0800370e        0x2 CMakeFiles/GD32E230_demo.elf.dir/Hardware_Abstraction_Layer/usart_hal.cpp.obj
                0x0800370e                usart_hal1::~usart_hal1()
                0x0800370e                usart_hal1::~usart_hal1()
 .text._ZN10usart_hal112write_packetEPht
                0x08003710       0x2c CMakeFiles/GD32E230_demo.elf.dir/Hardware_Abstraction_Layer/usart_hal.cpp.obj
                0x08003710                usart_hal1::write_packet(unsigned char*, unsigned short)
 .text.USART0_IRQHandler
                0x0800373c       0x50 CMakeFiles/GD32E230_demo.elf.dir/Hardware_Abstraction_Layer/usart_hal.cpp.obj
                0x0800373c                USART0_IRQHandler
 .text.USART1_IRQHandler
                0x0800378c       0x9e CMakeFiles/GD32E230_demo.elf.dir/Hardware_Abstraction_Layer/usart_hal.cpp.obj
                0x0800378c                USART1_IRQHandler
 .text._ZN10RingBuffer4initEPht
                0x0800382a        0xc CMakeFiles/GD32E230_demo.elf.dir/Software_Layer/RingBuffer.cpp.obj
                0x0800382a                RingBuffer::init(unsigned char*, unsigned short)
 .text._ZN10RingBuffer12write_packetEPht
                0x08003836       0x46 CMakeFiles/GD32E230_demo.elf.dir/Software_Layer/RingBuffer.cpp.obj
                0x08003836                RingBuffer::write_packet(unsigned char*, unsigned short)
 .text._ZN10RingBuffer11read_packetEPht
                0x0800387c       0x38 CMakeFiles/GD32E230_demo.elf.dir/Software_Layer/RingBuffer.cpp.obj
                0x0800387c                RingBuffer::read_packet(unsigned char*, unsigned short)
 .text.System_time_init
                0x080038b4       0x50 CMakeFiles/GD32E230_demo.elf.dir/Software_Layer/System_time.c.obj
                0x080038b4                System_time_init
 .text.SysTick_Handler
                0x08003904       0x2e CMakeFiles/GD32E230_demo.elf.dir/Software_Layer/System_time.c.obj
                0x08003904                SysTick_Handler
 .text.Get_System_T
                0x08003932       0x2a CMakeFiles/GD32E230_demo.elf.dir/Software_Layer/System_time.c.obj
                0x08003932                Get_System_T
 .text.Get_deta_T
                0x0800395c       0x6e CMakeFiles/GD32E230_demo.elf.dir/Software_Layer/System_time.c.obj
                0x0800395c                Get_deta_T
 .text.delay_ms
                0x080039ca       0x36 CMakeFiles/GD32E230_demo.elf.dir/Software_Layer/System_time.c.obj
                0x080039ca                delay_ms
 .text.NMI_Handler
                0x08003a00        0x2 CMakeFiles/GD32E230_demo.elf.dir/USER/gd32e23x_it.c.obj
                0x08003a00                NMI_Handler
 .text.HardFault_Handler
                0x08003a02        0x2 CMakeFiles/GD32E230_demo.elf.dir/USER/gd32e23x_it.c.obj
                0x08003a02                HardFault_Handler
 .text.SVC_Handler
                0x08003a04        0x2 CMakeFiles/GD32E230_demo.elf.dir/USER/gd32e23x_it.c.obj
                0x08003a04                SVC_Handler
 .text.PendSV_Handler
                0x08003a06        0x2 CMakeFiles/GD32E230_demo.elf.dir/USER/gd32e23x_it.c.obj
                0x08003a06                PendSV_Handler
 .text.main     0x08003a08       0x30 CMakeFiles/GD32E230_demo.elf.dir/USER/main.c.obj
                0x08003a08                main
 .text._Z41__static_initialization_and_destruction_0ii
                0x08003a38       0x2e CMakeFiles/GD32E230_demo.elf.dir/USER/main.cpp.obj
 .text._ZN10si24r1_drvC2Ev
                0x08003a66       0x50 CMakeFiles/GD32E230_demo.elf.dir/USER/main.cpp.obj
                0x08003a66                si24r1_drv::si24r1_drv()
                0x08003a66                si24r1_drv::si24r1_drv()
 *fill*         0x08003ab6        0x2 
 .text.Main     0x08003ab8      0x1c0 CMakeFiles/GD32E230_demo.elf.dir/USER/main.cpp.obj
                0x08003ab8                Main
 .text._GLOBAL__sub_I_usart1__
                0x08003c78        0xe CMakeFiles/GD32E230_demo.elf.dir/USER/main.cpp.obj
 *fill*         0x08003c86        0x2 
 .text.Reset_Handler
                0x08003c88       0x44 CMakeFiles/GD32E230_demo.elf.dir/startup_gd32e230.s.obj
                0x08003c88                Reset_Handler
 .text.Default_Handler
                0x08003ccc        0x2 CMakeFiles/GD32E230_demo.elf.dir/startup_gd32e230.s.obj
                0x08003ccc                LVD_IRQHandler
                0x08003ccc                I2C0_EV_IRQHandler
                0x08003ccc                ADC_CMP_IRQHandler
                0x08003ccc                SPI1_IRQHandler
                0x08003ccc                DMA_Channel3_4_IRQHandler
                0x08003ccc                I2C0_ER_IRQHandler
                0x08003ccc                RTC_IRQHandler
                0x08003ccc                I2C1_EV_IRQHandler
                0x08003ccc                Default_Handler
                0x08003ccc                DMA_Channel1_2_IRQHandler
                0x08003ccc                WWDG_IRQHandler
                0x08003ccc                RCU_IRQHandler
                0x08003ccc                TIMER0_Channel_IRQHandler
                0x08003ccc                SPI0_IRQHandler
                0x08003ccc                DMA_Channel0_IRQHandler
                0x08003ccc                I2C1_ER_IRQHandler
                0x08003ccc                FMC_IRQHandler
 *fill*         0x08003cce        0x2 
 .text.__aeabi_atexit
                0x08003cd0       0x10 c:/progra~2/gnuarm~1/102021~1.10/bin/../lib/gcc/arm-none-eabi/10.3.1/../../../../arm-none-eabi/lib/thumb/v8-m.base/nofp\libstdc++.a(atexit_arm.o)
                0x08003cd0                __aeabi_atexit
 .text.__cxa_atexit
                0x08003ce0       0x10 c:/progra~2/gnuarm~1/102021~1.10/bin/../lib/gcc/arm-none-eabi/10.3.1/../../../../arm-none-eabi/lib/thumb/v8-m.base/nofp\libg.a(lib_a-cxa_atexit.o)
                0x08003ce0                __cxa_atexit
 .text.memcpy   0x08003cf0       0xa0 c:/progra~2/gnuarm~1/102021~1.10/bin/../lib/gcc/arm-none-eabi/10.3.1/../../../../arm-none-eabi/lib/thumb/v8-m.base/nofp\libg.a(lib_a-memcpy-stub.o)
                0x08003cf0                memcpy
 .text.memmove  0x08003d90       0xac c:/progra~2/gnuarm~1/102021~1.10/bin/../lib/gcc/arm-none-eabi/10.3.1/../../../../arm-none-eabi/lib/thumb/v8-m.base/nofp\libg.a(lib_a-memmove.o)
                0x08003d90                memmove
 .text.memset   0x08003e3c       0xa0 c:/progra~2/gnuarm~1/102021~1.10/bin/../lib/gcc/arm-none-eabi/10.3.1/../../../../arm-none-eabi/lib/thumb/v8-m.base/nofp\libg.a(lib_a-memset.o)
                0x08003e3c                memset
 .text.__register_exitproc
                0x08003edc       0xac c:/progra~2/gnuarm~1/102021~1.10/bin/../lib/gcc/arm-none-eabi/10.3.1/../../../../arm-none-eabi/lib/thumb/v8-m.base/nofp\libg.a(lib_a-__atexit.o)
                0x08003edc                __register_exitproc
 .text.startup.register_fini
                0x08003f88       0x1c c:/progra~2/gnuarm~1/102021~1.10/bin/../lib/gcc/arm-none-eabi/10.3.1/../../../../arm-none-eabi/lib/thumb/v8-m.base/nofp\libg.a(lib_a-__call_atexit.o)
 .text.atexit   0x08003fa4       0x10 c:/progra~2/gnuarm~1/102021~1.10/bin/../lib/gcc/arm-none-eabi/10.3.1/../../../../arm-none-eabi/lib/thumb/v8-m.base/nofp\libg.a(lib_a-atexit.o)
                0x08003fa4                atexit
 .text.__libc_fini_array
                0x08003fb4       0x38 c:/progra~2/gnuarm~1/102021~1.10/bin/../lib/gcc/arm-none-eabi/10.3.1/../../../../arm-none-eabi/lib/thumb/v8-m.base/nofp\libg.a(lib_a-fini.o)
                0x08003fb4                __libc_fini_array
 .text.__retarget_lock_acquire_recursive
                0x08003fec        0x4 c:/progra~2/gnuarm~1/102021~1.10/bin/../lib/gcc/arm-none-eabi/10.3.1/../../../../arm-none-eabi/lib/thumb/v8-m.base/nofp\libg.a(lib_a-lock.o)
                0x08003fec                __retarget_lock_acquire_recursive
 .text.__retarget_lock_release_recursive
                0x08003ff0        0x4 c:/progra~2/gnuarm~1/102021~1.10/bin/../lib/gcc/arm-none-eabi/10.3.1/../../../../arm-none-eabi/lib/thumb/v8-m.base/nofp\libg.a(lib_a-lock.o)
                0x08003ff0                __retarget_lock_release_recursive
 *(.glue_7)
 .glue_7        0x08003ff4        0x0 linker stubs
 *(.glue_7t)
 .glue_7t       0x08003ff4        0x0 linker stubs
 *(.eh_frame)
 .eh_frame      0x08003ff4        0x0 c:/progra~2/gnuarm~1/102021~1.10/bin/../lib/gcc/arm-none-eabi/10.3.1/thumb/v8-m.base/nofp/crtbegin.o
 *(.init)
 .init          0x08003ff4        0x4 c:/progra~2/gnuarm~1/102021~1.10/bin/../lib/gcc/arm-none-eabi/10.3.1/thumb/v8-m.base/nofp/crti.o
                0x08003ff4                _init
 .init          0x08003ff8        0x8 c:/progra~2/gnuarm~1/102021~1.10/bin/../lib/gcc/arm-none-eabi/10.3.1/thumb/v8-m.base/nofp/crtn.o
 *(.fini)
 .fini          0x08004000        0x4 c:/progra~2/gnuarm~1/102021~1.10/bin/../lib/gcc/arm-none-eabi/10.3.1/thumb/v8-m.base/nofp/crti.o
                0x08004000                _fini
 .fini          0x08004004        0x8 c:/progra~2/gnuarm~1/102021~1.10/bin/../lib/gcc/arm-none-eabi/10.3.1/thumb/v8-m.base/nofp/crtn.o
                0x0800400c                . = ALIGN (0x4)
                0x0800400c                _etext = .

.vfp11_veneer   0x0800400c        0x0
 .vfp11_veneer  0x0800400c        0x0 linker stubs

.v4_bx          0x0800400c        0x0
 .v4_bx         0x0800400c        0x0 linker stubs

.iplt           0x0800400c        0x0
 .iplt          0x0800400c        0x0 c:/progra~2/gnuarm~1/102021~1.10/bin/../lib/gcc/arm-none-eabi/10.3.1/thumb/v8-m.base/nofp/crtbegin.o

.rodata         0x0800400c      0x20c
                0x0800400c                . = ALIGN (0x4)
 *(.rodata)
 .rodata        0x0800400c       0x18 CMakeFiles/GD32E230_demo.elf.dir/GD32E23x_standard_peripheral/Source/gd32e23x_rcu.c.obj
 .rodata        0x08004024        0xd CMakeFiles/GD32E230_demo.elf.dir/USER/main.cpp.obj
 *fill*         0x08004031        0x3 
 .rodata        0x08004034       0x80 c:/progra~2/gnuarm~1/102021~1.10/bin/../lib/gcc/arm-none-eabi/10.3.1/thumb/v8-m.base/nofp\libgcc.a(divsf3.o)
 .rodata        0x080040b4       0x40 c:/progra~2/gnuarm~1/102021~1.10/bin/../lib/gcc/arm-none-eabi/10.3.1/thumb/v8-m.base/nofp\libgcc.a(divdf3.o)
 *(.rodata*)
 .rodata.rcu_clock_freq_get
                0x080040f4       0x18 CMakeFiles/GD32E230_demo.elf.dir/GD32E23x_standard_peripheral/Source/gd32e23x_rcu.c.obj
 .rodata._ZN8exti_hal17Callback_RegisterEPvPFvS0_E
                0x0800410c       0x84 CMakeFiles/GD32E230_demo.elf.dir/Hardware_Abstraction_Layer/exti_hal.cpp.obj
 .rodata._ZN8exti_hal16get_exti_gpiopinE14exti_line_enum
                0x08004190       0x84 CMakeFiles/GD32E230_demo.elf.dir/Hardware_Abstraction_Layer/exti_hal.cpp.obj
 .rodata._global_impure_ptr
                0x08004214        0x4 c:/progra~2/gnuarm~1/102021~1.10/bin/../lib/gcc/arm-none-eabi/10.3.1/../../../../arm-none-eabi/lib/thumb/v8-m.base/nofp\libg.a(lib_a-impure.o)
                0x08004214                _global_impure_ptr
                0x08004218                . = ALIGN (0x4)

.ARM.extab
 *(.ARM.extab* .gnu.linkonce.armextab.*)

.ARM            0x08004218        0x8
                0x08004218                __exidx_start = .
 *(.ARM.exidx*)
 .ARM.exidx.text.__aeabi_atexit
                0x08004218        0x8 c:/progra~2/gnuarm~1/102021~1.10/bin/../lib/gcc/arm-none-eabi/10.3.1/../../../../arm-none-eabi/lib/thumb/v8-m.base/nofp\libstdc++.a(atexit_arm.o)
                0x08004220                __exidx_end = .

.rel.dyn        0x08004220        0x0
 .rel.iplt      0x08004220        0x0 c:/progra~2/gnuarm~1/102021~1.10/bin/../lib/gcc/arm-none-eabi/10.3.1/thumb/v8-m.base/nofp/crtbegin.o

.preinit_array  0x08004220        0x0
                0x08004220                PROVIDE (__preinit_array_start = .)
 *(.preinit_array*)
                0x08004220                PROVIDE (__preinit_array_end = .)

.init_array     0x08004220        0xc
                0x08004220                PROVIDE (__init_array_start = .)
 *(SORT_BY_NAME(.init_array.*))
 .init_array.00000
                0x08004220        0x4 c:/progra~2/gnuarm~1/102021~1.10/bin/../lib/gcc/arm-none-eabi/10.3.1/../../../../arm-none-eabi/lib/thumb/v8-m.base/nofp\libg.a(lib_a-__call_atexit.o)
 *(.init_array*)
 .init_array    0x08004224        0x4 c:/progra~2/gnuarm~1/102021~1.10/bin/../lib/gcc/arm-none-eabi/10.3.1/thumb/v8-m.base/nofp/crtbegin.o
 .init_array    0x08004228        0x4 CMakeFiles/GD32E230_demo.elf.dir/USER/main.cpp.obj
                0x0800422c                PROVIDE (__init_array_end = .)

.fini_array     0x0800422c        0x4
                0x0800422c                PROVIDE (__fini_array_start = .)
 *(SORT_BY_NAME(.fini_array.*))
 *(.fini_array*)
 .fini_array    0x0800422c        0x4 c:/progra~2/gnuarm~1/102021~1.10/bin/../lib/gcc/arm-none-eabi/10.3.1/thumb/v8-m.base/nofp/crtbegin.o
                0x08004230                PROVIDE (__fini_array_end = .)
                0x08004230                _sidata = LOADADDR (.data)

.data           0x20000000      0x454 load address 0x08004230
                0x20000000                . = ALIGN (0x4)
                0x20000000                _sdata = .
 *(.data)
 .data          0x20000000        0x4 c:/progra~2/gnuarm~1/102021~1.10/bin/../lib/gcc/arm-none-eabi/10.3.1/thumb/v8-m.base/nofp/crtbegin.o
                0x20000000                __dso_handle
 *(.data*)
 .data.SystemCoreClock
                0x20000004        0x4 CMakeFiles/GD32E230_demo.elf.dir/CMSIS/Source/system_gd32e23x.c.obj
                0x20000004                SystemCoreClock
 .data._ZZ4MainE9test_data
                0x20000008       0x1f CMakeFiles/GD32E230_demo.elf.dir/USER/main.cpp.obj
 *fill*         0x20000027        0x1 
 .data.impure_data
                0x20000028      0x428 c:/progra~2/gnuarm~1/102021~1.10/bin/../lib/gcc/arm-none-eabi/10.3.1/../../../../arm-none-eabi/lib/thumb/v8-m.base/nofp\libg.a(lib_a-impure.o)
 .data.__atexit_recursive_mutex
                0x20000450        0x4 c:/progra~2/gnuarm~1/102021~1.10/bin/../lib/gcc/arm-none-eabi/10.3.1/../../../../arm-none-eabi/lib/thumb/v8-m.base/nofp\libg.a(lib_a-__call_atexit.o)
                0x20000450                __atexit_recursive_mutex
                0x20000454                . = ALIGN (0x4)
                0x20000454                _edata = .

.igot.plt       0x20000454        0x0 load address 0x08004684
 .igot.plt      0x20000454        0x0 c:/progra~2/gnuarm~1/102021~1.10/bin/../lib/gcc/arm-none-eabi/10.3.1/thumb/v8-m.base/nofp/crtbegin.o
                0x20000454                . = ALIGN (0x4)

.bss            0x20000454      0x160 load address 0x08004684
                0x20000454                _sbss = .
                0x20000454                __bss_start__ = _sbss
 *(.bss)
 .bss           0x20000454       0x1c c:/progra~2/gnuarm~1/102021~1.10/bin/../lib/gcc/arm-none-eabi/10.3.1/thumb/v8-m.base/nofp/crtbegin.o
 *(.bss*)
 .bss._ZL14EXTI0_Callback
                0x20000470        0x4 CMakeFiles/GD32E230_demo.elf.dir/Hardware_Abstraction_Layer/exti_hal.cpp.obj
 .bss._ZL14EXTI1_Callback
                0x20000474        0x4 CMakeFiles/GD32E230_demo.elf.dir/Hardware_Abstraction_Layer/exti_hal.cpp.obj
 .bss._ZL14EXTI2_Callback
                0x20000478        0x4 CMakeFiles/GD32E230_demo.elf.dir/Hardware_Abstraction_Layer/exti_hal.cpp.obj
 .bss._ZL14EXTI3_Callback
                0x2000047c        0x4 CMakeFiles/GD32E230_demo.elf.dir/Hardware_Abstraction_Layer/exti_hal.cpp.obj
 .bss._ZL14EXTI4_Callback
                0x20000480        0x4 CMakeFiles/GD32E230_demo.elf.dir/Hardware_Abstraction_Layer/exti_hal.cpp.obj
 .bss._ZL14EXTI5_Callback
                0x20000484        0x4 CMakeFiles/GD32E230_demo.elf.dir/Hardware_Abstraction_Layer/exti_hal.cpp.obj
 .bss._ZL14EXTI6_Callback
                0x20000488        0x4 CMakeFiles/GD32E230_demo.elf.dir/Hardware_Abstraction_Layer/exti_hal.cpp.obj
 .bss._ZL14EXTI7_Callback
                0x2000048c        0x4 CMakeFiles/GD32E230_demo.elf.dir/Hardware_Abstraction_Layer/exti_hal.cpp.obj
 .bss._ZL14EXTI8_Callback
                0x20000490        0x4 CMakeFiles/GD32E230_demo.elf.dir/Hardware_Abstraction_Layer/exti_hal.cpp.obj
 .bss._ZL14EXTI9_Callback
                0x20000494        0x4 CMakeFiles/GD32E230_demo.elf.dir/Hardware_Abstraction_Layer/exti_hal.cpp.obj
 .bss._ZL15EXTI10_Callback
                0x20000498        0x4 CMakeFiles/GD32E230_demo.elf.dir/Hardware_Abstraction_Layer/exti_hal.cpp.obj
 .bss._ZL15EXTI11_Callback
                0x2000049c        0x4 CMakeFiles/GD32E230_demo.elf.dir/Hardware_Abstraction_Layer/exti_hal.cpp.obj
 .bss._ZL15EXTI12_Callback
                0x200004a0        0x4 CMakeFiles/GD32E230_demo.elf.dir/Hardware_Abstraction_Layer/exti_hal.cpp.obj
 .bss._ZL15EXTI13_Callback
                0x200004a4        0x4 CMakeFiles/GD32E230_demo.elf.dir/Hardware_Abstraction_Layer/exti_hal.cpp.obj
 .bss._ZL15EXTI14_Callback
                0x200004a8        0x4 CMakeFiles/GD32E230_demo.elf.dir/Hardware_Abstraction_Layer/exti_hal.cpp.obj
 .bss._ZL15EXTI15_Callback
                0x200004ac        0x4 CMakeFiles/GD32E230_demo.elf.dir/Hardware_Abstraction_Layer/exti_hal.cpp.obj
 .bss._ZL4str0  0x200004b0        0x4 CMakeFiles/GD32E230_demo.elf.dir/Hardware_Abstraction_Layer/exti_hal.cpp.obj
 .bss._ZL4str1  0x200004b4        0x4 CMakeFiles/GD32E230_demo.elf.dir/Hardware_Abstraction_Layer/exti_hal.cpp.obj
 .bss._ZL4str2  0x200004b8        0x4 CMakeFiles/GD32E230_demo.elf.dir/Hardware_Abstraction_Layer/exti_hal.cpp.obj
 .bss._ZL4str3  0x200004bc        0x4 CMakeFiles/GD32E230_demo.elf.dir/Hardware_Abstraction_Layer/exti_hal.cpp.obj
 .bss._ZL4str4  0x200004c0        0x4 CMakeFiles/GD32E230_demo.elf.dir/Hardware_Abstraction_Layer/exti_hal.cpp.obj
 .bss._ZL4str5  0x200004c4        0x4 CMakeFiles/GD32E230_demo.elf.dir/Hardware_Abstraction_Layer/exti_hal.cpp.obj
 .bss._ZL4str6  0x200004c8        0x4 CMakeFiles/GD32E230_demo.elf.dir/Hardware_Abstraction_Layer/exti_hal.cpp.obj
 .bss._ZL4str7  0x200004cc        0x4 CMakeFiles/GD32E230_demo.elf.dir/Hardware_Abstraction_Layer/exti_hal.cpp.obj
 .bss._ZL4str8  0x200004d0        0x4 CMakeFiles/GD32E230_demo.elf.dir/Hardware_Abstraction_Layer/exti_hal.cpp.obj
 .bss._ZL4str9  0x200004d4        0x4 CMakeFiles/GD32E230_demo.elf.dir/Hardware_Abstraction_Layer/exti_hal.cpp.obj
 .bss._ZL5str10
                0x200004d8        0x4 CMakeFiles/GD32E230_demo.elf.dir/Hardware_Abstraction_Layer/exti_hal.cpp.obj
 .bss._ZL5str11
                0x200004dc        0x4 CMakeFiles/GD32E230_demo.elf.dir/Hardware_Abstraction_Layer/exti_hal.cpp.obj
 .bss._ZL5str12
                0x200004e0        0x4 CMakeFiles/GD32E230_demo.elf.dir/Hardware_Abstraction_Layer/exti_hal.cpp.obj
 .bss._ZL5str13
                0x200004e4        0x4 CMakeFiles/GD32E230_demo.elf.dir/Hardware_Abstraction_Layer/exti_hal.cpp.obj
 .bss._ZL5str14
                0x200004e8        0x4 CMakeFiles/GD32E230_demo.elf.dir/Hardware_Abstraction_Layer/exti_hal.cpp.obj
 .bss._ZL5str15
                0x200004ec        0x4 CMakeFiles/GD32E230_demo.elf.dir/Hardware_Abstraction_Layer/exti_hal.cpp.obj
 .bss._ZL15TIMER0_Callback
                0x200004f0        0x4 CMakeFiles/GD32E230_demo.elf.dir/Hardware_Abstraction_Layer/timer_hal.cpp.obj
 .bss._ZL15TIMER2_Callback
                0x200004f4        0x4 CMakeFiles/GD32E230_demo.elf.dir/Hardware_Abstraction_Layer/timer_hal.cpp.obj
 .bss._ZL15TIMER5_Callback
                0x200004f8        0x4 CMakeFiles/GD32E230_demo.elf.dir/Hardware_Abstraction_Layer/timer_hal.cpp.obj
 .bss._ZL16TIMER13_Callback
                0x200004fc        0x4 CMakeFiles/GD32E230_demo.elf.dir/Hardware_Abstraction_Layer/timer_hal.cpp.obj
 .bss._ZL16TIMER14_Callback
                0x20000500        0x4 CMakeFiles/GD32E230_demo.elf.dir/Hardware_Abstraction_Layer/timer_hal.cpp.obj
 .bss._ZL16TIMER15_Callback
                0x20000504        0x4 CMakeFiles/GD32E230_demo.elf.dir/Hardware_Abstraction_Layer/timer_hal.cpp.obj
 .bss._ZL16TIMER16_Callback
                0x20000508        0x4 CMakeFiles/GD32E230_demo.elf.dir/Hardware_Abstraction_Layer/timer_hal.cpp.obj
 .bss.timer0_str
                0x2000050c        0x4 CMakeFiles/GD32E230_demo.elf.dir/Hardware_Abstraction_Layer/timer_hal.cpp.obj
                0x2000050c                timer0_str
 .bss.timer13_str
                0x20000510        0x4 CMakeFiles/GD32E230_demo.elf.dir/Hardware_Abstraction_Layer/timer_hal.cpp.obj
                0x20000510                timer13_str
 .bss.timer14_str
                0x20000514        0x4 CMakeFiles/GD32E230_demo.elf.dir/Hardware_Abstraction_Layer/timer_hal.cpp.obj
                0x20000514                timer14_str
 .bss.timer15_str
                0x20000518        0x4 CMakeFiles/GD32E230_demo.elf.dir/Hardware_Abstraction_Layer/timer_hal.cpp.obj
                0x20000518                timer15_str
 .bss.timer16_str
                0x2000051c        0x4 CMakeFiles/GD32E230_demo.elf.dir/Hardware_Abstraction_Layer/timer_hal.cpp.obj
                0x2000051c                timer16_str
 .bss.timer2_str
                0x20000520        0x4 CMakeFiles/GD32E230_demo.elf.dir/Hardware_Abstraction_Layer/timer_hal.cpp.obj
                0x20000520                timer2_str
 .bss.timer5_str
                0x20000524        0x4 CMakeFiles/GD32E230_demo.elf.dir/Hardware_Abstraction_Layer/timer_hal.cpp.obj
                0x20000524                timer5_str
 .bss._ZL15USART0_Callback
                0x20000528        0x4 CMakeFiles/GD32E230_demo.elf.dir/Hardware_Abstraction_Layer/usart_hal.cpp.obj
 .bss._ZL15USART1_Callback
                0x2000052c        0x4 CMakeFiles/GD32E230_demo.elf.dir/Hardware_Abstraction_Layer/usart_hal.cpp.obj
 .bss.usart0_str
                0x20000530        0x4 CMakeFiles/GD32E230_demo.elf.dir/Hardware_Abstraction_Layer/usart_hal.cpp.obj
                0x20000530                usart0_str
 .bss.usart1_str
                0x20000534        0x4 CMakeFiles/GD32E230_demo.elf.dir/Hardware_Abstraction_Layer/usart_hal.cpp.obj
                0x20000534                usart1_str
 .bss.System_T  0x20000538        0x8 CMakeFiles/GD32E230_demo.elf.dir/Software_Layer/System_time.c.obj
 .bss._ZZ4MainE10recive_len
                0x20000540        0x2 CMakeFiles/GD32E230_demo.elf.dir/USER/main.cpp.obj
 *fill*         0x20000542        0x2 
 .bss._ZZ4MainE11recive_data
                0x20000544       0x64 CMakeFiles/GD32E230_demo.elf.dir/USER/main.cpp.obj
 .bss._ZZ4MainE6test_i
                0x200005a8        0x2 CMakeFiles/GD32E230_demo.elf.dir/USER/main.cpp.obj
 *fill*         0x200005aa        0x2 
 .bss.usart1__  0x200005ac        0x4 CMakeFiles/GD32E230_demo.elf.dir/USER/main.cpp.obj
                0x200005ac                usart1__
 .bss.__lock___atexit_recursive_mutex
                0x200005b0        0x1 c:/progra~2/gnuarm~1/102021~1.10/bin/../lib/gcc/arm-none-eabi/10.3.1/../../../../arm-none-eabi/lib/thumb/v8-m.base/nofp\libg.a(lib_a-lock.o)
                0x200005b0                __lock___atexit_recursive_mutex
 *(COMMON)
                0x200005b4                . = ALIGN (0x4)
 *fill*         0x200005b1        0x3 
                0x200005b4                _ebss = .
                0x200005b4                __bss_end__ = _ebss

._user_heap_stack
                0x200005b4      0x804 load address 0x08004684
                0x200005b8                . = ALIGN (0x8)
 *fill*         0x200005b4        0x4 
                [!provide]                PROVIDE (end = .)
                [!provide]                PROVIDE (_end = .)
                0x20000db8                . = (. + _Min_Heap_Size)
 *fill*         0x200005b8      0x800 
                0x20000db8                . = (. + _Min_Stack_Size)
                0x20000db8                . = ALIGN (0x8)

/DISCARD/
 libc.a(*)
 libm.a(*)
 libgcc.a(*)

.ARM.attributes
                0x00000000       0x2c
 *(.ARM.attributes)
 .ARM.attributes
                0x00000000       0x22 c:/progra~2/gnuarm~1/102021~1.10/bin/../lib/gcc/arm-none-eabi/10.3.1/thumb/v8-m.base/nofp/crti.o
 .ARM.attributes
                0x00000022       0x30 c:/progra~2/gnuarm~1/102021~1.10/bin/../lib/gcc/arm-none-eabi/10.3.1/thumb/v8-m.base/nofp/crtbegin.o
 .ARM.attributes
                0x00000052       0x30 CMakeFiles/GD32E230_demo.elf.dir/CMSIS/Source/system_gd32e23x.c.obj
 .ARM.attributes
                0x00000082       0x30 CMakeFiles/GD32E230_demo.elf.dir/Device_Drivers_Layer/button_drv.cpp.obj
 .ARM.attributes
                0x000000b2       0x30 CMakeFiles/GD32E230_demo.elf.dir/Device_Drivers_Layer/si24r1_drv.cpp.obj
 .ARM.attributes
                0x000000e2       0x30 CMakeFiles/GD32E230_demo.elf.dir/Device_Drivers_Layer/si24r1_slave_drv.cpp.obj
 .ARM.attributes
                0x00000112       0x30 CMakeFiles/GD32E230_demo.elf.dir/GD32E23x_standard_peripheral/Source/gd32e23x_exti.c.obj
 .ARM.attributes
                0x00000142       0x30 CMakeFiles/GD32E230_demo.elf.dir/GD32E23x_standard_peripheral/Source/gd32e23x_gpio.c.obj
 .ARM.attributes
                0x00000172       0x30 CMakeFiles/GD32E230_demo.elf.dir/GD32E23x_standard_peripheral/Source/gd32e23x_misc.c.obj
 .ARM.attributes
                0x000001a2       0x30 CMakeFiles/GD32E230_demo.elf.dir/GD32E23x_standard_peripheral/Source/gd32e23x_rcu.c.obj
 .ARM.attributes
                0x000001d2       0x30 CMakeFiles/GD32E230_demo.elf.dir/GD32E23x_standard_peripheral/Source/gd32e23x_spi.c.obj
 .ARM.attributes
                0x00000202       0x30 CMakeFiles/GD32E230_demo.elf.dir/GD32E23x_standard_peripheral/Source/gd32e23x_syscfg.c.obj
 .ARM.attributes
                0x00000232       0x30 CMakeFiles/GD32E230_demo.elf.dir/GD32E23x_standard_peripheral/Source/gd32e23x_timer.c.obj
 .ARM.attributes
                0x00000262       0x30 CMakeFiles/GD32E230_demo.elf.dir/GD32E23x_standard_peripheral/Source/gd32e23x_usart.c.obj
 .ARM.attributes
                0x00000292       0x30 CMakeFiles/GD32E230_demo.elf.dir/Hardware_Abstraction_Layer/exti_hal.cpp.obj
 .ARM.attributes
                0x000002c2       0x30 CMakeFiles/GD32E230_demo.elf.dir/Hardware_Abstraction_Layer/gpio_hal.cpp.obj
 .ARM.attributes
                0x000002f2       0x30 CMakeFiles/GD32E230_demo.elf.dir/Hardware_Abstraction_Layer/spi_hal.cpp.obj
 .ARM.attributes
                0x00000322       0x30 CMakeFiles/GD32E230_demo.elf.dir/Hardware_Abstraction_Layer/timer_hal.cpp.obj
 .ARM.attributes
                0x00000352       0x30 CMakeFiles/GD32E230_demo.elf.dir/Hardware_Abstraction_Layer/usart_hal.cpp.obj
 .ARM.attributes
                0x00000382       0x30 CMakeFiles/GD32E230_demo.elf.dir/Software_Layer/RingBuffer.cpp.obj
 .ARM.attributes
                0x000003b2       0x30 CMakeFiles/GD32E230_demo.elf.dir/Software_Layer/System_time.c.obj
 .ARM.attributes
                0x000003e2       0x30 CMakeFiles/GD32E230_demo.elf.dir/USER/gd32e23x_it.c.obj
 .ARM.attributes
                0x00000412       0x30 CMakeFiles/GD32E230_demo.elf.dir/USER/main.c.obj
 .ARM.attributes
                0x00000442       0x30 CMakeFiles/GD32E230_demo.elf.dir/USER/main.cpp.obj
 .ARM.attributes
                0x00000472       0x22 CMakeFiles/GD32E230_demo.elf.dir/startup_gd32e230.s.obj
 .ARM.attributes
                0x00000494       0x30 c:/progra~2/gnuarm~1/102021~1.10/bin/../lib/gcc/arm-none-eabi/10.3.1/../../../../arm-none-eabi/lib/thumb/v8-m.base/nofp\libstdc++.a(atexit_arm.o)
 .ARM.attributes
                0x000004c4       0x22 c:/progra~2/gnuarm~1/102021~1.10/bin/../lib/gcc/arm-none-eabi/10.3.1/thumb/v8-m.base/nofp\libgcc.a(_arm_cmpsf2.o)
 .ARM.attributes
                0x000004e6       0x30 c:/progra~2/gnuarm~1/102021~1.10/bin/../lib/gcc/arm-none-eabi/10.3.1/thumb/v8-m.base/nofp\libgcc.a(addsf3.o)
 .ARM.attributes
                0x00000516       0x30 c:/progra~2/gnuarm~1/102021~1.10/bin/../lib/gcc/arm-none-eabi/10.3.1/thumb/v8-m.base/nofp\libgcc.a(divsf3.o)
 .ARM.attributes
                0x00000546       0x30 c:/progra~2/gnuarm~1/102021~1.10/bin/../lib/gcc/arm-none-eabi/10.3.1/thumb/v8-m.base/nofp\libgcc.a(eqsf2.o)
 .ARM.attributes
                0x00000576       0x30 c:/progra~2/gnuarm~1/102021~1.10/bin/../lib/gcc/arm-none-eabi/10.3.1/thumb/v8-m.base/nofp\libgcc.a(gesf2.o)
 .ARM.attributes
                0x000005a6       0x30 c:/progra~2/gnuarm~1/102021~1.10/bin/../lib/gcc/arm-none-eabi/10.3.1/thumb/v8-m.base/nofp\libgcc.a(lesf2.o)
 .ARM.attributes
                0x000005d6       0x30 c:/progra~2/gnuarm~1/102021~1.10/bin/../lib/gcc/arm-none-eabi/10.3.1/thumb/v8-m.base/nofp\libgcc.a(floatsisf.o)
 .ARM.attributes
                0x00000606       0x30 c:/progra~2/gnuarm~1/102021~1.10/bin/../lib/gcc/arm-none-eabi/10.3.1/thumb/v8-m.base/nofp\libgcc.a(floatunsisf.o)
 .ARM.attributes
                0x00000636       0x30 c:/progra~2/gnuarm~1/102021~1.10/bin/../lib/gcc/arm-none-eabi/10.3.1/thumb/v8-m.base/nofp\libgcc.a(divdf3.o)
 .ARM.attributes
                0x00000666       0x30 c:/progra~2/gnuarm~1/102021~1.10/bin/../lib/gcc/arm-none-eabi/10.3.1/thumb/v8-m.base/nofp\libgcc.a(fixdfsi.o)
 .ARM.attributes
                0x00000696       0x30 c:/progra~2/gnuarm~1/102021~1.10/bin/../lib/gcc/arm-none-eabi/10.3.1/thumb/v8-m.base/nofp\libgcc.a(floatsidf.o)
 .ARM.attributes
                0x000006c6       0x22 c:/progra~2/gnuarm~1/102021~1.10/bin/../lib/gcc/arm-none-eabi/10.3.1/thumb/v8-m.base/nofp\libgcc.a(_clzsi2.o)
 .ARM.attributes
                0x000006e8       0x30 c:/progra~2/gnuarm~1/102021~1.10/bin/../lib/gcc/arm-none-eabi/10.3.1/../../../../arm-none-eabi/lib/thumb/v8-m.base/nofp\libg.a(lib_a-cxa_atexit.o)
 .ARM.attributes
                0x00000718       0x30 c:/progra~2/gnuarm~1/102021~1.10/bin/../lib/gcc/arm-none-eabi/10.3.1/../../../../arm-none-eabi/lib/thumb/v8-m.base/nofp\libg.a(lib_a-impure.o)
 .ARM.attributes
                0x00000748       0x30 c:/progra~2/gnuarm~1/102021~1.10/bin/../lib/gcc/arm-none-eabi/10.3.1/../../../../arm-none-eabi/lib/thumb/v8-m.base/nofp\libg.a(lib_a-memcpy-stub.o)
 .ARM.attributes
                0x00000778       0x30 c:/progra~2/gnuarm~1/102021~1.10/bin/../lib/gcc/arm-none-eabi/10.3.1/../../../../arm-none-eabi/lib/thumb/v8-m.base/nofp\libg.a(lib_a-memmove.o)
 .ARM.attributes
                0x000007a8       0x30 c:/progra~2/gnuarm~1/102021~1.10/bin/../lib/gcc/arm-none-eabi/10.3.1/../../../../arm-none-eabi/lib/thumb/v8-m.base/nofp\libg.a(lib_a-memset.o)
 .ARM.attributes
                0x000007d8       0x30 c:/progra~2/gnuarm~1/102021~1.10/bin/../lib/gcc/arm-none-eabi/10.3.1/../../../../arm-none-eabi/lib/thumb/v8-m.base/nofp\libg.a(lib_a-__atexit.o)
 .ARM.attributes
                0x00000808       0x30 c:/progra~2/gnuarm~1/102021~1.10/bin/../lib/gcc/arm-none-eabi/10.3.1/../../../../arm-none-eabi/lib/thumb/v8-m.base/nofp\libg.a(lib_a-__call_atexit.o)
 .ARM.attributes
                0x00000838       0x30 c:/progra~2/gnuarm~1/102021~1.10/bin/../lib/gcc/arm-none-eabi/10.3.1/../../../../arm-none-eabi/lib/thumb/v8-m.base/nofp\libg.a(lib_a-atexit.o)
 .ARM.attributes
                0x00000868       0x30 c:/progra~2/gnuarm~1/102021~1.10/bin/../lib/gcc/arm-none-eabi/10.3.1/../../../../arm-none-eabi/lib/thumb/v8-m.base/nofp\libg.a(lib_a-fini.o)
 .ARM.attributes
                0x00000898       0x30 c:/progra~2/gnuarm~1/102021~1.10/bin/../lib/gcc/arm-none-eabi/10.3.1/../../../../arm-none-eabi/lib/thumb/v8-m.base/nofp\libg.a(lib_a-lock.o)
 .ARM.attributes
                0x000008c8       0x22 c:/progra~2/gnuarm~1/102021~1.10/bin/../lib/gcc/arm-none-eabi/10.3.1/thumb/v8-m.base/nofp/crtn.o
OUTPUT(GD32E230_demo.elf elf32-littlearm)
LOAD linker stubs
LOAD c:/progra~2/gnuarm~1/102021~1.10/bin/../lib/gcc/arm-none-eabi/10.3.1/../../../../arm-none-eabi/lib/thumb/v8-m.base/nofp\libc.a
LOAD c:/progra~2/gnuarm~1/102021~1.10/bin/../lib/gcc/arm-none-eabi/10.3.1/../../../../arm-none-eabi/lib/thumb/v8-m.base/nofp\libm.a
LOAD c:/progra~2/gnuarm~1/102021~1.10/bin/../lib/gcc/arm-none-eabi/10.3.1/thumb/v8-m.base/nofp\libgcc.a

.debug_info     0x00000000     0xe6af
 .debug_info    0x00000000      0x2c0 CMakeFiles/GD32E230_demo.elf.dir/CMSIS/Source/system_gd32e23x.c.obj
 .debug_info    0x000002c0      0x7c3 CMakeFiles/GD32E230_demo.elf.dir/Device_Drivers_Layer/button_drv.cpp.obj
 .debug_info    0x00000a83      0xc28 CMakeFiles/GD32E230_demo.elf.dir/Device_Drivers_Layer/si24r1_drv.cpp.obj
 .debug_info    0x000016ab     0x1cdf CMakeFiles/GD32E230_demo.elf.dir/Device_Drivers_Layer/si24r1_slave_drv.cpp.obj
 .debug_info    0x0000338a      0x401 CMakeFiles/GD32E230_demo.elf.dir/GD32E23x_standard_peripheral/Source/gd32e23x_exti.c.obj
 .debug_info    0x0000378b      0x66d CMakeFiles/GD32E230_demo.elf.dir/GD32E23x_standard_peripheral/Source/gd32e23x_gpio.c.obj
 .debug_info    0x00003df8      0x63c CMakeFiles/GD32E230_demo.elf.dir/GD32E23x_standard_peripheral/Source/gd32e23x_misc.c.obj
 .debug_info    0x00004434      0xe7d CMakeFiles/GD32E230_demo.elf.dir/GD32E23x_standard_peripheral/Source/gd32e23x_rcu.c.obj
 .debug_info    0x000052b1      0xc7a CMakeFiles/GD32E230_demo.elf.dir/GD32E23x_standard_peripheral/Source/gd32e23x_spi.c.obj
 .debug_info    0x00005f2b      0x34a CMakeFiles/GD32E230_demo.elf.dir/GD32E23x_standard_peripheral/Source/gd32e23x_syscfg.c.obj
 .debug_info    0x00006275     0x16ea CMakeFiles/GD32E230_demo.elf.dir/GD32E23x_standard_peripheral/Source/gd32e23x_timer.c.obj
 .debug_info    0x0000795f     0x135d CMakeFiles/GD32E230_demo.elf.dir/GD32E23x_standard_peripheral/Source/gd32e23x_usart.c.obj
 .debug_info    0x00008cbc      0xcc4 CMakeFiles/GD32E230_demo.elf.dir/Hardware_Abstraction_Layer/exti_hal.cpp.obj
 .debug_info    0x00009980      0x373 CMakeFiles/GD32E230_demo.elf.dir/Hardware_Abstraction_Layer/gpio_hal.cpp.obj
 .debug_info    0x00009cf3      0x957 CMakeFiles/GD32E230_demo.elf.dir/Hardware_Abstraction_Layer/spi_hal.cpp.obj
 .debug_info    0x0000a64a      0xcf9 CMakeFiles/GD32E230_demo.elf.dir/Hardware_Abstraction_Layer/timer_hal.cpp.obj
 .debug_info    0x0000b343      0xe43 CMakeFiles/GD32E230_demo.elf.dir/Hardware_Abstraction_Layer/usart_hal.cpp.obj
 .debug_info    0x0000c186      0x343 CMakeFiles/GD32E230_demo.elf.dir/Software_Layer/RingBuffer.cpp.obj
 .debug_info    0x0000c4c9      0x739 CMakeFiles/GD32E230_demo.elf.dir/Software_Layer/System_time.c.obj
 .debug_info    0x0000cc02       0xfc CMakeFiles/GD32E230_demo.elf.dir/USER/gd32e23x_it.c.obj
 .debug_info    0x0000ccfe      0x1ee CMakeFiles/GD32E230_demo.elf.dir/USER/main.c.obj
 .debug_info    0x0000ceec     0x17a1 CMakeFiles/GD32E230_demo.elf.dir/USER/main.cpp.obj
 .debug_info    0x0000e68d       0x22 CMakeFiles/GD32E230_demo.elf.dir/startup_gd32e230.s.obj

.debug_abbrev   0x00000000     0x2c84
 .debug_abbrev  0x00000000      0x179 CMakeFiles/GD32E230_demo.elf.dir/CMSIS/Source/system_gd32e23x.c.obj
 .debug_abbrev  0x00000179      0x294 CMakeFiles/GD32E230_demo.elf.dir/Device_Drivers_Layer/button_drv.cpp.obj
 .debug_abbrev  0x0000040d      0x29d CMakeFiles/GD32E230_demo.elf.dir/Device_Drivers_Layer/si24r1_drv.cpp.obj
 .debug_abbrev  0x000006aa      0x339 CMakeFiles/GD32E230_demo.elf.dir/Device_Drivers_Layer/si24r1_slave_drv.cpp.obj
 .debug_abbrev  0x000009e3       0xfd CMakeFiles/GD32E230_demo.elf.dir/GD32E23x_standard_peripheral/Source/gd32e23x_exti.c.obj
 .debug_abbrev  0x00000ae0      0x204 CMakeFiles/GD32E230_demo.elf.dir/GD32E23x_standard_peripheral/Source/gd32e23x_gpio.c.obj
 .debug_abbrev  0x00000ce4      0x1c7 CMakeFiles/GD32E230_demo.elf.dir/GD32E23x_standard_peripheral/Source/gd32e23x_misc.c.obj
 .debug_abbrev  0x00000eab      0x203 CMakeFiles/GD32E230_demo.elf.dir/GD32E23x_standard_peripheral/Source/gd32e23x_rcu.c.obj
 .debug_abbrev  0x000010ae      0x20a CMakeFiles/GD32E230_demo.elf.dir/GD32E23x_standard_peripheral/Source/gd32e23x_spi.c.obj
 .debug_abbrev  0x000012b8      0x152 CMakeFiles/GD32E230_demo.elf.dir/GD32E23x_standard_peripheral/Source/gd32e23x_syscfg.c.obj
 .debug_abbrev  0x0000140a      0x1dc CMakeFiles/GD32E230_demo.elf.dir/GD32E23x_standard_peripheral/Source/gd32e23x_timer.c.obj
 .debug_abbrev  0x000015e6      0x1b6 CMakeFiles/GD32E230_demo.elf.dir/GD32E23x_standard_peripheral/Source/gd32e23x_usart.c.obj
 .debug_abbrev  0x0000179c      0x24a CMakeFiles/GD32E230_demo.elf.dir/Hardware_Abstraction_Layer/exti_hal.cpp.obj
 .debug_abbrev  0x000019e6      0x1a8 CMakeFiles/GD32E230_demo.elf.dir/Hardware_Abstraction_Layer/gpio_hal.cpp.obj
 .debug_abbrev  0x00001b8e      0x240 CMakeFiles/GD32E230_demo.elf.dir/Hardware_Abstraction_Layer/spi_hal.cpp.obj
 .debug_abbrev  0x00001dce      0x265 CMakeFiles/GD32E230_demo.elf.dir/Hardware_Abstraction_Layer/timer_hal.cpp.obj
 .debug_abbrev  0x00002033      0x2ec CMakeFiles/GD32E230_demo.elf.dir/Hardware_Abstraction_Layer/usart_hal.cpp.obj
 .debug_abbrev  0x0000231f      0x193 CMakeFiles/GD32E230_demo.elf.dir/Software_Layer/RingBuffer.cpp.obj
 .debug_abbrev  0x000024b2      0x275 CMakeFiles/GD32E230_demo.elf.dir/Software_Layer/System_time.c.obj
 .debug_abbrev  0x00002727       0x44 CMakeFiles/GD32E230_demo.elf.dir/USER/gd32e23x_it.c.obj
 .debug_abbrev  0x0000276b       0xd5 CMakeFiles/GD32E230_demo.elf.dir/USER/main.c.obj
 .debug_abbrev  0x00002840      0x432 CMakeFiles/GD32E230_demo.elf.dir/USER/main.cpp.obj
 .debug_abbrev  0x00002c72       0x12 CMakeFiles/GD32E230_demo.elf.dir/startup_gd32e230.s.obj

.debug_loc      0x00000000     0x582b
 .debug_loc     0x00000000      0x240 CMakeFiles/GD32E230_demo.elf.dir/CMSIS/Source/system_gd32e23x.c.obj
 .debug_loc     0x00000240      0x2da CMakeFiles/GD32E230_demo.elf.dir/Device_Drivers_Layer/button_drv.cpp.obj
 .debug_loc     0x0000051a       0x41 CMakeFiles/GD32E230_demo.elf.dir/Device_Drivers_Layer/si24r1_drv.cpp.obj
 .debug_loc     0x0000055b      0x1de CMakeFiles/GD32E230_demo.elf.dir/Device_Drivers_Layer/si24r1_slave_drv.cpp.obj
 .debug_loc     0x00000739      0x294 CMakeFiles/GD32E230_demo.elf.dir/GD32E23x_standard_peripheral/Source/gd32e23x_exti.c.obj
 .debug_loc     0x000009cd      0x371 CMakeFiles/GD32E230_demo.elf.dir/GD32E23x_standard_peripheral/Source/gd32e23x_gpio.c.obj
 .debug_loc     0x00000d3e      0x166 CMakeFiles/GD32E230_demo.elf.dir/GD32E23x_standard_peripheral/Source/gd32e23x_misc.c.obj
 .debug_loc     0x00000ea4      0xd77 CMakeFiles/GD32E230_demo.elf.dir/GD32E23x_standard_peripheral/Source/gd32e23x_rcu.c.obj
 .debug_loc     0x00001c1b      0x7c4 CMakeFiles/GD32E230_demo.elf.dir/GD32E23x_standard_peripheral/Source/gd32e23x_spi.c.obj
 .debug_loc     0x000023df      0x14b CMakeFiles/GD32E230_demo.elf.dir/GD32E23x_standard_peripheral/Source/gd32e23x_syscfg.c.obj
 .debug_loc     0x0000252a     0x139e CMakeFiles/GD32E230_demo.elf.dir/GD32E23x_standard_peripheral/Source/gd32e23x_timer.c.obj
 .debug_loc     0x000038c8      0x7e6 CMakeFiles/GD32E230_demo.elf.dir/GD32E23x_standard_peripheral/Source/gd32e23x_usart.c.obj
 .debug_loc     0x000040ae      0x5b0 CMakeFiles/GD32E230_demo.elf.dir/Hardware_Abstraction_Layer/exti_hal.cpp.obj
 .debug_loc     0x0000465e      0x1ca CMakeFiles/GD32E230_demo.elf.dir/Hardware_Abstraction_Layer/gpio_hal.cpp.obj
 .debug_loc     0x00004828      0x2ec CMakeFiles/GD32E230_demo.elf.dir/Hardware_Abstraction_Layer/spi_hal.cpp.obj
 .debug_loc     0x00004b14      0x465 CMakeFiles/GD32E230_demo.elf.dir/Hardware_Abstraction_Layer/timer_hal.cpp.obj
 .debug_loc     0x00004f79      0x316 CMakeFiles/GD32E230_demo.elf.dir/Hardware_Abstraction_Layer/usart_hal.cpp.obj
 .debug_loc     0x0000528f      0x172 CMakeFiles/GD32E230_demo.elf.dir/Software_Layer/RingBuffer.cpp.obj
 .debug_loc     0x00005401       0xde CMakeFiles/GD32E230_demo.elf.dir/Software_Layer/System_time.c.obj
 .debug_loc     0x000054df      0x34c CMakeFiles/GD32E230_demo.elf.dir/USER/main.cpp.obj

.debug_aranges  0x00000000      0xd20
 .debug_aranges
                0x00000000       0x38 CMakeFiles/GD32E230_demo.elf.dir/CMSIS/Source/system_gd32e23x.c.obj
 .debug_aranges
                0x00000038       0x40 CMakeFiles/GD32E230_demo.elf.dir/Device_Drivers_Layer/button_drv.cpp.obj
 .debug_aranges
                0x00000078       0x20 CMakeFiles/GD32E230_demo.elf.dir/Device_Drivers_Layer/si24r1_drv.cpp.obj
 .debug_aranges
                0x00000098       0x38 CMakeFiles/GD32E230_demo.elf.dir/Device_Drivers_Layer/si24r1_slave_drv.cpp.obj
 .debug_aranges
                0x000000d0       0x78 CMakeFiles/GD32E230_demo.elf.dir/GD32E23x_standard_peripheral/Source/gd32e23x_exti.c.obj
 .debug_aranges
                0x00000148       0x90 CMakeFiles/GD32E230_demo.elf.dir/GD32E23x_standard_peripheral/Source/gd32e23x_gpio.c.obj
 .debug_aranges
                0x000001d8       0x50 CMakeFiles/GD32E230_demo.elf.dir/GD32E23x_standard_peripheral/Source/gd32e23x_misc.c.obj
 .debug_aranges
                0x00000228      0x150 CMakeFiles/GD32E230_demo.elf.dir/GD32E23x_standard_peripheral/Source/gd32e23x_rcu.c.obj
 .debug_aranges
                0x00000378      0x178 CMakeFiles/GD32E230_demo.elf.dir/GD32E23x_standard_peripheral/Source/gd32e23x_spi.c.obj
 .debug_aranges
                0x000004f0       0x68 CMakeFiles/GD32E230_demo.elf.dir/GD32E23x_standard_peripheral/Source/gd32e23x_syscfg.c.obj
 .debug_aranges
                0x00000558      0x260 CMakeFiles/GD32E230_demo.elf.dir/GD32E23x_standard_peripheral/Source/gd32e23x_timer.c.obj
 .debug_aranges
                0x000007b8      0x268 CMakeFiles/GD32E230_demo.elf.dir/GD32E23x_standard_peripheral/Source/gd32e23x_usart.c.obj
 .debug_aranges
                0x00000a20       0x58 CMakeFiles/GD32E230_demo.elf.dir/Hardware_Abstraction_Layer/exti_hal.cpp.obj
 .debug_aranges
                0x00000a78       0x40 CMakeFiles/GD32E230_demo.elf.dir/Hardware_Abstraction_Layer/gpio_hal.cpp.obj
 .debug_aranges
                0x00000ab8       0x30 CMakeFiles/GD32E230_demo.elf.dir/Hardware_Abstraction_Layer/spi_hal.cpp.obj
 .debug_aranges
                0x00000ae8       0x78 CMakeFiles/GD32E230_demo.elf.dir/Hardware_Abstraction_Layer/timer_hal.cpp.obj
 .debug_aranges
                0x00000b60       0x48 CMakeFiles/GD32E230_demo.elf.dir/Hardware_Abstraction_Layer/usart_hal.cpp.obj
 .debug_aranges
                0x00000ba8       0x40 CMakeFiles/GD32E230_demo.elf.dir/Software_Layer/RingBuffer.cpp.obj
 .debug_aranges
                0x00000be8       0x48 CMakeFiles/GD32E230_demo.elf.dir/Software_Layer/System_time.c.obj
 .debug_aranges
                0x00000c30       0x58 CMakeFiles/GD32E230_demo.elf.dir/USER/gd32e23x_it.c.obj
 .debug_aranges
                0x00000c88       0x20 CMakeFiles/GD32E230_demo.elf.dir/USER/main.c.obj
 .debug_aranges
                0x00000ca8       0x50 CMakeFiles/GD32E230_demo.elf.dir/USER/main.cpp.obj
 .debug_aranges
                0x00000cf8       0x28 CMakeFiles/GD32E230_demo.elf.dir/startup_gd32e230.s.obj

.debug_ranges   0x00000000      0xbe8
 .debug_ranges  0x00000000       0x28 CMakeFiles/GD32E230_demo.elf.dir/CMSIS/Source/system_gd32e23x.c.obj
 .debug_ranges  0x00000028       0x30 CMakeFiles/GD32E230_demo.elf.dir/Device_Drivers_Layer/button_drv.cpp.obj
 .debug_ranges  0x00000058       0x10 CMakeFiles/GD32E230_demo.elf.dir/Device_Drivers_Layer/si24r1_drv.cpp.obj
 .debug_ranges  0x00000068       0x40 CMakeFiles/GD32E230_demo.elf.dir/Device_Drivers_Layer/si24r1_slave_drv.cpp.obj
 .debug_ranges  0x000000a8       0x68 CMakeFiles/GD32E230_demo.elf.dir/GD32E23x_standard_peripheral/Source/gd32e23x_exti.c.obj
 .debug_ranges  0x00000110       0x80 CMakeFiles/GD32E230_demo.elf.dir/GD32E23x_standard_peripheral/Source/gd32e23x_gpio.c.obj
 .debug_ranges  0x00000190       0x58 CMakeFiles/GD32E230_demo.elf.dir/GD32E23x_standard_peripheral/Source/gd32e23x_misc.c.obj
 .debug_ranges  0x000001e8      0x140 CMakeFiles/GD32E230_demo.elf.dir/GD32E23x_standard_peripheral/Source/gd32e23x_rcu.c.obj
 .debug_ranges  0x00000328      0x168 CMakeFiles/GD32E230_demo.elf.dir/GD32E23x_standard_peripheral/Source/gd32e23x_spi.c.obj
 .debug_ranges  0x00000490       0x58 CMakeFiles/GD32E230_demo.elf.dir/GD32E23x_standard_peripheral/Source/gd32e23x_syscfg.c.obj
 .debug_ranges  0x000004e8      0x250 CMakeFiles/GD32E230_demo.elf.dir/GD32E23x_standard_peripheral/Source/gd32e23x_timer.c.obj
 .debug_ranges  0x00000738      0x258 CMakeFiles/GD32E230_demo.elf.dir/GD32E23x_standard_peripheral/Source/gd32e23x_usart.c.obj
 .debug_ranges  0x00000990       0x48 CMakeFiles/GD32E230_demo.elf.dir/Hardware_Abstraction_Layer/exti_hal.cpp.obj
 .debug_ranges  0x000009d8       0x30 CMakeFiles/GD32E230_demo.elf.dir/Hardware_Abstraction_Layer/gpio_hal.cpp.obj
 .debug_ranges  0x00000a08       0x20 CMakeFiles/GD32E230_demo.elf.dir/Hardware_Abstraction_Layer/spi_hal.cpp.obj
 .debug_ranges  0x00000a28       0x68 CMakeFiles/GD32E230_demo.elf.dir/Hardware_Abstraction_Layer/timer_hal.cpp.obj
 .debug_ranges  0x00000a90       0x38 CMakeFiles/GD32E230_demo.elf.dir/Hardware_Abstraction_Layer/usart_hal.cpp.obj
 .debug_ranges  0x00000ac8       0x30 CMakeFiles/GD32E230_demo.elf.dir/Software_Layer/RingBuffer.cpp.obj
 .debug_ranges  0x00000af8       0x38 CMakeFiles/GD32E230_demo.elf.dir/Software_Layer/System_time.c.obj
 .debug_ranges  0x00000b30       0x48 CMakeFiles/GD32E230_demo.elf.dir/USER/gd32e23x_it.c.obj
 .debug_ranges  0x00000b78       0x10 CMakeFiles/GD32E230_demo.elf.dir/USER/main.c.obj
 .debug_ranges  0x00000b88       0x40 CMakeFiles/GD32E230_demo.elf.dir/USER/main.cpp.obj
 .debug_ranges  0x00000bc8       0x20 CMakeFiles/GD32E230_demo.elf.dir/startup_gd32e230.s.obj

.debug_line     0x00000000     0x976b
 .debug_line    0x00000000      0x4b8 CMakeFiles/GD32E230_demo.elf.dir/CMSIS/Source/system_gd32e23x.c.obj
 .debug_line    0x000004b8      0x484 CMakeFiles/GD32E230_demo.elf.dir/Device_Drivers_Layer/button_drv.cpp.obj
 .debug_line    0x0000093c      0x3ad CMakeFiles/GD32E230_demo.elf.dir/Device_Drivers_Layer/si24r1_drv.cpp.obj
 .debug_line    0x00000ce9      0xc46 CMakeFiles/GD32E230_demo.elf.dir/Device_Drivers_Layer/si24r1_slave_drv.cpp.obj
 .debug_line    0x0000192f      0x431 CMakeFiles/GD32E230_demo.elf.dir/GD32E23x_standard_peripheral/Source/gd32e23x_exti.c.obj
 .debug_line    0x00001d60      0x60e CMakeFiles/GD32E230_demo.elf.dir/GD32E23x_standard_peripheral/Source/gd32e23x_gpio.c.obj
 .debug_line    0x0000236e      0x38d CMakeFiles/GD32E230_demo.elf.dir/GD32E23x_standard_peripheral/Source/gd32e23x_misc.c.obj
 .debug_line    0x000026fb      0xcd6 CMakeFiles/GD32E230_demo.elf.dir/GD32E23x_standard_peripheral/Source/gd32e23x_rcu.c.obj
 .debug_line    0x000033d1      0xb51 CMakeFiles/GD32E230_demo.elf.dir/GD32E23x_standard_peripheral/Source/gd32e23x_spi.c.obj
 .debug_line    0x00003f22      0x3cb CMakeFiles/GD32E230_demo.elf.dir/GD32E23x_standard_peripheral/Source/gd32e23x_syscfg.c.obj
 .debug_line    0x000042ed     0x18ef CMakeFiles/GD32E230_demo.elf.dir/GD32E23x_standard_peripheral/Source/gd32e23x_timer.c.obj
 .debug_line    0x00005bdc      0xe4e CMakeFiles/GD32E230_demo.elf.dir/GD32E23x_standard_peripheral/Source/gd32e23x_usart.c.obj
 .debug_line    0x00006a2a      0x8a9 CMakeFiles/GD32E230_demo.elf.dir/Hardware_Abstraction_Layer/exti_hal.cpp.obj
 .debug_line    0x000072d3      0x2d2 CMakeFiles/GD32E230_demo.elf.dir/Hardware_Abstraction_Layer/gpio_hal.cpp.obj
 .debug_line    0x000075a5      0x46c CMakeFiles/GD32E230_demo.elf.dir/Hardware_Abstraction_Layer/spi_hal.cpp.obj
 .debug_line    0x00007a11      0x760 CMakeFiles/GD32E230_demo.elf.dir/Hardware_Abstraction_Layer/timer_hal.cpp.obj
 .debug_line    0x00008171      0x51b CMakeFiles/GD32E230_demo.elf.dir/Hardware_Abstraction_Layer/usart_hal.cpp.obj
 .debug_line    0x0000868c      0x30e CMakeFiles/GD32E230_demo.elf.dir/Software_Layer/RingBuffer.cpp.obj
 .debug_line    0x0000899a      0x3fd CMakeFiles/GD32E230_demo.elf.dir/Software_Layer/System_time.c.obj
 .debug_line    0x00008d97      0x156 CMakeFiles/GD32E230_demo.elf.dir/USER/gd32e23x_it.c.obj
 .debug_line    0x00008eed      0x1ec CMakeFiles/GD32E230_demo.elf.dir/USER/main.c.obj
 .debug_line    0x000090d9      0x5dc CMakeFiles/GD32E230_demo.elf.dir/USER/main.cpp.obj
 .debug_line    0x000096b5       0xb6 CMakeFiles/GD32E230_demo.elf.dir/startup_gd32e230.s.obj

.debug_str      0x00000000     0x5246
 .debug_str     0x00000000      0x326 CMakeFiles/GD32E230_demo.elf.dir/CMSIS/Source/system_gd32e23x.c.obj
                                0x395 (size before relaxing)
 .debug_str     0x00000326      0x5e8 CMakeFiles/GD32E230_demo.elf.dir/Device_Drivers_Layer/button_drv.cpp.obj
                                0x780 (size before relaxing)
 .debug_str     0x0000090e      0x646 CMakeFiles/GD32E230_demo.elf.dir/Device_Drivers_Layer/si24r1_drv.cpp.obj
                                0xba7 (size before relaxing)
 .debug_str     0x00000f54      0x284 CMakeFiles/GD32E230_demo.elf.dir/Device_Drivers_Layer/si24r1_slave_drv.cpp.obj
                                0xddb (size before relaxing)
 .debug_str     0x000011d8      0x18f CMakeFiles/GD32E230_demo.elf.dir/GD32E23x_standard_peripheral/Source/gd32e23x_exti.c.obj
                                0x4b1 (size before relaxing)
 .debug_str     0x00001367      0x304 CMakeFiles/GD32E230_demo.elf.dir/GD32E23x_standard_peripheral/Source/gd32e23x_gpio.c.obj
                                0x50e (size before relaxing)
 .debug_str     0x0000166b      0x415 CMakeFiles/GD32E230_demo.elf.dir/GD32E23x_standard_peripheral/Source/gd32e23x_misc.c.obj
                                0x60a (size before relaxing)
 .debug_str     0x00001a80      0xae0 CMakeFiles/GD32E230_demo.elf.dir/GD32E23x_standard_peripheral/Source/gd32e23x_rcu.c.obj
                                0xe6e (size before relaxing)
 .debug_str     0x00002560      0x4b0 CMakeFiles/GD32E230_demo.elf.dir/GD32E23x_standard_peripheral/Source/gd32e23x_spi.c.obj
                                0x875 (size before relaxing)
 .debug_str     0x00002a10      0x1b7 CMakeFiles/GD32E230_demo.elf.dir/GD32E23x_standard_peripheral/Source/gd32e23x_syscfg.c.obj
                                0x4d4 (size before relaxing)
 .debug_str     0x00002bc7      0xbd9 CMakeFiles/GD32E230_demo.elf.dir/GD32E23x_standard_peripheral/Source/gd32e23x_timer.c.obj
                                0xf73 (size before relaxing)
 .debug_str     0x000037a0      0xd27 CMakeFiles/GD32E230_demo.elf.dir/GD32E23x_standard_peripheral/Source/gd32e23x_usart.c.obj
                               0x10f0 (size before relaxing)
 .debug_str     0x000044c7      0x207 CMakeFiles/GD32E230_demo.elf.dir/Hardware_Abstraction_Layer/exti_hal.cpp.obj
                                0xa5a (size before relaxing)
 .debug_str     0x000046ce       0x6d CMakeFiles/GD32E230_demo.elf.dir/Hardware_Abstraction_Layer/gpio_hal.cpp.obj
                                0x365 (size before relaxing)
 .debug_str     0x0000473b       0xb3 CMakeFiles/GD32E230_demo.elf.dir/Hardware_Abstraction_Layer/spi_hal.cpp.obj
                                0x62b (size before relaxing)
 .debug_str     0x000047ee      0x1fe CMakeFiles/GD32E230_demo.elf.dir/Hardware_Abstraction_Layer/timer_hal.cpp.obj
                                0xa6e (size before relaxing)
 .debug_str     0x000049ec      0x21f CMakeFiles/GD32E230_demo.elf.dir/Hardware_Abstraction_Layer/usart_hal.cpp.obj
                                0xe54 (size before relaxing)
 .debug_str     0x00004c0b       0x6e CMakeFiles/GD32E230_demo.elf.dir/Software_Layer/RingBuffer.cpp.obj
                                0x355 (size before relaxing)
 .debug_str     0x00004c79       0xea CMakeFiles/GD32E230_demo.elf.dir/Software_Layer/System_time.c.obj
                                0x675 (size before relaxing)
 .debug_str     0x00004d63       0xd8 CMakeFiles/GD32E230_demo.elf.dir/USER/gd32e23x_it.c.obj
                                0x276 (size before relaxing)
 .debug_str     0x00004e3b       0x68 CMakeFiles/GD32E230_demo.elf.dir/USER/main.c.obj
                                0x32a (size before relaxing)
 .debug_str     0x00004ea3      0x33d CMakeFiles/GD32E230_demo.elf.dir/USER/main.cpp.obj
                               0x1309 (size before relaxing)
 .debug_str     0x000051e0       0x66 CMakeFiles/GD32E230_demo.elf.dir/startup_gd32e230.s.obj
                                 0xb6 (size before relaxing)

.comment        0x00000000       0x49
 .comment       0x00000000       0x49 CMakeFiles/GD32E230_demo.elf.dir/CMSIS/Source/system_gd32e23x.c.obj
                                 0x4a (size before relaxing)
 .comment       0x00000049       0x4a CMakeFiles/GD32E230_demo.elf.dir/Device_Drivers_Layer/button_drv.cpp.obj
 .comment       0x00000049       0x4a CMakeFiles/GD32E230_demo.elf.dir/Device_Drivers_Layer/si24r1_drv.cpp.obj
 .comment       0x00000049       0x4a CMakeFiles/GD32E230_demo.elf.dir/Device_Drivers_Layer/si24r1_slave_drv.cpp.obj
 .comment       0x00000049       0x4a CMakeFiles/GD32E230_demo.elf.dir/GD32E23x_standard_peripheral/Source/gd32e23x_exti.c.obj
 .comment       0x00000049       0x4a CMakeFiles/GD32E230_demo.elf.dir/GD32E23x_standard_peripheral/Source/gd32e23x_gpio.c.obj
 .comment       0x00000049       0x4a CMakeFiles/GD32E230_demo.elf.dir/GD32E23x_standard_peripheral/Source/gd32e23x_misc.c.obj
 .comment       0x00000049       0x4a CMakeFiles/GD32E230_demo.elf.dir/GD32E23x_standard_peripheral/Source/gd32e23x_rcu.c.obj
 .comment       0x00000049       0x4a CMakeFiles/GD32E230_demo.elf.dir/GD32E23x_standard_peripheral/Source/gd32e23x_spi.c.obj
 .comment       0x00000049       0x4a CMakeFiles/GD32E230_demo.elf.dir/GD32E23x_standard_peripheral/Source/gd32e23x_syscfg.c.obj
 .comment       0x00000049       0x4a CMakeFiles/GD32E230_demo.elf.dir/GD32E23x_standard_peripheral/Source/gd32e23x_timer.c.obj
 .comment       0x00000049       0x4a CMakeFiles/GD32E230_demo.elf.dir/GD32E23x_standard_peripheral/Source/gd32e23x_usart.c.obj
 .comment       0x00000049       0x4a CMakeFiles/GD32E230_demo.elf.dir/Hardware_Abstraction_Layer/exti_hal.cpp.obj
 .comment       0x00000049       0x4a CMakeFiles/GD32E230_demo.elf.dir/Hardware_Abstraction_Layer/gpio_hal.cpp.obj
 .comment       0x00000049       0x4a CMakeFiles/GD32E230_demo.elf.dir/Hardware_Abstraction_Layer/spi_hal.cpp.obj
 .comment       0x00000049       0x4a CMakeFiles/GD32E230_demo.elf.dir/Hardware_Abstraction_Layer/timer_hal.cpp.obj
 .comment       0x00000049       0x4a CMakeFiles/GD32E230_demo.elf.dir/Hardware_Abstraction_Layer/usart_hal.cpp.obj
 .comment       0x00000049       0x4a CMakeFiles/GD32E230_demo.elf.dir/Software_Layer/RingBuffer.cpp.obj
 .comment       0x00000049       0x4a CMakeFiles/GD32E230_demo.elf.dir/Software_Layer/System_time.c.obj
 .comment       0x00000049       0x4a CMakeFiles/GD32E230_demo.elf.dir/USER/gd32e23x_it.c.obj
 .comment       0x00000049       0x4a CMakeFiles/GD32E230_demo.elf.dir/USER/main.c.obj
 .comment       0x00000049       0x4a CMakeFiles/GD32E230_demo.elf.dir/USER/main.cpp.obj

.debug_frame    0x00000000     0x1f44
 .debug_frame   0x00000000       0x6c CMakeFiles/GD32E230_demo.elf.dir/CMSIS/Source/system_gd32e23x.c.obj
 .debug_frame   0x0000006c       0x88 CMakeFiles/GD32E230_demo.elf.dir/Device_Drivers_Layer/button_drv.cpp.obj
 .debug_frame   0x000000f4       0x38 CMakeFiles/GD32E230_demo.elf.dir/Device_Drivers_Layer/si24r1_drv.cpp.obj
 .debug_frame   0x0000012c       0xb8 CMakeFiles/GD32E230_demo.elf.dir/Device_Drivers_Layer/si24r1_slave_drv.cpp.obj
 .debug_frame   0x000001e4       0xdc CMakeFiles/GD32E230_demo.elf.dir/GD32E23x_standard_peripheral/Source/gd32e23x_exti.c.obj
 .debug_frame   0x000002c0      0x138 CMakeFiles/GD32E230_demo.elf.dir/GD32E23x_standard_peripheral/Source/gd32e23x_gpio.c.obj
 .debug_frame   0x000003f8       0x94 CMakeFiles/GD32E230_demo.elf.dir/GD32E23x_standard_peripheral/Source/gd32e23x_misc.c.obj
 .debug_frame   0x0000048c      0x2ac CMakeFiles/GD32E230_demo.elf.dir/GD32E23x_standard_peripheral/Source/gd32e23x_rcu.c.obj
 .debug_frame   0x00000738      0x300 CMakeFiles/GD32E230_demo.elf.dir/GD32E23x_standard_peripheral/Source/gd32e23x_spi.c.obj
 .debug_frame   0x00000a38       0xb8 CMakeFiles/GD32E230_demo.elf.dir/GD32E23x_standard_peripheral/Source/gd32e23x_syscfg.c.obj
 .debug_frame   0x00000af0      0x518 CMakeFiles/GD32E230_demo.elf.dir/GD32E23x_standard_peripheral/Source/gd32e23x_timer.c.obj
 .debug_frame   0x00001008      0x4e8 CMakeFiles/GD32E230_demo.elf.dir/GD32E23x_standard_peripheral/Source/gd32e23x_usart.c.obj
 .debug_frame   0x000014f0       0xc0 CMakeFiles/GD32E230_demo.elf.dir/Hardware_Abstraction_Layer/exti_hal.cpp.obj
 .debug_frame   0x000015b0       0x6c CMakeFiles/GD32E230_demo.elf.dir/Hardware_Abstraction_Layer/gpio_hal.cpp.obj
 .debug_frame   0x0000161c       0x74 CMakeFiles/GD32E230_demo.elf.dir/Hardware_Abstraction_Layer/spi_hal.cpp.obj
 .debug_frame   0x00001690      0x124 CMakeFiles/GD32E230_demo.elf.dir/Hardware_Abstraction_Layer/timer_hal.cpp.obj
 .debug_frame   0x000017b4       0xa8 CMakeFiles/GD32E230_demo.elf.dir/Hardware_Abstraction_Layer/usart_hal.cpp.obj
 .debug_frame   0x0000185c       0x78 CMakeFiles/GD32E230_demo.elf.dir/Software_Layer/RingBuffer.cpp.obj
 .debug_frame   0x000018d4       0x9c CMakeFiles/GD32E230_demo.elf.dir/Software_Layer/System_time.c.obj
 .debug_frame   0x00001970       0x90 CMakeFiles/GD32E230_demo.elf.dir/USER/gd32e23x_it.c.obj
 .debug_frame   0x00001a00       0x28 CMakeFiles/GD32E230_demo.elf.dir/USER/main.c.obj
 .debug_frame   0x00001a28       0xc8 CMakeFiles/GD32E230_demo.elf.dir/USER/main.cpp.obj
 .debug_frame   0x00001af0       0x28 c:/progra~2/gnuarm~1/102021~1.10/bin/../lib/gcc/arm-none-eabi/10.3.1/../../../../arm-none-eabi/lib/thumb/v8-m.base/nofp\libstdc++.a(atexit_arm.o)
 .debug_frame   0x00001b18       0x34 c:/progra~2/gnuarm~1/102021~1.10/bin/../lib/gcc/arm-none-eabi/10.3.1/thumb/v8-m.base/nofp\libgcc.a(addsf3.o)
 .debug_frame   0x00001b4c       0x38 c:/progra~2/gnuarm~1/102021~1.10/bin/../lib/gcc/arm-none-eabi/10.3.1/thumb/v8-m.base/nofp\libgcc.a(divsf3.o)
 .debug_frame   0x00001b84       0x2c c:/progra~2/gnuarm~1/102021~1.10/bin/../lib/gcc/arm-none-eabi/10.3.1/thumb/v8-m.base/nofp\libgcc.a(eqsf2.o)
 .debug_frame   0x00001bb0       0x2c c:/progra~2/gnuarm~1/102021~1.10/bin/../lib/gcc/arm-none-eabi/10.3.1/thumb/v8-m.base/nofp\libgcc.a(gesf2.o)
 .debug_frame   0x00001bdc       0x2c c:/progra~2/gnuarm~1/102021~1.10/bin/../lib/gcc/arm-none-eabi/10.3.1/thumb/v8-m.base/nofp\libgcc.a(lesf2.o)
 .debug_frame   0x00001c08       0x30 c:/progra~2/gnuarm~1/102021~1.10/bin/../lib/gcc/arm-none-eabi/10.3.1/thumb/v8-m.base/nofp\libgcc.a(floatsisf.o)
 .debug_frame   0x00001c38       0x2c c:/progra~2/gnuarm~1/102021~1.10/bin/../lib/gcc/arm-none-eabi/10.3.1/thumb/v8-m.base/nofp\libgcc.a(floatunsisf.o)
 .debug_frame   0x00001c64       0x3c c:/progra~2/gnuarm~1/102021~1.10/bin/../lib/gcc/arm-none-eabi/10.3.1/thumb/v8-m.base/nofp\libgcc.a(divdf3.o)
 .debug_frame   0x00001ca0       0x2c c:/progra~2/gnuarm~1/102021~1.10/bin/../lib/gcc/arm-none-eabi/10.3.1/thumb/v8-m.base/nofp\libgcc.a(fixdfsi.o)
 .debug_frame   0x00001ccc       0x2c c:/progra~2/gnuarm~1/102021~1.10/bin/../lib/gcc/arm-none-eabi/10.3.1/thumb/v8-m.base/nofp\libgcc.a(floatsidf.o)
 .debug_frame   0x00001cf8       0x28 c:/progra~2/gnuarm~1/102021~1.10/bin/../lib/gcc/arm-none-eabi/10.3.1/../../../../arm-none-eabi/lib/thumb/v8-m.base/nofp\libg.a(lib_a-cxa_atexit.o)
 .debug_frame   0x00001d20       0x34 c:/progra~2/gnuarm~1/102021~1.10/bin/../lib/gcc/arm-none-eabi/10.3.1/../../../../arm-none-eabi/lib/thumb/v8-m.base/nofp\libg.a(lib_a-memcpy-stub.o)
 .debug_frame   0x00001d54       0x30 c:/progra~2/gnuarm~1/102021~1.10/bin/../lib/gcc/arm-none-eabi/10.3.1/../../../../arm-none-eabi/lib/thumb/v8-m.base/nofp\libg.a(lib_a-memmove.o)
 .debug_frame   0x00001d84       0x30 c:/progra~2/gnuarm~1/102021~1.10/bin/../lib/gcc/arm-none-eabi/10.3.1/../../../../arm-none-eabi/lib/thumb/v8-m.base/nofp\libg.a(lib_a-memset.o)
 .debug_frame   0x00001db4       0x3c c:/progra~2/gnuarm~1/102021~1.10/bin/../lib/gcc/arm-none-eabi/10.3.1/../../../../arm-none-eabi/lib/thumb/v8-m.base/nofp\libg.a(lib_a-__atexit.o)
 .debug_frame   0x00001df0       0x54 c:/progra~2/gnuarm~1/102021~1.10/bin/../lib/gcc/arm-none-eabi/10.3.1/../../../../arm-none-eabi/lib/thumb/v8-m.base/nofp\libg.a(lib_a-__call_atexit.o)
 .debug_frame   0x00001e44       0x28 c:/progra~2/gnuarm~1/102021~1.10/bin/../lib/gcc/arm-none-eabi/10.3.1/../../../../arm-none-eabi/lib/thumb/v8-m.base/nofp\libg.a(lib_a-atexit.o)
 .debug_frame   0x00001e6c       0x28 c:/progra~2/gnuarm~1/102021~1.10/bin/../lib/gcc/arm-none-eabi/10.3.1/../../../../arm-none-eabi/lib/thumb/v8-m.base/nofp\libg.a(lib_a-fini.o)
 .debug_frame   0x00001e94       0xb0 c:/progra~2/gnuarm~1/102021~1.10/bin/../lib/gcc/arm-none-eabi/10.3.1/../../../../arm-none-eabi/lib/thumb/v8-m.base/nofp\libg.a(lib_a-lock.o)
